[
  {
    "Resources": {
      "String0BA8456E": {
        "Type": "AWS::SSM::Parameter",
        "Properties": {
          "Type": "String",
          "Value": "abcdef",
          "Name": "/My/String/Parameter"
        }
      }
    }
  },
  {
    "Parameters": {
      "MyValueParameterCCC58B13": {
        "Type": "AWS::SSM::Parameter::Value<String>",
        "Default": "/My/String/Parameter"
      }
    },
    "Outputs": {
      "TheValue": {
        "Value": {
          "Ref": "MyValueParameterCCC58B13"
        }
      }
    }
  }
]