{
  "Resources": {
    "ObjectCreatedTopic92F47E19": {
      "Type": "AWS::SNS::Topic"
    },
    "ObjectCreatedTopicPolicyA938ECFC": {
      "Type": "AWS::SNS::TopicPolicy",
      "Properties": {
        "PolicyDocument": {
          "Statement": [
            {
              "Action": "sns:Publish",
              "Condition": {
                "ArnLike": {
                  "aws:SourceArn": {
                    "Fn::GetAtt": [
                      "MyBucketF68F3FF0",
                      "Arn"
                    ]
                  }
                }
              },
              "Effect": "Allow",
              "Principal": {
                "Service": "s3.amazonaws.com"
              },
              "Resource": {
                "Ref": "ObjectCreatedTopic92F47E19"
              },
              "Sid": "0"
            }
          ],
          "Version": "2012-10-17"
        },
        "Topics": [
          {
            "Ref": "ObjectCreatedTopic92F47E19"
          }
        ]
      }
    },
    "ObjectDeletedTopic2A914EC0": {
      "Type": "AWS::SNS::Topic"
    },
    "ObjectDeletedTopicPolicy026B02E6": {
      "Type": "AWS::SNS::TopicPolicy",
      "Properties": {
        "PolicyDocument": {
          "Statement": [
            {
              "Action": "sns:Publish",
              "Condition": {
                "ArnLike": {
                  "aws:SourceArn": {
                    "Fn::GetAtt": [
                      "MyBucketF68F3FF0",
                      "Arn"
                    ]
                  }
                }
              },
              "Effect": "Allow",
              "Principal": {
                "Service": "s3.amazonaws.com"
              },
              "Resource": {
                "Ref": "ObjectDeletedTopic2A914EC0"
              },
              "Sid": "0"
            }
          ],
          "Version": "2012-10-17"
        },
        "Topics": [
          {
            "Ref": "ObjectDeletedTopic2A914EC0"
          }
        ]
      }
    },
    "MyBucketF68F3FF0": {
      "Type": "AWS::S3::Bucket",
      "UpdateReplacePolicy": "Delete",
      "DeletionPolicy": "Delete"
    },
    "MyBucketNotifications46AC0CD2": {
      "Type": "Custom::S3BucketNotifications",
      "Properties": {
        "ServiceToken": {
          "Fn::GetAtt": [
            "BucketNotificationsHandler050a0587b7544547bf325f094a3db8347ECC3691",
            "Arn"
          ]
        },
        "BucketName": {
          "Ref": "MyBucketF68F3FF0"
        },
        "NotificationConfiguration": {
          "TopicConfigurations": [
            {
              "Id": "d734bdf93cfa3754e417ee0ac5c50c78",
              "Events": [
                "s3:ObjectCreated:*"
              ],
              "TopicArn": {
                "Ref": "ObjectCreatedTopic92F47E19"
              }
            },
            {
              "Id": "762fd392ed3e84132fe83fe692773aa4",
              "Events": [
                "s3:ObjectRemoved:*"
              ],
              "Filter": {
                "Key": {
                  "FilterRules": [
                    {
                      "Name": "suffix",
                      "Value": ".txt"
                    },
                    {
                      "Name": "prefix",
                      "Value": "foo/"
                    }
                  ]
                }
              },
              "TopicArn": {
                "Ref": "ObjectDeletedTopic2A914EC0"
              }
            }
          ]
        }
      },
      "DependsOn": [
        "ObjectCreatedTopicPolicyA938ECFC",
        "ObjectCreatedTopic92F47E19",
        "ObjectDeletedTopicPolicy026B02E6",
        "ObjectDeletedTopic2A914EC0"
      ]
    },
    "BucketNotificationsHandler050a0587b7544547bf325f094a3db834RoleB6FB88EC": {
      "Type": "AWS::IAM::Role",
      "Properties": {
        "AssumeRolePolicyDocument": {
          "Statement": [
            {
              "Action": "sts:AssumeRole",
              "Effect": "Allow",
              "Principal": {
                "Service": "lambda.amazonaws.com"
              }
            }
          ],
          "Version": "2012-10-17"
        },
        "ManagedPolicyArns": [
          {
            "Fn::Join": [
              "",
              [
                "arn:",
                {
                  "Ref": "AWS::Partition"
                },
                ":iam::aws:policy/service-role/AWSLambdaBasicExecutionRole"
              ]
            ]
          }
        ]
      }
    },
    "BucketNotificationsHandler050a0587b7544547bf325f094a3db834RoleDefaultPolicy2CF63D36": {
      "Type": "AWS::IAM::Policy",
      "Properties": {
        "PolicyDocument": {
          "Statement": [
            {
              "Action": [
                "s3:PutBucketNotification",
                "s3:GetBucketNotification"
              ],
              "Effect": "Allow",
              "Resource": "*"
            }
          ],
          "Version": "2012-10-17"
        },
        "PolicyName": "BucketNotificationsHandler050a0587b7544547bf325f094a3db834RoleDefaultPolicy2CF63D36",
        "Roles": [
          {
            "Ref": "BucketNotificationsHandler050a0587b7544547bf325f094a3db834RoleB6FB88EC"
          }
        ]
      }
    },
    "BucketNotificationsHandler050a0587b7544547bf325f094a3db8347ECC3691": {
      "Type": "AWS::Lambda::Function",
      "Properties": {
        "Description": "AWS CloudFormation handler for \"Custom::S3BucketNotifications\" resources (@aws-cdk/aws-s3)",
        "Code": {
          "ZipFile": "import boto3  # type: ignore\nimport json\nimport urllib.request\nfrom typing import List\n\nTYPES = [\n    [\"TopicConfigurations\", \"TopicArn\"],\n    [\"QueueConfigurations\", \"QueueArn\"],\n    [\"LambdaFunctionConfigurations\", \"LambdaFunctionArn\"],\n]\ns3 = boto3.client(\"s3\")\n\n\ndef handler(event: dict, context):\n    response_status = \"SUCCESS\"\n    error_message = \"\"\n    try:\n        props = event[\"ResourceProperties\"]\n        bucket = props[\"BucketName\"]\n        config = prepare_config(\n            current_config=s3.get_bucket_notification_configuration(Bucket=bucket),\n            in_config=props[\"NotificationConfiguration\"],\n            old_config=event.get(\"OldResourceProperties\", {}).get(\"NotificationConfiguration\", {}),\n            request_type=event[\"RequestType\"],\n        )\n        s3.put_bucket_notification_configuration(Bucket=bucket, NotificationConfiguration=config)\n    except Exception as e:\n        print(\"Failed to put bucket notification configuration:\", e)\n        response_status = \"FAILED\"\n        error_message = f\"Error: {str(e)}. \"\n    finally:\n        submit_response(event, context, response_status, error_message)\n\n\ndef prepare_config(current_config: dict, in_config: dict, old_config: dict, request_type: str) -> dict:\n    config: dict = {}\n    for config_pair in TYPES:\n        config_type, target = config_pair\n        in_configs = in_config.get(config_type, [])\n        old_configs = old_config.get(config_type, [])\n        config[config_type] = find_unmanaged_notifications(current_config, config_type, in_configs, old_configs)\n        if request_type == \"Create\":\n            config[config_type].extend(in_configs)\n        elif request_type == \"Update\":\n            config[config_type].extend(find_new_notifications(target, in_configs, old_configs))\n    return config\n\n\ndef find_unmanaged_notifications(config: dict, config_type: str, in_configs: List, old_configs: List) -> List:\n    remove_ids = ids(in_configs + old_configs)\n    return [item for item in config.get(config_type, []) if item[\"Id\"] not in remove_ids]\n\n\ndef find_new_notifications(target: str, in_configs: List, old_configs: List) -> List:\n    items = []\n    for in_item in in_configs:\n        if any(\n            old_item.get(\"Events\") == in_item.get(\"Events\") and old_item.get(target) == in_item.get(target)\n            for old_item in old_configs\n        ):\n            continue\n        items.append(in_item)\n    return items\n\n\ndef ids(configs: List) -> List[str]:\n    return [item[\"Id\"] for item in configs if \"Id\" in item]\n\n\ndef submit_response(event: dict, context, response_status: str, error_message: str):\n    response_body = json.dumps(\n        {\n            \"Status\": response_status,\n            \"Reason\": f\"{error_message}See the details in CloudWatch Log Stream: {context.log_stream_name}\",\n            \"PhysicalResourceId\": event.get(\"PhysicalResourceId\") or event[\"LogicalResourceId\"],\n            \"StackId\": event[\"StackId\"],\n            \"RequestId\": event[\"RequestId\"],\n            \"LogicalResourceId\": event[\"LogicalResourceId\"],\n            \"NoEcho\": False,\n        }\n    ).encode(\"utf-8\")\n    headers = {\"content-type\": \"\", \"content-length\": str(len(response_body))}\n    try:\n        req = urllib.request.Request(url=event[\"ResponseURL\"], headers=headers, data=response_body, method=\"PUT\")\n        with urllib.request.urlopen(req) as response:\n            print(response.read().decode(\"utf-8\"))\n        print(\"Status code: \" + response.reason)\n    except Exception as e:\n        print(\"send(..) failed executing request.urlopen(..): \" + str(e))\n"
        },
        "Handler": "index.handler",
        "Role": {
          "Fn::GetAtt": [
            "BucketNotificationsHandler050a0587b7544547bf325f094a3db834RoleB6FB88EC",
            "Arn"
          ]
        },
        "Runtime": "python3.8",
        "Timeout": 300
      },
      "DependsOn": [
        "BucketNotificationsHandler050a0587b7544547bf325f094a3db834RoleDefaultPolicy2CF63D36",
        "BucketNotificationsHandler050a0587b7544547bf325f094a3db834RoleB6FB88EC"
      ]
    }
  }
}