{
  "Resources": {
    "VPCB9E5F0B4": {
      "Type": "AWS::EC2::VPC",
      "Properties": {
        "CidrBlock": "10.0.0.0/16",
        "EnableDnsHostnames": true,
        "EnableDnsSupport": true,
        "InstanceTenancy": "default",
        "Tags": [
          {
            "Key": "Name",
            "Value": "aws-cdk-autoscaling-integ/VPC"
          }
        ]
      }
    },
    "VPCPublicSubnet1SubnetB4246D30": {
      "Type": "AWS::EC2::Subnet",
      "Properties": {
        "CidrBlock": "10.0.0.0/18",
        "VpcId": {
          "Ref": "VPCB9E5F0B4"
        },
        "AvailabilityZone": "test-region-1a",
        "MapPublicIpOnLaunch": true,
        "Tags": [
          {
            "Key": "Name",
            "Value": "aws-cdk-autoscaling-integ/VPC/PublicSubnet1"
          },
          {
            "Key": "aws-cdk:subnet-name",
            "Value": "Public"
          },
          {
            "Key": "aws-cdk:subnet-type",
            "Value": "Public"
          }
        ]
      }
    },
    "VPCPublicSubnet1RouteTableFEE4B781": {
      "Type": "AWS::EC2::RouteTable",
      "Properties": {
        "VpcId": {
          "Ref": "VPCB9E5F0B4"
        },
        "Tags": [
          {
            "Key": "Name",
            "Value": "aws-cdk-autoscaling-integ/VPC/PublicSubnet1"
          }
        ]
      }
    },
    "VPCPublicSubnet1RouteTableAssociation0B0896DC": {
      "Type": "AWS::EC2::SubnetRouteTableAssociation",
      "Properties": {
        "RouteTableId": {
          "Ref": "VPCPublicSubnet1RouteTableFEE4B781"
        },
        "SubnetId": {
          "Ref": "VPCPublicSubnet1SubnetB4246D30"
        }
      }
    },
    "VPCPublicSubnet1DefaultRoute91CEF279": {
      "Type": "AWS::EC2::Route",
      "Properties": {
        "RouteTableId": {
          "Ref": "VPCPublicSubnet1RouteTableFEE4B781"
        },
        "DestinationCidrBlock": "0.0.0.0/0",
        "GatewayId": {
          "Ref": "VPCIGWB7E252D3"
        }
      },
      "DependsOn": [
        "VPCVPCGW99B986DC"
      ]
    },
    "VPCPublicSubnet1EIP6AD938E8": {
      "Type": "AWS::EC2::EIP",
      "Properties": {
        "Domain": "vpc",
        "Tags": [
          {
            "Key": "Name",
            "Value": "aws-cdk-autoscaling-integ/VPC/PublicSubnet1"
          }
        ]
      }
    },
    "VPCPublicSubnet1NATGatewayE0556630": {
      "Type": "AWS::EC2::NatGateway",
      "Properties": {
        "AllocationId": {
          "Fn::GetAtt": [
            "VPCPublicSubnet1EIP6AD938E8",
            "AllocationId"
          ]
        },
        "SubnetId": {
          "Ref": "VPCPublicSubnet1SubnetB4246D30"
        },
        "Tags": [
          {
            "Key": "Name",
            "Value": "aws-cdk-autoscaling-integ/VPC/PublicSubnet1"
          }
        ]
      }
    },
    "VPCPublicSubnet2Subnet74179F39": {
      "Type": "AWS::EC2::Subnet",
      "Properties": {
        "CidrBlock": "10.0.64.0/18",
        "VpcId": {
          "Ref": "VPCB9E5F0B4"
        },
        "AvailabilityZone": "test-region-1b",
        "MapPublicIpOnLaunch": true,
        "Tags": [
          {
            "Key": "Name",
            "Value": "aws-cdk-autoscaling-integ/VPC/PublicSubnet2"
          },
          {
            "Key": "aws-cdk:subnet-name",
            "Value": "Public"
          },
          {
            "Key": "aws-cdk:subnet-type",
            "Value": "Public"
          }
        ]
      }
    },
    "VPCPublicSubnet2RouteTable6F1A15F1": {
      "Type": "AWS::EC2::RouteTable",
      "Properties": {
        "VpcId": {
          "Ref": "VPCB9E5F0B4"
        },
        "Tags": [
          {
            "Key": "Name",
            "Value": "aws-cdk-autoscaling-integ/VPC/PublicSubnet2"
          }
        ]
      }
    },
    "VPCPublicSubnet2RouteTableAssociation5A808732": {
      "Type": "AWS::EC2::SubnetRouteTableAssociation",
      "Properties": {
        "RouteTableId": {
          "Ref": "VPCPublicSubnet2RouteTable6F1A15F1"
        },
        "SubnetId": {
          "Ref": "VPCPublicSubnet2Subnet74179F39"
        }
      }
    },
    "VPCPublicSubnet2DefaultRouteB7481BBA": {
      "Type": "AWS::EC2::Route",
      "Properties": {
        "RouteTableId": {
          "Ref": "VPCPublicSubnet2RouteTable6F1A15F1"
        },
        "DestinationCidrBlock": "0.0.0.0/0",
        "GatewayId": {
          "Ref": "VPCIGWB7E252D3"
        }
      },
      "DependsOn": [
        "VPCVPCGW99B986DC"
      ]
    },
    "VPCPublicSubnet2EIP4947BC00": {
      "Type": "AWS::EC2::EIP",
      "Properties": {
        "Domain": "vpc",
        "Tags": [
          {
            "Key": "Name",
            "Value": "aws-cdk-autoscaling-integ/VPC/PublicSubnet2"
          }
        ]
      }
    },
    "VPCPublicSubnet2NATGateway3C070193": {
      "Type": "AWS::EC2::NatGateway",
      "Properties": {
        "AllocationId": {
          "Fn::GetAtt": [
            "VPCPublicSubnet2EIP4947BC00",
            "AllocationId"
          ]
        },
        "SubnetId": {
          "Ref": "VPCPublicSubnet2Subnet74179F39"
        },
        "Tags": [
          {
            "Key": "Name",
            "Value": "aws-cdk-autoscaling-integ/VPC/PublicSubnet2"
          }
        ]
      }
    },
    "VPCPrivateSubnet1Subnet8BCA10E0": {
      "Type": "AWS::EC2::Subnet",
      "Properties": {
        "CidrBlock": "10.0.128.0/18",
        "VpcId": {
          "Ref": "VPCB9E5F0B4"
        },
        "AvailabilityZone": "test-region-1a",
        "MapPublicIpOnLaunch": false,
        "Tags": [
          {
            "Key": "Name",
            "Value": "aws-cdk-autoscaling-integ/VPC/PrivateSubnet1"
          },
          {
            "Key": "aws-cdk:subnet-name",
            "Value": "Private"
          },
          {
            "Key": "aws-cdk:subnet-type",
            "Value": "Private"
          }
        ]
      }
    },
    "VPCPrivateSubnet1RouteTableBE8A6027": {
      "Type": "AWS::EC2::RouteTable",
      "Properties": {
        "VpcId": {
          "Ref": "VPCB9E5F0B4"
        },
        "Tags": [
          {
            "Key": "Name",
            "Value": "aws-cdk-autoscaling-integ/VPC/PrivateSubnet1"
          }
        ]
      }
    },
    "VPCPrivateSubnet1RouteTableAssociation347902D1": {
      "Type": "AWS::EC2::SubnetRouteTableAssociation",
      "Properties": {
        "RouteTableId": {
          "Ref": "VPCPrivateSubnet1RouteTableBE8A6027"
        },
        "SubnetId": {
          "Ref": "VPCPrivateSubnet1Subnet8BCA10E0"
        }
      }
    },
    "VPCPrivateSubnet1DefaultRouteAE1D6490": {
      "Type": "AWS::EC2::Route",
      "Properties": {
        "RouteTableId": {
          "Ref": "VPCPrivateSubnet1RouteTableBE8A6027"
        },
        "DestinationCidrBlock": "0.0.0.0/0",
        "NatGatewayId": {
          "Ref": "VPCPublicSubnet1NATGatewayE0556630"
        }
      }
    },
    "VPCPrivateSubnet2SubnetCFCDAA7A": {
      "Type": "AWS::EC2::Subnet",
      "Properties": {
        "CidrBlock": "10.0.192.0/18",
        "VpcId": {
          "Ref": "VPCB9E5F0B4"
        },
        "AvailabilityZone": "test-region-1b",
        "MapPublicIpOnLaunch": false,
        "Tags": [
          {
            "Key": "Name",
            "Value": "aws-cdk-autoscaling-integ/VPC/PrivateSubnet2"
          },
          {
            "Key": "aws-cdk:subnet-name",
            "Value": "Private"
          },
          {
            "Key": "aws-cdk:subnet-type",
            "Value": "Private"
          }
        ]
      }
    },
    "VPCPrivateSubnet2RouteTable0A19E10E": {
      "Type": "AWS::EC2::RouteTable",
      "Properties": {
        "VpcId": {
          "Ref": "VPCB9E5F0B4"
        },
        "Tags": [
          {
            "Key": "Name",
            "Value": "aws-cdk-autoscaling-integ/VPC/PrivateSubnet2"
          }
        ]
      }
    },
    "VPCPrivateSubnet2RouteTableAssociation0C73D413": {
      "Type": "AWS::EC2::SubnetRouteTableAssociation",
      "Properties": {
        "RouteTableId": {
          "Ref": "VPCPrivateSubnet2RouteTable0A19E10E"
        },
        "SubnetId": {
          "Ref": "VPCPrivateSubnet2SubnetCFCDAA7A"
        }
      }
    },
    "VPCPrivateSubnet2DefaultRouteF4F5CFD2": {
      "Type": "AWS::EC2::Route",
      "Properties": {
        "RouteTableId": {
          "Ref": "VPCPrivateSubnet2RouteTable0A19E10E"
        },
        "DestinationCidrBlock": "0.0.0.0/0",
        "NatGatewayId": {
          "Ref": "VPCPublicSubnet2NATGateway3C070193"
        }
      }
    },
    "VPCIGWB7E252D3": {
      "Type": "AWS::EC2::InternetGateway",
      "Properties": {
        "Tags": [
          {
            "Key": "Name",
            "Value": "aws-cdk-autoscaling-integ/VPC"
          }
        ]
      }
    },
    "VPCVPCGW99B986DC": {
      "Type": "AWS::EC2::VPCGatewayAttachment",
      "Properties": {
        "VpcId": {
          "Ref": "VPCB9E5F0B4"
        },
        "InternetGatewayId": {
          "Ref": "VPCIGWB7E252D3"
        }
      }
    },
    "ASGInstanceSecurityGroup0525485D": {
      "Type": "AWS::EC2::SecurityGroup",
      "Properties": {
        "GroupDescription": "aws-cdk-autoscaling-integ/ASG/InstanceSecurityGroup",
        "SecurityGroupEgress": [
          {
            "CidrIp": "0.0.0.0/0",
            "Description": "Allow all outbound traffic by default",
            "IpProtocol": "-1"
          }
        ],
        "Tags": [
          {
            "Key": "Name",
            "Value": "aws-cdk-autoscaling-integ/ASG"
          }
        ],
        "VpcId": {
          "Ref": "VPCB9E5F0B4"
        }
      }
    },
    "ASGInstanceRoleE263A41B": {
      "Type": "AWS::IAM::Role",
      "Properties": {
        "AssumeRolePolicyDocument": {
          "Statement": [
            {
              "Action": "sts:AssumeRole",
              "Effect": "Allow",
              "Principal": {
                "Service": {
                  "Fn::Join": [
                    "",
                    [
                      "ec2.",
                      {
                        "Ref": "AWS::URLSuffix"
                      }
                    ]
                  ]
                }
              }
            }
          ],
          "Version": "2012-10-17"
        },
        "Tags": [
          {
            "Key": "Name",
            "Value": "aws-cdk-autoscaling-integ/ASG"
          }
        ]
      }
    },
    "ASGInstanceProfile0A2834D7": {
      "Type": "AWS::IAM::InstanceProfile",
      "Properties": {
        "Roles": [
          {
            "Ref": "ASGInstanceRoleE263A41B"
          }
        ]
      }
    },
    "ASGLaunchTemplate550B5B17": {
      "Type": "AWS::EC2::LaunchTemplate",
      "Properties": {
        "LaunchTemplateData": {
          "IamInstanceProfile": {
            "Arn": {
              "Fn::GetAtt": [
                "ASGInstanceProfile0A2834D7",
                "Arn"
              ]
            }
          },
          "ImageId": {
            "Ref": "SsmParameterValueawsserviceamiamazonlinuxlatestamzn2amihvmx8664gp2C96584B6F00A464EAD1953AFF4B05118Parameter"
          },
          "InstanceType": "t3.micro",
          "SecurityGroupIds": [
            {
              "Fn::GetAtt": [
                "ASGInstanceSecurityGroup0525485D",
                "GroupId"
              ]
            }
          ],
          "UserData": {
            "Fn::Base64": "#!/bin/bash"
          }
        }
      }
    },
    "ASG46ED3070": {
      "Type": "AWS::AutoScaling::AutoScalingGroup",
      "Properties": {
        "MaxSize": "2",
        "MinSize": "2",
        "MixedInstancesPolicy": {
          "InstancesDistribution": {
            "OnDemandBaseCapacity": 0,
            "OnDemandPercentageAboveBaseCapacity": 0,
            "SpotAllocationStrategy": "lowest-price",
            "SpotInstancePools": 10
          },
          "LaunchTemplate": {
            "LaunchTemplateSpecification": {
              "LaunchTemplateId": {
                "Ref": "ASGLaunchTemplate550B5B17"
              },
              "Version": "1"
            },
            "Overrides": [
              {
                "InstanceType": "t3.medium"
              },
              {
                "InstanceType": "t3.large"
              },
              {
                "InstanceType": "t3.small"
              }
            ]
          }
        },
        "Tags": [
          {
            "Key": "Name",
            "PropagateAtLaunch": true,
            "Value": "aws-cdk-autoscaling-integ/ASG"
          }
        ],
        "VPCZoneIdentifier": [
          {
            "Ref": "VPCPrivateSubnet1Subnet8BCA10E0"
          },
          {
            "Ref": "VPCPrivateSubnet2SubnetCFCDAA7A"
          }
        ]
      },
      "UpdatePolicy": {
        "AutoScalingScheduledAction": {
          "IgnoreUnmodifiedGroupSizeProperties": true
        }
      }
    }
  },
  "Parameters": {
    "SsmParameterValueawsserviceamiamazonlinuxlatestamzn2amihvmx8664gp2C96584B6F00A464EAD1953AFF4B05118Parameter": {
      "Type": "AWS::SSM::Parameter::Value<AWS::EC2::Image::Id>",
      "Default": "/aws/service/ami-amazon-linux-latest/amzn2-ami-hvm-x86_64-gp2"
    }
  }
}