{
  "Resources": {
    "myhandlerServiceRole77891068": {
      "Type": "AWS::IAM::Role",
      "Properties": {
        "AssumeRolePolicyDocument": {
          "Statement": [
            {
              "Action": "sts:AssumeRole",
              "Effect": "Allow",
              "Principal": {
                "Service": "lambda.amazonaws.com"
              }
            }
          ],
          "Version": "2012-10-17"
        },
        "ManagedPolicyArns": [
          {
            "Fn::Join": [
              "",
              [
                "arn:",
                {
                  "Ref": "AWS::Partition"
                },
                ":iam::aws:policy/service-role/AWSLambdaBasicExecutionRole"
              ]
            ]
          }
        ]
      }
    },
    "myhandlerD202FA8E": {
      "Type": "AWS::Lambda::Function",
      "Properties": {
        "Code": {
          "S3Bucket": {
            "Ref": "AssetParameters6327fef54763f920a63cab392d9bd4bc9b14917985a3f95700fcd35610b5e83cS3Bucket4A9639D9"
          },
          "S3Key": {
            "Fn::Join": [
              "",
              [
                {
                  "Fn::Select": [
                    0,
                    {
                      "Fn::Split": [
                        "||",
                        {
                          "Ref": "AssetParameters6327fef54763f920a63cab392d9bd4bc9b14917985a3f95700fcd35610b5e83cS3VersionKeyCEC48E41"
                        }
                      ]
                    }
                  ]
                },
                {
                  "Fn::Select": [
                    1,
                    {
                      "Fn::Split": [
                        "||",
                        {
                          "Ref": "AssetParameters6327fef54763f920a63cab392d9bd4bc9b14917985a3f95700fcd35610b5e83cS3VersionKeyCEC48E41"
                        }
                      ]
                    }
                  ]
                }
              ]
            ]
          }
        },
        "Handler": "index.handler",
        "Role": {
          "Fn::GetAtt": [
            "myhandlerServiceRole77891068",
            "Arn"
          ]
        },
        "Runtime": "python3.7"
      },
      "DependsOn": [
        "myhandlerServiceRole77891068"
      ]
    }
  },
  "Parameters": {
    "AssetParameters6327fef54763f920a63cab392d9bd4bc9b14917985a3f95700fcd35610b5e83cS3Bucket4A9639D9": {
      "Type": "String",
      "Description": "S3 bucket for asset \"6327fef54763f920a63cab392d9bd4bc9b14917985a3f95700fcd35610b5e83c\""
    },
    "AssetParameters6327fef54763f920a63cab392d9bd4bc9b14917985a3f95700fcd35610b5e83cS3VersionKeyCEC48E41": {
      "Type": "String",
      "Description": "S3 key for asset version \"6327fef54763f920a63cab392d9bd4bc9b14917985a3f95700fcd35610b5e83c\""
    },
    "AssetParameters6327fef54763f920a63cab392d9bd4bc9b14917985a3f95700fcd35610b5e83cArtifactHash2886A553": {
      "Type": "String",
      "Description": "Artifact hash for asset \"6327fef54763f920a63cab392d9bd4bc9b14917985a3f95700fcd35610b5e83c\""
    }
  },
  "Outputs": {
    "FunctionName": {
      "Value": {
        "Ref": "myhandlerD202FA8E"
      }
    }
  }
}