{
  "Resources": {
    "Dependencies1F4ECB40": {
      "Type": "AWS::Lambda::LayerVersion",
      "Properties": {
        "Content": {
          "S3Bucket": {
            "Ref": "AssetParameters3397ba4ef3c50816ae2f462f5e2f1940e703109a4383f656e75f1f77193fab9dS3Bucket9306E62D"
          },
          "S3Key": {
            "Fn::Join": [
              "",
              [
                {
                  "Fn::Select": [
                    0,
                    {
                      "Fn::Split": [
                        "||",
                        {
                          "Ref": "AssetParameters3397ba4ef3c50816ae2f462f5e2f1940e703109a4383f656e75f1f77193fab9dS3VersionKey2E5F887B"
                        }
                      ]
                    }
                  ]
                },
                {
                  "Fn::Select": [
                    1,
                    {
                      "Fn::Split": [
                        "||",
                        {
                          "Ref": "AssetParameters3397ba4ef3c50816ae2f462f5e2f1940e703109a4383f656e75f1f77193fab9dS3VersionKey2E5F887B"
                        }
                      ]
                    }
                  ]
                }
              ]
            ]
          }
        },
        "CompatibleRuntimes": [
          "python3.7"
        ]
      }
    },
    "SharedCode1DB9B405": {
      "Type": "AWS::Lambda::LayerVersion",
      "Properties": {
        "Content": {
          "S3Bucket": {
            "Ref": "AssetParameters047a67b3a9eadd5acb42903187d20feef00544ece1fc0d6c0390e582ccaf4272S3BucketB4E4B291"
          },
          "S3Key": {
            "Fn::Join": [
              "",
              [
                {
                  "Fn::Select": [
                    0,
                    {
                      "Fn::Split": [
                        "||",
                        {
                          "Ref": "AssetParameters047a67b3a9eadd5acb42903187d20feef00544ece1fc0d6c0390e582ccaf4272S3VersionKeyE93EB7A3"
                        }
                      ]
                    }
                  ]
                },
                {
                  "Fn::Select": [
                    1,
                    {
                      "Fn::Split": [
                        "||",
                        {
                          "Ref": "AssetParameters047a67b3a9eadd5acb42903187d20feef00544ece1fc0d6c0390e582ccaf4272S3VersionKeyE93EB7A3"
                        }
                      ]
                    }
                  ]
                }
              ]
            ]
          }
        },
        "CompatibleRuntimes": [
          "python3.7"
        ]
      }
    },
    "myhandlerServiceRole77891068": {
      "Type": "AWS::IAM::Role",
      "Properties": {
        "AssumeRolePolicyDocument": {
          "Statement": [
            {
              "Action": "sts:AssumeRole",
              "Effect": "Allow",
              "Principal": {
                "Service": "lambda.amazonaws.com"
              }
            }
          ],
          "Version": "2012-10-17"
        },
        "ManagedPolicyArns": [
          {
            "Fn::Join": [
              "",
              [
                "arn:",
                {
                  "Ref": "AWS::Partition"
                },
                ":iam::aws:policy/service-role/AWSLambdaBasicExecutionRole"
              ]
            ]
          }
        ]
      }
    },
    "myhandlerD202FA8E": {
      "Type": "AWS::Lambda::Function",
      "Properties": {
        "Code": {
          "S3Bucket": {
            "Ref": "AssetParameters578d0a0233066ae39aa9e0ba5e001e2916e579f7271a07c14de090079e9f74bbS3Bucket2DE163C2"
          },
          "S3Key": {
            "Fn::Join": [
              "",
              [
                {
                  "Fn::Select": [
                    0,
                    {
                      "Fn::Split": [
                        "||",
                        {
                          "Ref": "AssetParameters578d0a0233066ae39aa9e0ba5e001e2916e579f7271a07c14de090079e9f74bbS3VersionKeyA302843D"
                        }
                      ]
                    }
                  ]
                },
                {
                  "Fn::Select": [
                    1,
                    {
                      "Fn::Split": [
                        "||",
                        {
                          "Ref": "AssetParameters578d0a0233066ae39aa9e0ba5e001e2916e579f7271a07c14de090079e9f74bbS3VersionKeyA302843D"
                        }
                      ]
                    }
                  ]
                }
              ]
            ]
          }
        },
        "Handler": "index.handler",
        "Role": {
          "Fn::GetAtt": [
            "myhandlerServiceRole77891068",
            "Arn"
          ]
        },
        "Runtime": "python3.7",
        "Layers": [
          {
            "Ref": "Dependencies1F4ECB40"
          },
          {
            "Ref": "SharedCode1DB9B405"
          }
        ]
      },
      "DependsOn": [
        "myhandlerServiceRole77891068"
      ]
    }
  },
  "Parameters": {
    "AssetParameters3397ba4ef3c50816ae2f462f5e2f1940e703109a4383f656e75f1f77193fab9dS3Bucket9306E62D": {
      "Type": "String",
      "Description": "S3 bucket for asset \"3397ba4ef3c50816ae2f462f5e2f1940e703109a4383f656e75f1f77193fab9d\""
    },
    "AssetParameters3397ba4ef3c50816ae2f462f5e2f1940e703109a4383f656e75f1f77193fab9dS3VersionKey2E5F887B": {
      "Type": "String",
      "Description": "S3 key for asset version \"3397ba4ef3c50816ae2f462f5e2f1940e703109a4383f656e75f1f77193fab9d\""
    },
    "AssetParameters3397ba4ef3c50816ae2f462f5e2f1940e703109a4383f656e75f1f77193fab9dArtifactHash9CB01E76": {
      "Type": "String",
      "Description": "Artifact hash for asset \"3397ba4ef3c50816ae2f462f5e2f1940e703109a4383f656e75f1f77193fab9d\""
    },
    "AssetParameters047a67b3a9eadd5acb42903187d20feef00544ece1fc0d6c0390e582ccaf4272S3BucketB4E4B291": {
      "Type": "String",
      "Description": "S3 bucket for asset \"047a67b3a9eadd5acb42903187d20feef00544ece1fc0d6c0390e582ccaf4272\""
    },
    "AssetParameters047a67b3a9eadd5acb42903187d20feef00544ece1fc0d6c0390e582ccaf4272S3VersionKeyE93EB7A3": {
      "Type": "String",
      "Description": "S3 key for asset version \"047a67b3a9eadd5acb42903187d20feef00544ece1fc0d6c0390e582ccaf4272\""
    },
    "AssetParameters047a67b3a9eadd5acb42903187d20feef00544ece1fc0d6c0390e582ccaf4272ArtifactHash9C13C6C4": {
      "Type": "String",
      "Description": "Artifact hash for asset \"047a67b3a9eadd5acb42903187d20feef00544ece1fc0d6c0390e582ccaf4272\""
    },
    "AssetParameters578d0a0233066ae39aa9e0ba5e001e2916e579f7271a07c14de090079e9f74bbS3Bucket2DE163C2": {
      "Type": "String",
      "Description": "S3 bucket for asset \"578d0a0233066ae39aa9e0ba5e001e2916e579f7271a07c14de090079e9f74bb\""
    },
    "AssetParameters578d0a0233066ae39aa9e0ba5e001e2916e579f7271a07c14de090079e9f74bbS3VersionKeyA302843D": {
      "Type": "String",
      "Description": "S3 key for asset version \"578d0a0233066ae39aa9e0ba5e001e2916e579f7271a07c14de090079e9f74bb\""
    },
    "AssetParameters578d0a0233066ae39aa9e0ba5e001e2916e579f7271a07c14de090079e9f74bbArtifactHashE407F774": {
      "Type": "String",
      "Description": "Artifact hash for asset \"578d0a0233066ae39aa9e0ba5e001e2916e579f7271a07c14de090079e9f74bb\""
    }
  },
  "Outputs": {
    "FunctionArn": {
      "Value": {
        "Fn::GetAtt": [
          "myhandlerD202FA8E",
          "Arn"
        ]
      }
    }
  }
}