{
  "Resources": {
    "myhandlerServiceRole77891068": {
      "Type": "AWS::IAM::Role",
      "Properties": {
        "AssumeRolePolicyDocument": {
          "Statement": [
            {
              "Action": "sts:AssumeRole",
              "Effect": "Allow",
              "Principal": {
                "Service": "lambda.amazonaws.com"
              }
            }
          ],
          "Version": "2012-10-17"
        },
        "ManagedPolicyArns": [
          {
            "Fn::Join": [
              "",
              [
                "arn:",
                {
                  "Ref": "AWS::Partition"
                },
                ":iam::aws:policy/service-role/AWSLambdaBasicExecutionRole"
              ]
            ]
          }
        ]
      }
    },
    "myhandlerD202FA8E": {
      "Type": "AWS::Lambda::Function",
      "Properties": {
        "Code": {
          "S3Bucket": {
            "Ref": "AssetParameters9cfabaa2bd5c0a3b7266875cf952134fdc9efa29271e0dba1c02f01544f1f182S3BucketBDA41417"
          },
          "S3Key": {
            "Fn::Join": [
              "",
              [
                {
                  "Fn::Select": [
                    0,
                    {
                      "Fn::Split": [
                        "||",
                        {
                          "Ref": "AssetParameters9cfabaa2bd5c0a3b7266875cf952134fdc9efa29271e0dba1c02f01544f1f182S3VersionKeyD3BD692B"
                        }
                      ]
                    }
                  ]
                },
                {
                  "Fn::Select": [
                    1,
                    {
                      "Fn::Split": [
                        "||",
                        {
                          "Ref": "AssetParameters9cfabaa2bd5c0a3b7266875cf952134fdc9efa29271e0dba1c02f01544f1f182S3VersionKeyD3BD692B"
                        }
                      ]
                    }
                  ]
                }
              ]
            ]
          }
        },
        "Handler": "index.handler",
        "Role": {
          "Fn::GetAtt": [
            "myhandlerServiceRole77891068",
            "Arn"
          ]
        },
        "Runtime": "python3.8",
        "Layers": [
          {
            "Ref": "myhandlerDependencies20391420"
          }
        ]
      },
      "DependsOn": [
        "myhandlerServiceRole77891068"
      ]
    },
    "myhandlerDependencies20391420": {
      "Type": "AWS::Lambda::LayerVersion",
      "Properties": {
        "Content": {
          "S3Bucket": {
            "Ref": "AssetParameters079d4ccb685e075f6d0c7037592beafae17712daec108a69b03c81581c401b19S3BucketB7BF1C0C"
          },
          "S3Key": {
            "Fn::Join": [
              "",
              [
                {
                  "Fn::Select": [
                    0,
                    {
                      "Fn::Split": [
                        "||",
                        {
                          "Ref": "AssetParameters079d4ccb685e075f6d0c7037592beafae17712daec108a69b03c81581c401b19S3VersionKeyB17DB22D"
                        }
                      ]
                    }
                  ]
                },
                {
                  "Fn::Select": [
                    1,
                    {
                      "Fn::Split": [
                        "||",
                        {
                          "Ref": "AssetParameters079d4ccb685e075f6d0c7037592beafae17712daec108a69b03c81581c401b19S3VersionKeyB17DB22D"
                        }
                      ]
                    }
                  ]
                }
              ]
            ]
          }
        },
        "CompatibleRuntimes": [
          "python3.8"
        ]
      }
    }
  },
  "Parameters": {
    "AssetParameters9cfabaa2bd5c0a3b7266875cf952134fdc9efa29271e0dba1c02f01544f1f182S3BucketBDA41417": {
      "Type": "String",
      "Description": "S3 bucket for asset \"9cfabaa2bd5c0a3b7266875cf952134fdc9efa29271e0dba1c02f01544f1f182\""
    },
    "AssetParameters9cfabaa2bd5c0a3b7266875cf952134fdc9efa29271e0dba1c02f01544f1f182S3VersionKeyD3BD692B": {
      "Type": "String",
      "Description": "S3 key for asset version \"9cfabaa2bd5c0a3b7266875cf952134fdc9efa29271e0dba1c02f01544f1f182\""
    },
    "AssetParameters9cfabaa2bd5c0a3b7266875cf952134fdc9efa29271e0dba1c02f01544f1f182ArtifactHashAE352ADF": {
      "Type": "String",
      "Description": "Artifact hash for asset \"9cfabaa2bd5c0a3b7266875cf952134fdc9efa29271e0dba1c02f01544f1f182\""
    },
    "AssetParameters079d4ccb685e075f6d0c7037592beafae17712daec108a69b03c81581c401b19S3BucketB7BF1C0C": {
      "Type": "String",
      "Description": "S3 bucket for asset \"079d4ccb685e075f6d0c7037592beafae17712daec108a69b03c81581c401b19\""
    },
    "AssetParameters079d4ccb685e075f6d0c7037592beafae17712daec108a69b03c81581c401b19S3VersionKeyB17DB22D": {
      "Type": "String",
      "Description": "S3 key for asset version \"079d4ccb685e075f6d0c7037592beafae17712daec108a69b03c81581c401b19\""
    },
    "AssetParameters079d4ccb685e075f6d0c7037592beafae17712daec108a69b03c81581c401b19ArtifactHashCBC6FC89": {
      "Type": "String",
      "Description": "Artifact hash for asset \"079d4ccb685e075f6d0c7037592beafae17712daec108a69b03c81581c401b19\""
    }
  },
  "Outputs": {
    "FunctionName": {
      "Value": {
        "Ref": "myhandlerD202FA8E"
      }
    }
  }
}