{
  "Resources": {
    "myhandlerServiceRole77891068": {
      "Type": "AWS::IAM::Role",
      "Properties": {
        "AssumeRolePolicyDocument": {
          "Statement": [
            {
              "Action": "sts:AssumeRole",
              "Effect": "Allow",
              "Principal": {
                "Service": "lambda.amazonaws.com"
              }
            }
          ],
          "Version": "2012-10-17"
        },
        "ManagedPolicyArns": [
          {
            "Fn::Join": [
              "",
              [
                "arn:",
                {
                  "Ref": "AWS::Partition"
                },
                ":iam::aws:policy/service-role/AWSLambdaBasicExecutionRole"
              ]
            ]
          }
        ]
      }
    },
    "myhandlerD202FA8E": {
      "Type": "AWS::Lambda::Function",
      "Properties": {
        "Code": {
          "S3Bucket": {
            "Ref": "AssetParameters1203a9be8ae9061c47ba52a99b48f4642d9a9dd1245661f29e01291b3027c146S3Bucket3C1B27E7"
          },
          "S3Key": {
            "Fn::Join": [
              "",
              [
                {
                  "Fn::Select": [
                    0,
                    {
                      "Fn::Split": [
                        "||",
                        {
                          "Ref": "AssetParameters1203a9be8ae9061c47ba52a99b48f4642d9a9dd1245661f29e01291b3027c146S3VersionKey5399E839"
                        }
                      ]
                    }
                  ]
                },
                {
                  "Fn::Select": [
                    1,
                    {
                      "Fn::Split": [
                        "||",
                        {
                          "Ref": "AssetParameters1203a9be8ae9061c47ba52a99b48f4642d9a9dd1245661f29e01291b3027c146S3VersionKey5399E839"
                        }
                      ]
                    }
                  ]
                }
              ]
            ]
          }
        },
        "Handler": "index.handler",
        "Role": {
          "Fn::GetAtt": [
            "myhandlerServiceRole77891068",
            "Arn"
          ]
        },
        "Runtime": "python3.8",
        "Layers": [
          {
            "Ref": "myhandlerDependencies20391420"
          }
        ]
      },
      "DependsOn": [
        "myhandlerServiceRole77891068"
      ]
    },
    "myhandlerDependencies20391420": {
      "Type": "AWS::Lambda::LayerVersion",
      "Properties": {
        "Content": {
          "S3Bucket": {
            "Ref": "AssetParameters14897387feec25ab5b5b5580d3d719b35b4356d305fbdef3e4c375f65bc85e74S3Bucket19C04B2B"
          },
          "S3Key": {
            "Fn::Join": [
              "",
              [
                {
                  "Fn::Select": [
                    0,
                    {
                      "Fn::Split": [
                        "||",
                        {
                          "Ref": "AssetParameters14897387feec25ab5b5b5580d3d719b35b4356d305fbdef3e4c375f65bc85e74S3VersionKey584CC1F8"
                        }
                      ]
                    }
                  ]
                },
                {
                  "Fn::Select": [
                    1,
                    {
                      "Fn::Split": [
                        "||",
                        {
                          "Ref": "AssetParameters14897387feec25ab5b5b5580d3d719b35b4356d305fbdef3e4c375f65bc85e74S3VersionKey584CC1F8"
                        }
                      ]
                    }
                  ]
                }
              ]
            ]
          }
        },
        "CompatibleRuntimes": [
          "python3.8"
        ]
      }
    }
  },
  "Parameters": {
    "AssetParameters1203a9be8ae9061c47ba52a99b48f4642d9a9dd1245661f29e01291b3027c146S3Bucket3C1B27E7": {
      "Type": "String",
      "Description": "S3 bucket for asset \"1203a9be8ae9061c47ba52a99b48f4642d9a9dd1245661f29e01291b3027c146\""
    },
    "AssetParameters1203a9be8ae9061c47ba52a99b48f4642d9a9dd1245661f29e01291b3027c146S3VersionKey5399E839": {
      "Type": "String",
      "Description": "S3 key for asset version \"1203a9be8ae9061c47ba52a99b48f4642d9a9dd1245661f29e01291b3027c146\""
    },
    "AssetParameters1203a9be8ae9061c47ba52a99b48f4642d9a9dd1245661f29e01291b3027c146ArtifactHash7BF8D27D": {
      "Type": "String",
      "Description": "Artifact hash for asset \"1203a9be8ae9061c47ba52a99b48f4642d9a9dd1245661f29e01291b3027c146\""
    },
    "AssetParameters14897387feec25ab5b5b5580d3d719b35b4356d305fbdef3e4c375f65bc85e74S3Bucket19C04B2B": {
      "Type": "String",
      "Description": "S3 bucket for asset \"14897387feec25ab5b5b5580d3d719b35b4356d305fbdef3e4c375f65bc85e74\""
    },
    "AssetParameters14897387feec25ab5b5b5580d3d719b35b4356d305fbdef3e4c375f65bc85e74S3VersionKey584CC1F8": {
      "Type": "String",
      "Description": "S3 key for asset version \"14897387feec25ab5b5b5580d3d719b35b4356d305fbdef3e4c375f65bc85e74\""
    },
    "AssetParameters14897387feec25ab5b5b5580d3d719b35b4356d305fbdef3e4c375f65bc85e74ArtifactHash31916E72": {
      "Type": "String",
      "Description": "Artifact hash for asset \"14897387feec25ab5b5b5580d3d719b35b4356d305fbdef3e4c375f65bc85e74\""
    }
  },
  "Outputs": {
    "FunctionName": {
      "Value": {
        "Ref": "myhandlerD202FA8E"
      }
    }
  }
}