{
  "Resources": {
    "TopicRule40A4EA44": {
      "Type": "AWS::IoT::TopicRule",
      "Properties": {
        "TopicRulePayload": {
          "Actions": [
            {
              "DynamoDBv2": {
                "PutItem": {
                  "TableName": {
                    "Ref": "MyTable794EDED1"
                  }
                },
                "RoleArn": {
                  "Fn::GetAtt": [
                    "TopicRuleTopicRuleActionRole246C4F77",
                    "Arn"
                  ]
                }
              }
            }
          ],
          "AwsIotSqlVersion": "2015-10-08",
          "RuleDisabled": false,
          "Sql": "SELECT topic(2) as device_id, timestamp() as timestamp, temperature FROM 'device/+/data'"
        }
      }
    },
    "TopicRuleTopicRuleActionRole246C4F77": {
      "Type": "AWS::IAM::Role",
      "Properties": {
        "AssumeRolePolicyDocument": {
          "Statement": [
            {
              "Action": "sts:AssumeRole",
              "Effect": "Allow",
              "Principal": {
                "Service": "iot.amazonaws.com"
              }
            }
          ],
          "Version": "2012-10-17"
        }
      }
    },
    "TopicRuleTopicRuleActionRoleDefaultPolicy99ADD687": {
      "Type": "AWS::IAM::Policy",
      "Properties": {
        "PolicyDocument": {
          "Statement": [
            {
              "Action": "dynamodb:PutItem",
              "Effect": "Allow",
              "Resource": [
                {
                  "Fn::GetAtt": [
                    "MyTable794EDED1",
                    "Arn"
                  ]
                },
                {
                  "Ref": "AWS::NoValue"
                }
              ]
            }
          ],
          "Version": "2012-10-17"
        },
        "PolicyName": "TopicRuleTopicRuleActionRoleDefaultPolicy99ADD687",
        "Roles": [
          {
            "Ref": "TopicRuleTopicRuleActionRole246C4F77"
          }
        ]
      }
    },
    "MyTable794EDED1": {
      "Type": "AWS::DynamoDB::Table",
      "Properties": {
        "KeySchema": [
          {
            "AttributeName": "device_id",
            "KeyType": "HASH"
          },
          {
            "AttributeName": "timestamp",
            "KeyType": "RANGE"
          }
        ],
        "AttributeDefinitions": [
          {
            "AttributeName": "device_id",
            "AttributeType": "S"
          },
          {
            "AttributeName": "timestamp",
            "AttributeType": "N"
          }
        ],
        "ProvisionedThroughput": {
          "ReadCapacityUnits": 5,
          "WriteCapacityUnits": 5
        }
      },
      "UpdateReplacePolicy": "Delete",
      "DeletionPolicy": "Delete"
    }
  }
}