{
  "Resources": {
    "JobExecutionRolePolicy6968CCB9": {
      "Type": "AWS::IAM::Policy",
      "Properties": {
        "PolicyDocument": {
          "Statement": [
            {
              "Action": [
                "s3:GetObject*",
                "s3:GetBucket*",
                "s3:List*",
                "s3:DeleteObject*",
                "s3:PutObject",
                "s3:Abort*"
              ],
              "Effect": "Allow",
              "Resource": [
                {
                  "Fn::GetAtt": [
                    "StartaJobRunMonitoringBucket899C33D9",
                    "Arn"
                  ]
                },
                {
                  "Fn::Join": [
                    "",
                    [
                      {
                        "Fn::GetAtt": [
                          "StartaJobRunMonitoringBucket899C33D9",
                          "Arn"
                        ]
                      },
                      "/*"
                    ]
                  ]
                }
              ]
            },
            {
              "Action": [
                "logs:CreateLogStream",
                "logs:PutLogEvents"
              ],
              "Effect": "Allow",
              "Resource": {
                "Fn::GetAtt": [
                  "StartaJobRunMonitoringLogGroupD033B7AF",
                  "Arn"
                ]
              }
            },
            {
              "Action": "logs:DescribeLogStreams",
              "Effect": "Allow",
              "Resource": {
                "Fn::GetAtt": [
                  "StartaJobRunMonitoringLogGroupD033B7AF",
                  "Arn"
                ]
              }
            },
            {
              "Action": "logs:DescribeLogGroups",
              "Effect": "Allow",
              "Resource": "arn:aws:logs:*:*:*"
            }
          ],
          "Version": "2012-10-17"
        },
        "PolicyName": "JobExecutionRolePolicy6968CCB9",
        "Roles": [
          "Job-Execution-Role"
        ]
      }
    },
    "StartaJobRunMonitoringLogGroupD033B7AF": {
      "Type": "AWS::Logs::LogGroup",
      "Properties": {
        "RetentionInDays": 731
      },
      "UpdateReplacePolicy": "Retain",
      "DeletionPolicy": "Retain"
    },
    "StartaJobRunMonitoringBucket899C33D9": {
      "Type": "AWS::S3::Bucket",
      "UpdateReplacePolicy": "Retain",
      "DeletionPolicy": "Retain"
    },
    "StartaJobRunMonitoringBucketPolicy74902CA8": {
      "Type": "AWS::S3::BucketPolicy",
      "Properties": {
        "Bucket": {
          "Ref": "StartaJobRunMonitoringBucket899C33D9"
        },
        "PolicyDocument": {
          "Statement": [
            {
              "Action": [
                "s3:GetObject*",
                "s3:GetBucket*",
                "s3:List*",
                "s3:DeleteObject*",
                "s3:PutObject",
                "s3:Abort*"
              ],
              "Effect": "Allow",
              "Principal": {
                "AWS": "arn:aws:iam::070850498885:role/Job-Execution-Role"
              },
              "Resource": [
                {
                  "Fn::GetAtt": [
                    "StartaJobRunMonitoringBucket899C33D9",
                    "Arn"
                  ]
                },
                {
                  "Fn::Join": [
                    "",
                    [
                      {
                        "Fn::GetAtt": [
                          "StartaJobRunMonitoringBucket899C33D9",
                          "Arn"
                        ]
                      },
                      "/*"
                    ]
                  ]
                }
              ]
            }
          ],
          "Version": "2012-10-17"
        }
      }
    },
    "StateMachineRoleB840431D": {
      "Type": "AWS::IAM::Role",
      "Properties": {
        "AssumeRolePolicyDocument": {
          "Statement": [
            {
              "Action": "sts:AssumeRole",
              "Effect": "Allow",
              "Principal": {
                "Service": {
                  "Fn::Join": [
                    "",
                    [
                      "states.",
                      {
                        "Ref": "AWS::Region"
                      },
                      ".amazonaws.com"
                    ]
                  ]
                }
              }
            }
          ],
          "Version": "2012-10-17"
        }
      }
    },
    "StateMachineRoleDefaultPolicyDF1E6607": {
      "Type": "AWS::IAM::Policy",
      "Properties": {
        "PolicyDocument": {
          "Statement": [
            {
              "Action": "emr-containers:CreateVirtualCluster",
              "Effect": "Allow",
              "Resource": "*"
            },
            {
              "Action": "iam:CreateServiceLinkedRole",
              "Condition": {
                "StringLike": {
                  "iam:AWSServiceName": "emr-containers.amazonaws.com"
                }
              },
              "Effect": "Allow",
              "Resource": {
                "Fn::Join": [
                  "",
                  [
                    "arn:",
                    {
                      "Ref": "AWS::Partition"
                    },
                    ":iam::",
                    {
                      "Ref": "AWS::AccountId"
                    },
                    ":role/aws-service-role/emr-containers.amazonaws.com/AWSServiceRoleForAmazonEMRContainers"
                  ]
                ]
              }
            },
            {
              "Action": "emr-containers:StartJobRun",
              "Condition": {
                "StringEquals": {
                  "emr-containers:ExecutionRoleArn": "arn:aws:iam::070850498885:role/Job-Execution-Role"
                }
              },
              "Effect": "Allow",
              "Resource": {
                "Fn::Join": [
                  "",
                  [
                    "arn:",
                    {
                      "Ref": "AWS::Partition"
                    },
                    ":emr-containers:",
                    {
                      "Ref": "AWS::Region"
                    },
                    ":",
                    {
                      "Ref": "AWS::AccountId"
                    },
                    ":/virtualclusters/*"
                  ]
                ]
              }
            },
            {
              "Action": [
                "emr-containers:DescribeJobRun",
                "emr-containers:CancelJobRun"
              ],
              "Effect": "Allow",
              "Resource": {
                "Fn::Join": [
                  "",
                  [
                    "arn:",
                    {
                      "Ref": "AWS::Partition"
                    },
                    ":emr-containers:",
                    {
                      "Ref": "AWS::Region"
                    },
                    ":",
                    {
                      "Ref": "AWS::AccountId"
                    },
                    ":/virtualclusters/*"
                  ]
                ]
              }
            },
            {
              "Action": "emr-containers:DeleteVirtualCluster",
              "Effect": "Allow",
              "Resource": {
                "Fn::Join": [
                  "",
                  [
                    "arn:",
                    {
                      "Ref": "AWS::Partition"
                    },
                    ":emr-containers:",
                    {
                      "Ref": "AWS::Region"
                    },
                    ":",
                    {
                      "Ref": "AWS::AccountId"
                    },
                    ":/virtualclusters/*"
                  ]
                ]
              }
            }
          ],
          "Version": "2012-10-17"
        },
        "PolicyName": "StateMachineRoleDefaultPolicyDF1E6607",
        "Roles": [
          {
            "Ref": "StateMachineRoleB840431D"
          }
        ]
      }
    },
    "StateMachine2E01A3A5": {
      "Type": "AWS::StepFunctions::StateMachine",
      "Properties": {
        "RoleArn": {
          "Fn::GetAtt": [
            "StateMachineRoleB840431D",
            "Arn"
          ]
        },
        "DefinitionString": {
          "Fn::Join": [
            "",
            [
              "{\"StartAt\":\"Create a virtual Cluster\",\"States\":{\"Create a virtual Cluster\":{\"Next\":\"Start a Job Run\",\"Type\":\"Task\",\"ResultPath\":\"$.cluster\",\"Resource\":\"arn:",
              {
                "Ref": "AWS::Partition"
              },
              ":states:::emr-containers:createVirtualCluster\",\"Parameters\":{\"Name\":\"Virtual-Cluster-Name\",\"ContainerProvider\":{\"Id\":\"test-eks\",\"Info\":{\"EksInfo\":{\"Namespace\":\"spark2\"}},\"Type\":\"EKS\"}}},\"Start a Job Run\":{\"Next\":\"Delete a Virtual Cluster\",\"Type\":\"Task\",\"ResultPath\":\"$.job\",\"Resource\":\"arn:",
              {
                "Ref": "AWS::Partition"
              },
              ":states:::emr-containers:startJobRun.sync\",\"Parameters\":{\"VirtualClusterId.$\":\"$.cluster.Id\",\"Name\":\"EMR-Containers-Job\",\"ExecutionRoleArn\":\"arn:aws:iam::070850498885:role/Job-Execution-Role\",\"ReleaseLabel\":\"emr-6.2.0-latest\",\"JobDriver\":{\"SparkSubmitJobDriver\":{\"EntryPoint\":\"local:///usr/lib/spark/examples/src/main/python/pi.py\",\"EntryPointArguments\":[\"2\"],\"SparkSubmitParameters\":\"--conf spark.driver.memory=512M --conf spark.kubernetes.driver.request.cores=0.2 --conf spark.kubernetes.executor.request.cores=0.2 --conf spark.sql.shuffle.partitions=60 --conf spark.dynamicAllocation.enabled=false\"}},\"ConfigurationOverrides\":{\"ApplicationConfiguration\":[{\"Classification\":\"spark-defaults\",\"Properties\":{\"spark.executor.instances\":\"1\",\"spark.executor.memory\":\"512M\"}}],\"MonitoringConfiguration\":{\"CloudWatchMonitoringConfiguration\":{\"LogGroupName\":\"",
              {
                "Ref": "StartaJobRunMonitoringLogGroupD033B7AF"
              },
              "\"},\"PersistentAppUI\":\"ENABLED\",\"S3MonitoringConfiguration\":{\"LogUri\":\"s3://",
              {
                "Ref": "StartaJobRunMonitoringBucket899C33D9"
              },
              "\"}}}}},\"Delete a Virtual Cluster\":{\"End\":true,\"Type\":\"Task\",\"Resource\":\"arn:",
              {
                "Ref": "AWS::Partition"
              },
              ":states:::emr-containers:deleteVirtualCluster\",\"Parameters\":{\"Id.$\":\"$.job.VirtualClusterId\"}}},\"TimeoutSeconds\":1200}"
            ]
          ]
        }
      },
      "DependsOn": [
        "StateMachineRoleDefaultPolicyDF1E6607",
        "StateMachineRoleB840431D"
      ]
    }
  },
  "Outputs": {
    "stateMachineArn": {
      "Value": {
        "Ref": "StateMachine2E01A3A5"
      }
    }
  }
}