{
  "Resources": {
    "Bucket83908E77": {
      "Type": "AWS::S3::Bucket",
      "UpdateReplacePolicy": "Delete",
      "DeletionPolicy": "Delete"
    },
    "BucketPolicyE9A3008A": {
      "Type": "AWS::S3::BucketPolicy",
      "Properties": {
        "Bucket": {
          "Ref": "Bucket83908E77"
        },
        "PolicyDocument": {
          "Statement": [
            {
              "Action": [
                "s3:GetObject*",
                "s3:GetBucket*",
                "s3:List*",
                "s3:DeleteObject*"
              ],
              "Effect": "Allow",
              "Principal": {
                "AWS": {
                  "Fn::GetAtt": [
                    "CustomS3AutoDeleteObjectsCustomResourceProviderRole3B1BD092",
                    "Arn"
                  ]
                }
              },
              "Resource": [
                {
                  "Fn::GetAtt": [
                    "Bucket83908E77",
                    "Arn"
                  ]
                },
                {
                  "Fn::Join": [
                    "",
                    [
                      {
                        "Fn::GetAtt": [
                          "Bucket83908E77",
                          "Arn"
                        ]
                      },
                      "/*"
                    ]
                  ]
                }
              ]
            }
          ],
          "Version": "2012-10-17"
        }
      }
    },
    "BucketAutoDeleteObjectsCustomResourceBAFD23C2": {
      "Type": "Custom::S3AutoDeleteObjects",
      "Properties": {
        "ServiceToken": {
          "Fn::GetAtt": [
            "CustomS3AutoDeleteObjectsCustomResourceProviderHandler9D90184F",
            "Arn"
          ]
        },
        "BucketName": {
          "Ref": "Bucket83908E77"
        }
      },
      "DependsOn": [
        "BucketPolicyE9A3008A"
      ],
      "UpdateReplacePolicy": "Delete",
      "DeletionPolicy": "Delete"
    },
    "CustomS3AutoDeleteObjectsCustomResourceProviderRole3B1BD092": {
      "Type": "AWS::IAM::Role",
      "Properties": {
        "AssumeRolePolicyDocument": {
          "Version": "2012-10-17",
          "Statement": [
            {
              "Action": "sts:AssumeRole",
              "Effect": "Allow",
              "Principal": {
                "Service": "lambda.amazonaws.com"
              }
            }
          ]
        },
        "ManagedPolicyArns": [
          {
            "Fn::Sub": "arn:${AWS::Partition}:iam::aws:policy/service-role/AWSLambdaBasicExecutionRole"
          }
        ]
      }
    },
    "CustomS3AutoDeleteObjectsCustomResourceProviderHandler9D90184F": {
      "Type": "AWS::Lambda::Function",
      "Properties": {
        "Code": {
          "S3Bucket": {
            "Ref": "AssetParameters94e60b8e13d1f4ded38f4813a8053fbe137c982a0b3c929daa8166d33f844316S3Bucket54B0BA6B"
          },
          "S3Key": {
            "Fn::Join": [
              "",
              [
                {
                  "Fn::Select": [
                    0,
                    {
                      "Fn::Split": [
                        "||",
                        {
                          "Ref": "AssetParameters94e60b8e13d1f4ded38f4813a8053fbe137c982a0b3c929daa8166d33f844316S3VersionKey5D05A836"
                        }
                      ]
                    }
                  ]
                },
                {
                  "Fn::Select": [
                    1,
                    {
                      "Fn::Split": [
                        "||",
                        {
                          "Ref": "AssetParameters94e60b8e13d1f4ded38f4813a8053fbe137c982a0b3c929daa8166d33f844316S3VersionKey5D05A836"
                        }
                      ]
                    }
                  ]
                }
              ]
            ]
          }
        },
        "Timeout": 900,
        "MemorySize": 128,
        "Handler": "__entrypoint__.handler",
        "Role": {
          "Fn::GetAtt": [
            "CustomS3AutoDeleteObjectsCustomResourceProviderRole3B1BD092",
            "Arn"
          ]
        },
        "Runtime": "nodejs12.x"
      },
      "DependsOn": [
        "CustomS3AutoDeleteObjectsCustomResourceProviderRole3B1BD092"
      ]
    }
  },
  "Parameters": {
    "AssetParameters94e60b8e13d1f4ded38f4813a8053fbe137c982a0b3c929daa8166d33f844316S3Bucket54B0BA6B": {
      "Type": "String",
      "Description": "S3 bucket for asset \"94e60b8e13d1f4ded38f4813a8053fbe137c982a0b3c929daa8166d33f844316\""
    },
    "AssetParameters94e60b8e13d1f4ded38f4813a8053fbe137c982a0b3c929daa8166d33f844316S3VersionKey5D05A836": {
      "Type": "String",
      "Description": "S3 key for asset version \"94e60b8e13d1f4ded38f4813a8053fbe137c982a0b3c929daa8166d33f844316\""
    },
    "AssetParameters94e60b8e13d1f4ded38f4813a8053fbe137c982a0b3c929daa8166d33f844316ArtifactHashCBB49470": {
      "Type": "String",
      "Description": "Artifact hash for asset \"94e60b8e13d1f4ded38f4813a8053fbe137c982a0b3c929daa8166d33f844316\""
    }
  }
}