{
  "Parameters": {
    "AssetParameters2934f8056bab9557d749cf667bb22ad4f5778fa0b33a0d97e1fa0181efc229afS3Bucket70236DA5": {
      "Type": "String",
      "Description": "S3 bucket for asset \"2934f8056bab9557d749cf667bb22ad4f5778fa0b33a0d97e1fa0181efc229af\""
    },
    "AssetParameters2934f8056bab9557d749cf667bb22ad4f5778fa0b33a0d97e1fa0181efc229afS3VersionKeyC472828E": {
      "Type": "String",
      "Description": "S3 key for asset version \"2934f8056bab9557d749cf667bb22ad4f5778fa0b33a0d97e1fa0181efc229af\""
    },
    "AssetParameters2934f8056bab9557d749cf667bb22ad4f5778fa0b33a0d97e1fa0181efc229afArtifactHash546D8545": {
      "Type": "String",
      "Description": "Artifact hash for asset \"2934f8056bab9557d749cf667bb22ad4f5778fa0b33a0d97e1fa0181efc229af\""
    }
  },
  "Resources": {
    "ApiF70053CD": {
      "Type": "AWS::AppSync::GraphQLApi",
      "Properties": {
        "AuthenticationType": "API_KEY",
        "Name": "integ-test-s3"
      }
    },
    "ApiDefaultAPIKeyApiKey74F5313B": {
      "Type": "AWS::AppSync::ApiKey",
      "Properties": {
        "ApiId": {
          "Fn::GetAtt": [
            "ApiF70053CD",
            "ApiId"
          ]
        },
        "Description": "Default API Key created by CDK"
      }
    },
    "ApiSchema510EECD7": {
      "Type": "AWS::AppSync::GraphQLSchema",
      "Properties": {
        "ApiId": {
          "Fn::GetAtt": [
            "ApiF70053CD",
            "ApiId"
          ]
        },
        "DefinitionS3Location": {
          "Fn::Join": [
            "",
            [
              "s3://",
              {
                "Ref": "AssetParameters2934f8056bab9557d749cf667bb22ad4f5778fa0b33a0d97e1fa0181efc229afS3Bucket70236DA5"
              },
              "/",
              {
                "Fn::Select": [
                  0,
                  {
                    "Fn::Split": [
                      "||",
                      {
                        "Ref": "AssetParameters2934f8056bab9557d749cf667bb22ad4f5778fa0b33a0d97e1fa0181efc229afS3VersionKeyC472828E"
                      }
                    ]
                  }
                ]
              },
              {
                "Fn::Select": [
                  1,
                  {
                    "Fn::Split": [
                      "||",
                      {
                        "Ref": "AssetParameters2934f8056bab9557d749cf667bb22ad4f5778fa0b33a0d97e1fa0181efc229afS3VersionKeyC472828E"
                      }
                    ]
                  }
                ]
              }
            ]
          ]
        }
      }
    },
    "ApitestDataSourceDSServiceRoleE543E310": {
      "Type": "AWS::IAM::Role",
      "Properties": {
        "AssumeRolePolicyDocument": {
          "Statement": [
            {
              "Action": "sts:AssumeRole",
              "Effect": "Allow",
              "Principal": {
                "Service": "appsync.amazonaws.com"
              }
            }
          ],
          "Version": "2012-10-17"
        }
      }
    },
    "ApitestDataSourceDSServiceRoleDefaultPolicy53D2252C": {
      "Type": "AWS::IAM::Policy",
      "Properties": {
        "PolicyDocument": {
          "Statement": [
            {
              "Action": [
                "dynamodb:BatchGetItem",
                "dynamodb:GetRecords",
                "dynamodb:GetShardIterator",
                "dynamodb:Query",
                "dynamodb:GetItem",
                "dynamodb:Scan",
                "dynamodb:BatchWriteItem",
                "dynamodb:PutItem",
                "dynamodb:UpdateItem",
                "dynamodb:DeleteItem"
              ],
              "Effect": "Allow",
              "Resource": [
                {
                  "Fn::GetAtt": [
                    "TestTable5769773A",
                    "Arn"
                  ]
                },
                {
                  "Ref": "AWS::NoValue"
                }
              ]
            }
          ],
          "Version": "2012-10-17"
        },
        "PolicyName": "ApitestDataSourceDSServiceRoleDefaultPolicy53D2252C",
        "Roles": [
          {
            "Ref": "ApitestDataSourceDSServiceRoleE543E310"
          }
        ]
      }
    },
    "ApitestDataSourceDS776EA507": {
      "Type": "AWS::AppSync::DataSource",
      "Properties": {
        "ApiId": {
          "Fn::GetAtt": [
            "ApiF70053CD",
            "ApiId"
          ]
        },
        "Name": "testDataSource",
        "Type": "AMAZON_DYNAMODB",
        "Description": "Table for Tests\"",
        "DynamoDBConfig": {
          "AwsRegion": {
            "Ref": "AWS::Region"
          },
          "TableName": {
            "Ref": "TestTable5769773A"
          }
        },
        "ServiceRoleArn": {
          "Fn::GetAtt": [
            "ApitestDataSourceDSServiceRoleE543E310",
            "Arn"
          ]
        }
      }
    },
    "ApitestDataSourceDSQuerygetTestsResolver61ED88B6": {
      "Type": "AWS::AppSync::Resolver",
      "Properties": {
        "ApiId": {
          "Fn::GetAtt": [
            "ApiF70053CD",
            "ApiId"
          ]
        },
        "FieldName": "getTests",
        "TypeName": "Query",
        "DataSourceName": "testDataSource",
        "Kind": "UNIT",
        "RequestMappingTemplate": "{\"version\" : \"2017-02-28\", \"operation\" : \"Scan\"}",
        "ResponseMappingTemplate": "$util.toJson($ctx.result.items)"
      },
      "DependsOn": [
        "ApiSchema510EECD7",
        "ApitestDataSourceDS776EA507"
      ]
    },
    "TestTable5769773A": {
      "Type": "AWS::DynamoDB::Table",
      "Properties": {
        "KeySchema": [
          {
            "AttributeName": "id",
            "KeyType": "HASH"
          }
        ],
        "AttributeDefinitions": [
          {
            "AttributeName": "id",
            "AttributeType": "S"
          }
        ],
        "BillingMode": "PAY_PER_REQUEST"
      },
      "UpdateReplacePolicy": "Delete",
      "DeletionPolicy": "Delete"
    }
  }
}