{
  "Resources": {
    "vpcA2121C38": {
      "Type": "AWS::EC2::VPC",
      "Properties": {
        "CidrBlock": "10.0.0.0/16",
        "EnableDnsHostnames": true,
        "EnableDnsSupport": true,
        "InstanceTenancy": "default",
        "Tags": [
          {
            "Key": "Name",
            "Value": "batch-stack/vpc"
          }
        ]
      }
    },
    "vpcPublicSubnet1Subnet2E65531E": {
      "Type": "AWS::EC2::Subnet",
      "Properties": {
        "CidrBlock": "10.0.0.0/19",
        "VpcId": {
          "Ref": "vpcA2121C38"
        },
        "AvailabilityZone": "test-region-1a",
        "MapPublicIpOnLaunch": true,
        "Tags": [
          {
            "Key": "Name",
            "Value": "batch-stack/vpc/PublicSubnet1"
          },
          {
            "Key": "aws-cdk:subnet-name",
            "Value": "Public"
          },
          {
            "Key": "aws-cdk:subnet-type",
            "Value": "Public"
          }
        ]
      }
    },
    "vpcPublicSubnet1RouteTable48A2DF9B": {
      "Type": "AWS::EC2::RouteTable",
      "Properties": {
        "VpcId": {
          "Ref": "vpcA2121C38"
        },
        "Tags": [
          {
            "Key": "Name",
            "Value": "batch-stack/vpc/PublicSubnet1"
          }
        ]
      }
    },
    "vpcPublicSubnet1RouteTableAssociation5D3F4579": {
      "Type": "AWS::EC2::SubnetRouteTableAssociation",
      "Properties": {
        "RouteTableId": {
          "Ref": "vpcPublicSubnet1RouteTable48A2DF9B"
        },
        "SubnetId": {
          "Ref": "vpcPublicSubnet1Subnet2E65531E"
        }
      }
    },
    "vpcPublicSubnet1DefaultRoute10708846": {
      "Type": "AWS::EC2::Route",
      "Properties": {
        "RouteTableId": {
          "Ref": "vpcPublicSubnet1RouteTable48A2DF9B"
        },
        "DestinationCidrBlock": "0.0.0.0/0",
        "GatewayId": {
          "Ref": "vpcIGWE57CBDCA"
        }
      },
      "DependsOn": [
        "vpcVPCGW7984C166"
      ]
    },
    "vpcPublicSubnet1EIPDA49DCBE": {
      "Type": "AWS::EC2::EIP",
      "Properties": {
        "Domain": "vpc"
      }
    },
    "vpcPublicSubnet1NATGateway9C16659E": {
      "Type": "AWS::EC2::NatGateway",
      "Properties": {
        "AllocationId": {
          "Fn::GetAtt": [
            "vpcPublicSubnet1EIPDA49DCBE",
            "AllocationId"
          ]
        },
        "SubnetId": {
          "Ref": "vpcPublicSubnet1Subnet2E65531E"
        },
        "Tags": [
          {
            "Key": "Name",
            "Value": "batch-stack/vpc/PublicSubnet1"
          }
        ]
      }
    },
    "vpcPublicSubnet2Subnet009B674F": {
      "Type": "AWS::EC2::Subnet",
      "Properties": {
        "CidrBlock": "10.0.32.0/19",
        "VpcId": {
          "Ref": "vpcA2121C38"
        },
        "AvailabilityZone": "test-region-1b",
        "MapPublicIpOnLaunch": true,
        "Tags": [
          {
            "Key": "Name",
            "Value": "batch-stack/vpc/PublicSubnet2"
          },
          {
            "Key": "aws-cdk:subnet-name",
            "Value": "Public"
          },
          {
            "Key": "aws-cdk:subnet-type",
            "Value": "Public"
          }
        ]
      }
    },
    "vpcPublicSubnet2RouteTableEB40D4CB": {
      "Type": "AWS::EC2::RouteTable",
      "Properties": {
        "VpcId": {
          "Ref": "vpcA2121C38"
        },
        "Tags": [
          {
            "Key": "Name",
            "Value": "batch-stack/vpc/PublicSubnet2"
          }
        ]
      }
    },
    "vpcPublicSubnet2RouteTableAssociation21F81B59": {
      "Type": "AWS::EC2::SubnetRouteTableAssociation",
      "Properties": {
        "RouteTableId": {
          "Ref": "vpcPublicSubnet2RouteTableEB40D4CB"
        },
        "SubnetId": {
          "Ref": "vpcPublicSubnet2Subnet009B674F"
        }
      }
    },
    "vpcPublicSubnet2DefaultRouteA1EC0F60": {
      "Type": "AWS::EC2::Route",
      "Properties": {
        "RouteTableId": {
          "Ref": "vpcPublicSubnet2RouteTableEB40D4CB"
        },
        "DestinationCidrBlock": "0.0.0.0/0",
        "GatewayId": {
          "Ref": "vpcIGWE57CBDCA"
        }
      },
      "DependsOn": [
        "vpcVPCGW7984C166"
      ]
    },
    "vpcPublicSubnet2EIP9B3743B1": {
      "Type": "AWS::EC2::EIP",
      "Properties": {
        "Domain": "vpc"
      }
    },
    "vpcPublicSubnet2NATGateway9B8AE11A": {
      "Type": "AWS::EC2::NatGateway",
      "Properties": {
        "AllocationId": {
          "Fn::GetAtt": [
            "vpcPublicSubnet2EIP9B3743B1",
            "AllocationId"
          ]
        },
        "SubnetId": {
          "Ref": "vpcPublicSubnet2Subnet009B674F"
        },
        "Tags": [
          {
            "Key": "Name",
            "Value": "batch-stack/vpc/PublicSubnet2"
          }
        ]
      }
    },
    "vpcPublicSubnet3Subnet11B92D7C": {
      "Type": "AWS::EC2::Subnet",
      "Properties": {
        "CidrBlock": "10.0.64.0/19",
        "VpcId": {
          "Ref": "vpcA2121C38"
        },
        "AvailabilityZone": "test-region-1c",
        "MapPublicIpOnLaunch": true,
        "Tags": [
          {
            "Key": "Name",
            "Value": "batch-stack/vpc/PublicSubnet3"
          },
          {
            "Key": "aws-cdk:subnet-name",
            "Value": "Public"
          },
          {
            "Key": "aws-cdk:subnet-type",
            "Value": "Public"
          }
        ]
      }
    },
    "vpcPublicSubnet3RouteTableA3C00665": {
      "Type": "AWS::EC2::RouteTable",
      "Properties": {
        "VpcId": {
          "Ref": "vpcA2121C38"
        },
        "Tags": [
          {
            "Key": "Name",
            "Value": "batch-stack/vpc/PublicSubnet3"
          }
        ]
      }
    },
    "vpcPublicSubnet3RouteTableAssociationD102D1C4": {
      "Type": "AWS::EC2::SubnetRouteTableAssociation",
      "Properties": {
        "RouteTableId": {
          "Ref": "vpcPublicSubnet3RouteTableA3C00665"
        },
        "SubnetId": {
          "Ref": "vpcPublicSubnet3Subnet11B92D7C"
        }
      }
    },
    "vpcPublicSubnet3DefaultRoute3F356A11": {
      "Type": "AWS::EC2::Route",
      "Properties": {
        "RouteTableId": {
          "Ref": "vpcPublicSubnet3RouteTableA3C00665"
        },
        "DestinationCidrBlock": "0.0.0.0/0",
        "GatewayId": {
          "Ref": "vpcIGWE57CBDCA"
        }
      },
      "DependsOn": [
        "vpcVPCGW7984C166"
      ]
    },
    "vpcPublicSubnet3EIP2C3B9D91": {
      "Type": "AWS::EC2::EIP",
      "Properties": {
        "Domain": "vpc"
      }
    },
    "vpcPublicSubnet3NATGateway82F6CA9E": {
      "Type": "AWS::EC2::NatGateway",
      "Properties": {
        "AllocationId": {
          "Fn::GetAtt": [
            "vpcPublicSubnet3EIP2C3B9D91",
            "AllocationId"
          ]
        },
        "SubnetId": {
          "Ref": "vpcPublicSubnet3Subnet11B92D7C"
        },
        "Tags": [
          {
            "Key": "Name",
            "Value": "batch-stack/vpc/PublicSubnet3"
          }
        ]
      }
    },
    "vpcPrivateSubnet1Subnet934893E8": {
      "Type": "AWS::EC2::Subnet",
      "Properties": {
        "CidrBlock": "10.0.96.0/19",
        "VpcId": {
          "Ref": "vpcA2121C38"
        },
        "AvailabilityZone": "test-region-1a",
        "MapPublicIpOnLaunch": false,
        "Tags": [
          {
            "Key": "Name",
            "Value": "batch-stack/vpc/PrivateSubnet1"
          },
          {
            "Key": "aws-cdk:subnet-name",
            "Value": "Private"
          },
          {
            "Key": "aws-cdk:subnet-type",
            "Value": "Private"
          }
        ]
      }
    },
    "vpcPrivateSubnet1RouteTableB41A48CC": {
      "Type": "AWS::EC2::RouteTable",
      "Properties": {
        "VpcId": {
          "Ref": "vpcA2121C38"
        },
        "Tags": [
          {
            "Key": "Name",
            "Value": "batch-stack/vpc/PrivateSubnet1"
          }
        ]
      }
    },
    "vpcPrivateSubnet1RouteTableAssociation67945127": {
      "Type": "AWS::EC2::SubnetRouteTableAssociation",
      "Properties": {
        "RouteTableId": {
          "Ref": "vpcPrivateSubnet1RouteTableB41A48CC"
        },
        "SubnetId": {
          "Ref": "vpcPrivateSubnet1Subnet934893E8"
        }
      }
    },
    "vpcPrivateSubnet1DefaultRoute1AA8E2E5": {
      "Type": "AWS::EC2::Route",
      "Properties": {
        "RouteTableId": {
          "Ref": "vpcPrivateSubnet1RouteTableB41A48CC"
        },
        "DestinationCidrBlock": "0.0.0.0/0",
        "NatGatewayId": {
          "Ref": "vpcPublicSubnet1NATGateway9C16659E"
        }
      }
    },
    "vpcPrivateSubnet2Subnet7031C2BA": {
      "Type": "AWS::EC2::Subnet",
      "Properties": {
        "CidrBlock": "10.0.128.0/19",
        "VpcId": {
          "Ref": "vpcA2121C38"
        },
        "AvailabilityZone": "test-region-1b",
        "MapPublicIpOnLaunch": false,
        "Tags": [
          {
            "Key": "Name",
            "Value": "batch-stack/vpc/PrivateSubnet2"
          },
          {
            "Key": "aws-cdk:subnet-name",
            "Value": "Private"
          },
          {
            "Key": "aws-cdk:subnet-type",
            "Value": "Private"
          }
        ]
      }
    },
    "vpcPrivateSubnet2RouteTable7280F23E": {
      "Type": "AWS::EC2::RouteTable",
      "Properties": {
        "VpcId": {
          "Ref": "vpcA2121C38"
        },
        "Tags": [
          {
            "Key": "Name",
            "Value": "batch-stack/vpc/PrivateSubnet2"
          }
        ]
      }
    },
    "vpcPrivateSubnet2RouteTableAssociation007E94D3": {
      "Type": "AWS::EC2::SubnetRouteTableAssociation",
      "Properties": {
        "RouteTableId": {
          "Ref": "vpcPrivateSubnet2RouteTable7280F23E"
        },
        "SubnetId": {
          "Ref": "vpcPrivateSubnet2Subnet7031C2BA"
        }
      }
    },
    "vpcPrivateSubnet2DefaultRouteB0E07F99": {
      "Type": "AWS::EC2::Route",
      "Properties": {
        "RouteTableId": {
          "Ref": "vpcPrivateSubnet2RouteTable7280F23E"
        },
        "DestinationCidrBlock": "0.0.0.0/0",
        "NatGatewayId": {
          "Ref": "vpcPublicSubnet2NATGateway9B8AE11A"
        }
      }
    },
    "vpcPrivateSubnet3Subnet985AC459": {
      "Type": "AWS::EC2::Subnet",
      "Properties": {
        "CidrBlock": "10.0.160.0/19",
        "VpcId": {
          "Ref": "vpcA2121C38"
        },
        "AvailabilityZone": "test-region-1c",
        "MapPublicIpOnLaunch": false,
        "Tags": [
          {
            "Key": "Name",
            "Value": "batch-stack/vpc/PrivateSubnet3"
          },
          {
            "Key": "aws-cdk:subnet-name",
            "Value": "Private"
          },
          {
            "Key": "aws-cdk:subnet-type",
            "Value": "Private"
          }
        ]
      }
    },
    "vpcPrivateSubnet3RouteTable24DA79A0": {
      "Type": "AWS::EC2::RouteTable",
      "Properties": {
        "VpcId": {
          "Ref": "vpcA2121C38"
        },
        "Tags": [
          {
            "Key": "Name",
            "Value": "batch-stack/vpc/PrivateSubnet3"
          }
        ]
      }
    },
    "vpcPrivateSubnet3RouteTableAssociationC58B3C2C": {
      "Type": "AWS::EC2::SubnetRouteTableAssociation",
      "Properties": {
        "RouteTableId": {
          "Ref": "vpcPrivateSubnet3RouteTable24DA79A0"
        },
        "SubnetId": {
          "Ref": "vpcPrivateSubnet3Subnet985AC459"
        }
      }
    },
    "vpcPrivateSubnet3DefaultRoute30C45F47": {
      "Type": "AWS::EC2::Route",
      "Properties": {
        "RouteTableId": {
          "Ref": "vpcPrivateSubnet3RouteTable24DA79A0"
        },
        "DestinationCidrBlock": "0.0.0.0/0",
        "NatGatewayId": {
          "Ref": "vpcPublicSubnet3NATGateway82F6CA9E"
        }
      }
    },
    "vpcIGWE57CBDCA": {
      "Type": "AWS::EC2::InternetGateway",
      "Properties": {
        "Tags": [
          {
            "Key": "Name",
            "Value": "batch-stack/vpc"
          }
        ]
      }
    },
    "vpcVPCGW7984C166": {
      "Type": "AWS::EC2::VPCGatewayAttachment",
      "Properties": {
        "VpcId": {
          "Ref": "vpcA2121C38"
        },
        "InternetGatewayId": {
          "Ref": "vpcIGWE57CBDCA"
        }
      }
    },
    "batchdemandcomputeenvResourceInstanceRole8989496E": {
      "Type": "AWS::IAM::Role",
      "Properties": {
        "AssumeRolePolicyDocument": {
          "Statement": [
            {
              "Action": "sts:AssumeRole",
              "Effect": "Allow",
              "Principal": {
                "Service": "batch.amazonaws.com"
              }
            }
          ],
          "Version": "2012-10-17"
        }
      }
    },
    "batchdemandcomputeenvResourceServiceInstanceRole8DF7CB96": {
      "Type": "AWS::IAM::Role",
      "Properties": {
        "AssumeRolePolicyDocument": {
          "Statement": [
            {
              "Action": "sts:AssumeRole",
              "Effect": "Allow",
              "Principal": {
                "Service": "batch.amazonaws.com"
              }
            }
          ],
          "Version": "2012-10-17"
        },
        "ManagedPolicyArns": [
          {
            "Fn::Join": [
              "",
              [
                "arn:",
                {
                  "Ref": "AWS::Partition"
                },
                ":iam::aws:policy/service-role/AWSBatchServiceRole"
              ]
            ]
          }
        ]
      }
    },
    "batchdemandcomputeenv6131030A": {
      "Type": "AWS::Batch::ComputeEnvironment",
      "Properties": {
        "ServiceRole": {
          "Fn::GetAtt": [
            "batchdemandcomputeenvResourceServiceInstanceRole8DF7CB96",
            "Arn"
          ]
        },
        "Type": "UNMANAGED",
        "ComputeResources": {
          "AllocationStrategy": "BEST_FIT",
          "InstanceRole": {
            "Fn::GetAtt": [
              "batchdemandcomputeenvResourceInstanceRole8989496E",
              "Arn"
            ]
          },
          "InstanceTypes": [
            "optimal"
          ],
          "MaxvCpus": 256,
          "MinvCpus": 0,
          "Subnets": [
            {
              "Ref": "vpcPrivateSubnet1Subnet934893E8"
            },
            {
              "Ref": "vpcPrivateSubnet2Subnet7031C2BA"
            },
            {
              "Ref": "vpcPrivateSubnet3Subnet985AC459"
            }
          ],
          "Type": "EC2"
        },
        "State": "ENABLED"
      }
    },
    "batchspotcomputeenvResourceInstanceRoleF6188F15": {
      "Type": "AWS::IAM::Role",
      "Properties": {
        "AssumeRolePolicyDocument": {
          "Statement": [
            {
              "Action": "sts:AssumeRole",
              "Effect": "Allow",
              "Principal": {
                "Service": "batch.amazonaws.com"
              }
            }
          ],
          "Version": "2012-10-17"
        }
      }
    },
    "batchspotcomputeenvResourceServiceInstanceRole8B0DF5A7": {
      "Type": "AWS::IAM::Role",
      "Properties": {
        "AssumeRolePolicyDocument": {
          "Statement": [
            {
              "Action": "sts:AssumeRole",
              "Effect": "Allow",
              "Principal": {
                "Service": "batch.amazonaws.com"
              }
            }
          ],
          "Version": "2012-10-17"
        },
        "ManagedPolicyArns": [
          {
            "Fn::Join": [
              "",
              [
                "arn:",
                {
                  "Ref": "AWS::Partition"
                },
                ":iam::aws:policy/service-role/AWSBatchServiceRole"
              ]
            ]
          }
        ]
      }
    },
    "batchspotcomputeenv2CE4DFD9": {
      "Type": "AWS::Batch::ComputeEnvironment",
      "Properties": {
        "ServiceRole": {
          "Fn::GetAtt": [
            "batchspotcomputeenvResourceServiceInstanceRole8B0DF5A7",
            "Arn"
          ]
        },
        "Type": "UNMANAGED",
        "ComputeResources": {
          "AllocationStrategy": "BEST_FIT",
          "BidPercentage": 80,
          "InstanceRole": {
            "Fn::GetAtt": [
              "batchspotcomputeenvResourceInstanceRoleF6188F15",
              "Arn"
            ]
          },
          "InstanceTypes": [
            "optimal"
          ],
          "MaxvCpus": 256,
          "MinvCpus": 0,
          "Subnets": [
            {
              "Ref": "vpcPrivateSubnet1Subnet934893E8"
            },
            {
              "Ref": "vpcPrivateSubnet2Subnet7031C2BA"
            },
            {
              "Ref": "vpcPrivateSubnet3Subnet985AC459"
            }
          ],
          "Type": "SPOT"
        },
        "State": "ENABLED"
      }
    },
    "batchjobqueueE3C528F2": {
      "Type": "AWS::Batch::JobQueue",
      "Properties": {
        "ComputeEnvironmentOrder": [
          {
            "ComputeEnvironment": {
              "Ref": "batchdemandcomputeenv6131030A"
            },
            "Order": 1
          },
          {
            "ComputeEnvironment": {
              "Ref": "batchspotcomputeenv2CE4DFD9"
            },
            "Order": 2
          }
        ],
        "Priority": 1,
        "State": "ENABLED"
      }
    },
    "batchjobrepo4C508C51": {
      "Type": "AWS::ECR::Repository",
      "UpdateReplacePolicy": "Retain",
      "DeletionPolicy": "Retain"
    },
    "batchjobdeffromecrE0E30DAD": {
      "Type": "AWS::Batch::JobDefinition",
      "Properties": {
        "Type": "container",
        "ContainerProperties": {
          "Image": {
            "Fn::Join": [
              "",
              [
                {
                  "Fn::Select": [
                    4,
                    {
                      "Fn::Split": [
                        ":",
                        {
                          "Fn::GetAtt": [
                            "batchjobrepo4C508C51",
                            "Arn"
                          ]
                        }
                      ]
                    }
                  ]
                },
                ".dkr.ecr.",
                {
                  "Fn::Select": [
                    3,
                    {
                      "Fn::Split": [
                        ":",
                        {
                          "Fn::GetAtt": [
                            "batchjobrepo4C508C51",
                            "Arn"
                          ]
                        }
                      ]
                    }
                  ]
                },
                ".",
                {
                  "Ref": "AWS::URLSuffix"
                },
                "/",
                {
                  "Ref": "batchjobrepo4C508C51"
                },
                ":latest"
              ]
            ]
          },
          "Memory": 4,
          "Privileged": false,
          "ReadonlyRootFilesystem": false,
          "Vcpus": 1
        },
        "RetryStrategy": {
          "Attempts": 1
        },
        "Timeout": {}
      }
    },
    "batchjobdeffrom4007378D": {
      "Type": "AWS::Batch::JobDefinition",
      "Properties": {
        "Type": "container",
        "ContainerProperties": {
          "Image": "docker/whalesay",
          "Memory": 4,
          "Privileged": false,
          "ReadonlyRootFilesystem": false,
          "Vcpus": 1
        },
        "RetryStrategy": {
          "Attempts": 1
        },
        "Timeout": {}
      }
    }
  }
}