{
  "Resources": {
    "ChildStack": {
      "Type": "AWS::CloudFormation::Stack",
      "Properties": {
        "TemplateURL": {
          "Fn::Join": [
            "",
            [
              "https://s3.",
              {
                "Ref": "AWS::Region"
              },
              ".",
              {
                "Ref": "AWS::URLSuffix"
              },
              "/",
              {
                "Ref": "AssetParameters891fd3ec75dc881b0fe40dc9fd1b433672637585c015265a5f0dab6bf79818d5S3Bucket23278F13"
              },
              "/",
              {
                "Fn::Select": [
                  0,
                  {
                    "Fn::Split": [
                      "||",
                      {
                        "Ref": "AssetParameters891fd3ec75dc881b0fe40dc9fd1b433672637585c015265a5f0dab6bf79818d5S3VersionKey7316205A"
                      }
                    ]
                  }
                ]
              },
              {
                "Fn::Select": [
                  1,
                  {
                    "Fn::Split": [
                      "||",
                      {
                        "Ref": "AssetParameters891fd3ec75dc881b0fe40dc9fd1b433672637585c015265a5f0dab6bf79818d5S3VersionKey7316205A"
                      }
                    ]
                  }
                ]
              }
            ]
          ]
        },
        "Parameters": {
          "MyBucketParameter": "some-magic-bucket-name",
          "referencetoAssetParameters5dc7d4a99cfe2979687dc74f2db9fd75f253b5505a1912b5ceecf70c9aefba50S3BucketEAA24F0CRef": {
            "Ref": "AssetParameters5dc7d4a99cfe2979687dc74f2db9fd75f253b5505a1912b5ceecf70c9aefba50S3BucketEAA24F0C"
          },
          "referencetoAssetParameters5dc7d4a99cfe2979687dc74f2db9fd75f253b5505a1912b5ceecf70c9aefba50S3VersionKey1194CAB2Ref": {
            "Ref": "AssetParameters5dc7d4a99cfe2979687dc74f2db9fd75f253b5505a1912b5ceecf70c9aefba50S3VersionKey1194CAB2"
          }
        }
      }
    }
  },
  "Parameters": {
    "AssetParameters5dc7d4a99cfe2979687dc74f2db9fd75f253b5505a1912b5ceecf70c9aefba50S3BucketEAA24F0C": {
      "Type": "String",
      "Description": "S3 bucket for asset \"5dc7d4a99cfe2979687dc74f2db9fd75f253b5505a1912b5ceecf70c9aefba50\""
    },
    "AssetParameters5dc7d4a99cfe2979687dc74f2db9fd75f253b5505a1912b5ceecf70c9aefba50S3VersionKey1194CAB2": {
      "Type": "String",
      "Description": "S3 key for asset version \"5dc7d4a99cfe2979687dc74f2db9fd75f253b5505a1912b5ceecf70c9aefba50\""
    },
    "AssetParameters5dc7d4a99cfe2979687dc74f2db9fd75f253b5505a1912b5ceecf70c9aefba50ArtifactHash9C417847": {
      "Type": "String",
      "Description": "Artifact hash for asset \"5dc7d4a99cfe2979687dc74f2db9fd75f253b5505a1912b5ceecf70c9aefba50\""
    },
    "AssetParameters891fd3ec75dc881b0fe40dc9fd1b433672637585c015265a5f0dab6bf79818d5S3Bucket23278F13": {
      "Type": "String",
      "Description": "S3 bucket for asset \"891fd3ec75dc881b0fe40dc9fd1b433672637585c015265a5f0dab6bf79818d5\""
    },
    "AssetParameters891fd3ec75dc881b0fe40dc9fd1b433672637585c015265a5f0dab6bf79818d5S3VersionKey7316205A": {
      "Type": "String",
      "Description": "S3 key for asset version \"891fd3ec75dc881b0fe40dc9fd1b433672637585c015265a5f0dab6bf79818d5\""
    },
    "AssetParameters891fd3ec75dc881b0fe40dc9fd1b433672637585c015265a5f0dab6bf79818d5ArtifactHashA1DE5198": {
      "Type": "String",
      "Description": "Artifact hash for asset \"891fd3ec75dc881b0fe40dc9fd1b433672637585c015265a5f0dab6bf79818d5\""
    }
  }
}
