{
  "Resources": {
    "logs0B6081B1": {
      "Type": "AWS::Logs::LogGroup",
      "Properties": {
        "RetentionInDays": 731
      },
      "UpdateReplacePolicy": "Retain",
      "DeletionPolicy": "Retain"
    },
    "TopicRuleTopicRuleActionRole246C4F77": {
      "Type": "AWS::IAM::Role",
      "Properties": {
        "AssumeRolePolicyDocument": {
          "Statement": [
            {
              "Action": "sts:AssumeRole",
              "Effect": "Allow",
              "Principal": {
                "Service": "iot.amazonaws.com"
              }
            }
          ],
          "Version": "2012-10-17"
        }
      }
    },
    "TopicRuleTopicRuleActionRoleDefaultPolicy99ADD687": {
      "Type": "AWS::IAM::Policy",
      "Properties": {
        "PolicyDocument": {
          "Statement": [
            {
              "Action": [
                "logs:CreateLogStream",
                "logs:DescribeLogStreams",
                "logs:PutLogEvents"
              ],
              "Effect": "Allow",
              "Resource": {
                "Fn::GetAtt": [
                  "logs0B6081B1",
                  "Arn"
                ]
              }
            },
            {
              "Action": "sqs:SendMessage",
              "Effect": "Allow",
              "Resource": {
                "Fn::GetAtt": [
                  "MyQueueE6CA6235",
                  "Arn"
                ]
              }
            }
          ],
          "Version": "2012-10-17"
        },
        "PolicyName": "TopicRuleTopicRuleActionRoleDefaultPolicy99ADD687",
        "Roles": [
          {
            "Ref": "TopicRuleTopicRuleActionRole246C4F77"
          }
        ]
      }
    },
    "TopicRule40A4EA44": {
      "Type": "AWS::IoT::TopicRule",
      "Properties": {
        "TopicRulePayload": {
          "Actions": [
            {
              "Sqs": {
                "QueueUrl": {
                  "Ref": "MyQueueE6CA6235"
                },
                "RoleArn": {
                  "Fn::GetAtt": [
                    "TopicRuleTopicRuleActionRole246C4F77",
                    "Arn"
                  ]
                },
                "UseBase64": false
              }
            }
          ],
          "AwsIotSqlVersion": "2015-10-08",
          "ErrorAction": {
            "CloudwatchLogs": {
              "LogGroupName": {
                "Ref": "logs0B6081B1"
              },
              "RoleArn": {
                "Fn::GetAtt": [
                  "TopicRuleTopicRuleActionRole246C4F77",
                  "Arn"
                ]
              }
            }
          },
          "RuleDisabled": false,
          "Sql": "SELECT topic(2) as device_id FROM 'device/+/data'"
        }
      }
    },
    "MyQueueE6CA6235": {
      "Type": "AWS::SQS::Queue",
      "UpdateReplacePolicy": "Delete",
      "DeletionPolicy": "Delete"
    }
  }
}