{
  "Resources": {
    "Bucket83908E77": {
      "Type": "AWS::S3::Bucket",
      "Properties": {
        "Tags": [
          {
            "Key": "aws-cdk:cr-owned:deploy/here/:588fbb1f",
            "Value": "true"
          }
        ]
      },
      "UpdateReplacePolicy": "Retain",
      "DeletionPolicy": "Retain"
    },
    "DeployMeAwsCliLayer5F9219E9": {
      "Type": "AWS::Lambda::LayerVersion",
      "Properties": {
        "Content": {
          "S3Bucket": {
            "Ref": "AssetParameterse9882ab123687399f934da0d45effe675ecc8ce13b40cb946f3e1d6141fe8d68S3BucketAEADE8C7"
          },
          "S3Key": {
            "Fn::Join": [
              "",
              [
                {
                  "Fn::Select": [
                    0,
                    {
                      "Fn::Split": [
                        "||",
                        {
                          "Ref": "AssetParameterse9882ab123687399f934da0d45effe675ecc8ce13b40cb946f3e1d6141fe8d68S3VersionKeyE415415F"
                        }
                      ]
                    }
                  ]
                },
                {
                  "Fn::Select": [
                    1,
                    {
                      "Fn::Split": [
                        "||",
                        {
                          "Ref": "AssetParameterse9882ab123687399f934da0d45effe675ecc8ce13b40cb946f3e1d6141fe8d68S3VersionKeyE415415F"
                        }
                      ]
                    }
                  ]
                }
              ]
            ]
          }
        },
        "Description": "/opt/awscli/aws"
      }
    },
    "DeployMeCustomResource4455EE35": {
      "Type": "Custom::CDKBucketDeployment",
      "Properties": {
        "ServiceToken": {
          "Fn::GetAtt": [
            "CustomCDKBucketDeployment8693BB64968944B69AAFB0CC9EB8756C81C01536",
            "Arn"
          ]
        },
        "SourceBucketNames": [
          {
            "Ref": "AssetParametersd09271be89b6cb0398f793b40c1531fd9b076aa92ba80b5e436914b1808fe18dS3BucketBC52CF96"
          },
          {
            "Ref": "AssetParametersf58a7925a8ef0a032be4511ea00bfb88121c6627b3703f16867496256c9c8229S3BucketC0B57179"
          }
        ],
        "SourceObjectKeys": [
          {
            "Fn::Join": [
              "",
              [
                {
                  "Fn::Select": [
                    0,
                    {
                      "Fn::Split": [
                        "||",
                        {
                          "Ref": "AssetParametersd09271be89b6cb0398f793b40c1531fd9b076aa92ba80b5e436914b1808fe18dS3VersionKeyED6BBB32"
                        }
                      ]
                    }
                  ]
                },
                {
                  "Fn::Select": [
                    1,
                    {
                      "Fn::Split": [
                        "||",
                        {
                          "Ref": "AssetParametersd09271be89b6cb0398f793b40c1531fd9b076aa92ba80b5e436914b1808fe18dS3VersionKeyED6BBB32"
                        }
                      ]
                    }
                  ]
                }
              ]
            ]
          },
          {
            "Fn::Join": [
              "",
              [
                {
                  "Fn::Select": [
                    0,
                    {
                      "Fn::Split": [
                        "||",
                        {
                          "Ref": "AssetParametersf58a7925a8ef0a032be4511ea00bfb88121c6627b3703f16867496256c9c8229S3VersionKeyA1412544"
                        }
                      ]
                    }
                  ]
                },
                {
                  "Fn::Select": [
                    1,
                    {
                      "Fn::Split": [
                        "||",
                        {
                          "Ref": "AssetParametersf58a7925a8ef0a032be4511ea00bfb88121c6627b3703f16867496256c9c8229S3VersionKeyA1412544"
                        }
                      ]
                    }
                  ]
                }
              ]
            ]
          }
        ],
        "DestinationBucketName": {
          "Ref": "Bucket83908E77"
        },
        "DestinationBucketKeyPrefix": "deploy/here/",
        "Prune": true
      },
      "UpdateReplacePolicy": "Delete",
      "DeletionPolicy": "Delete"
    },
    "CustomCDKBucketDeployment8693BB64968944B69AAFB0CC9EB8756CServiceRole89A01265": {
      "Type": "AWS::IAM::Role",
      "Properties": {
        "AssumeRolePolicyDocument": {
          "Statement": [
            {
              "Action": "sts:AssumeRole",
              "Effect": "Allow",
              "Principal": {
                "Service": "lambda.amazonaws.com"
              }
            }
          ],
          "Version": "2012-10-17"
        },
        "ManagedPolicyArns": [
          {
            "Fn::Join": [
              "",
              [
                "arn:",
                {
                  "Ref": "AWS::Partition"
                },
                ":iam::aws:policy/service-role/AWSLambdaBasicExecutionRole"
              ]
            ]
          }
        ]
      }
    },
    "CustomCDKBucketDeployment8693BB64968944B69AAFB0CC9EB8756CServiceRoleDefaultPolicy88902FDF": {
      "Type": "AWS::IAM::Policy",
      "Properties": {
        "PolicyDocument": {
          "Statement": [
            {
              "Action": [
                "s3:GetObject*",
                "s3:GetBucket*",
                "s3:List*"
              ],
              "Effect": "Allow",
              "Resource": [
                {
                  "Fn::Join": [
                    "",
                    [
                      "arn:",
                      {
                        "Ref": "AWS::Partition"
                      },
                      ":s3:::",
                      {
                        "Ref": "AssetParametersd09271be89b6cb0398f793b40c1531fd9b076aa92ba80b5e436914b1808fe18dS3BucketBC52CF96"
                      }
                    ]
                  ]
                },
                {
                  "Fn::Join": [
                    "",
                    [
                      "arn:",
                      {
                        "Ref": "AWS::Partition"
                      },
                      ":s3:::",
                      {
                        "Ref": "AssetParametersd09271be89b6cb0398f793b40c1531fd9b076aa92ba80b5e436914b1808fe18dS3BucketBC52CF96"
                      },
                      "/*"
                    ]
                  ]
                }
              ]
            },
            {
              "Action": [
                "s3:GetObject*",
                "s3:GetBucket*",
                "s3:List*"
              ],
              "Effect": "Allow",
              "Resource": [
                {
                  "Fn::Join": [
                    "",
                    [
                      "arn:",
                      {
                        "Ref": "AWS::Partition"
                      },
                      ":s3:::",
                      {
                        "Ref": "AssetParametersf58a7925a8ef0a032be4511ea00bfb88121c6627b3703f16867496256c9c8229S3BucketC0B57179"
                      }
                    ]
                  ]
                },
                {
                  "Fn::Join": [
                    "",
                    [
                      "arn:",
                      {
                        "Ref": "AWS::Partition"
                      },
                      ":s3:::",
                      {
                        "Ref": "AssetParametersf58a7925a8ef0a032be4511ea00bfb88121c6627b3703f16867496256c9c8229S3BucketC0B57179"
                      },
                      "/*"
                    ]
                  ]
                }
              ]
            },
            {
              "Action": [
                "s3:GetObject*",
                "s3:GetBucket*",
                "s3:List*",
                "s3:DeleteObject*",
                "s3:PutObject",
                "s3:Abort*"
              ],
              "Effect": "Allow",
              "Resource": [
                {
                  "Fn::GetAtt": [
                    "Bucket83908E77",
                    "Arn"
                  ]
                },
                {
                  "Fn::Join": [
                    "",
                    [
                      {
                        "Fn::GetAtt": [
                          "Bucket83908E77",
                          "Arn"
                        ]
                      },
                      "/*"
                    ]
                  ]
                }
              ]
            }
          ],
          "Version": "2012-10-17"
        },
        "PolicyName": "CustomCDKBucketDeployment8693BB64968944B69AAFB0CC9EB8756CServiceRoleDefaultPolicy88902FDF",
        "Roles": [
          {
            "Ref": "CustomCDKBucketDeployment8693BB64968944B69AAFB0CC9EB8756CServiceRole89A01265"
          }
        ]
      }
    },
    "CustomCDKBucketDeployment8693BB64968944B69AAFB0CC9EB8756C81C01536": {
      "Type": "AWS::Lambda::Function",
      "Properties": {
        "Code": {
          "S3Bucket": {
            "Ref": "AssetParameterse3d9996b6fafcc7da88312672e15e3cc925b02cffc6f01a615d81f22303e3ae0S3BucketB3DDCC13"
          },
          "S3Key": {
            "Fn::Join": [
              "",
              [
                {
                  "Fn::Select": [
                    0,
                    {
                      "Fn::Split": [
                        "||",
                        {
                          "Ref": "AssetParameterse3d9996b6fafcc7da88312672e15e3cc925b02cffc6f01a615d81f22303e3ae0S3VersionKey3418DF70"
                        }
                      ]
                    }
                  ]
                },
                {
                  "Fn::Select": [
                    1,
                    {
                      "Fn::Split": [
                        "||",
                        {
                          "Ref": "AssetParameterse3d9996b6fafcc7da88312672e15e3cc925b02cffc6f01a615d81f22303e3ae0S3VersionKey3418DF70"
                        }
                      ]
                    }
                  ]
                }
              ]
            ]
          }
        },
        "Role": {
          "Fn::GetAtt": [
            "CustomCDKBucketDeployment8693BB64968944B69AAFB0CC9EB8756CServiceRole89A01265",
            "Arn"
          ]
        },
        "Handler": "index.handler",
        "Layers": [
          {
            "Ref": "DeployMeAwsCliLayer5F9219E9"
          }
        ],
        "Runtime": "python3.7",
        "Timeout": 900
      },
      "DependsOn": [
        "CustomCDKBucketDeployment8693BB64968944B69AAFB0CC9EB8756CServiceRoleDefaultPolicy88902FDF",
        "CustomCDKBucketDeployment8693BB64968944B69AAFB0CC9EB8756CServiceRole89A01265"
      ]
    }
  },
  "Parameters": {
    "AssetParameterse9882ab123687399f934da0d45effe675ecc8ce13b40cb946f3e1d6141fe8d68S3BucketAEADE8C7": {
      "Type": "String",
      "Description": "S3 bucket for asset \"e9882ab123687399f934da0d45effe675ecc8ce13b40cb946f3e1d6141fe8d68\""
    },
    "AssetParameterse9882ab123687399f934da0d45effe675ecc8ce13b40cb946f3e1d6141fe8d68S3VersionKeyE415415F": {
      "Type": "String",
      "Description": "S3 key for asset version \"e9882ab123687399f934da0d45effe675ecc8ce13b40cb946f3e1d6141fe8d68\""
    },
    "AssetParameterse9882ab123687399f934da0d45effe675ecc8ce13b40cb946f3e1d6141fe8d68ArtifactHashD9A515C3": {
      "Type": "String",
      "Description": "Artifact hash for asset \"e9882ab123687399f934da0d45effe675ecc8ce13b40cb946f3e1d6141fe8d68\""
    },
    "AssetParameterse3d9996b6fafcc7da88312672e15e3cc925b02cffc6f01a615d81f22303e3ae0S3BucketB3DDCC13": {
      "Type": "String",
      "Description": "S3 bucket for asset \"e3d9996b6fafcc7da88312672e15e3cc925b02cffc6f01a615d81f22303e3ae0\""
    },
    "AssetParameterse3d9996b6fafcc7da88312672e15e3cc925b02cffc6f01a615d81f22303e3ae0S3VersionKey3418DF70": {
      "Type": "String",
      "Description": "S3 key for asset version \"e3d9996b6fafcc7da88312672e15e3cc925b02cffc6f01a615d81f22303e3ae0\""
    },
    "AssetParameterse3d9996b6fafcc7da88312672e15e3cc925b02cffc6f01a615d81f22303e3ae0ArtifactHash9D8F179A": {
      "Type": "String",
      "Description": "Artifact hash for asset \"e3d9996b6fafcc7da88312672e15e3cc925b02cffc6f01a615d81f22303e3ae0\""
    },
    "AssetParametersd09271be89b6cb0398f793b40c1531fd9b076aa92ba80b5e436914b1808fe18dS3BucketBC52CF96": {
      "Type": "String",
      "Description": "S3 bucket for asset \"d09271be89b6cb0398f793b40c1531fd9b076aa92ba80b5e436914b1808fe18d\""
    },
    "AssetParametersd09271be89b6cb0398f793b40c1531fd9b076aa92ba80b5e436914b1808fe18dS3VersionKeyED6BBB32": {
      "Type": "String",
      "Description": "S3 key for asset version \"d09271be89b6cb0398f793b40c1531fd9b076aa92ba80b5e436914b1808fe18d\""
    },
    "AssetParametersd09271be89b6cb0398f793b40c1531fd9b076aa92ba80b5e436914b1808fe18dArtifactHashF6480042": {
      "Type": "String",
      "Description": "Artifact hash for asset \"d09271be89b6cb0398f793b40c1531fd9b076aa92ba80b5e436914b1808fe18d\""
    },
    "AssetParametersf58a7925a8ef0a032be4511ea00bfb88121c6627b3703f16867496256c9c8229S3BucketC0B57179": {
      "Type": "String",
      "Description": "S3 bucket for asset \"f58a7925a8ef0a032be4511ea00bfb88121c6627b3703f16867496256c9c8229\""
    },
    "AssetParametersf58a7925a8ef0a032be4511ea00bfb88121c6627b3703f16867496256c9c8229S3VersionKeyA1412544": {
      "Type": "String",
      "Description": "S3 key for asset version \"f58a7925a8ef0a032be4511ea00bfb88121c6627b3703f16867496256c9c8229\""
    },
    "AssetParametersf58a7925a8ef0a032be4511ea00bfb88121c6627b3703f16867496256c9c8229ArtifactHash24BF3233": {
      "Type": "String",
      "Description": "Artifact hash for asset \"f58a7925a8ef0a032be4511ea00bfb88121c6627b3703f16867496256c9c8229\""
    }
  }
}