{
  "Resources": {
    "mycanary555ServiceBucket40CDD613": {
      "Type": "AWS::S3::Bucket",
      "UpdateReplacePolicy": "Retain",
      "DeletionPolicy": "Retain"
    },
    "mycanary555ServiceRoleF8E57AF2": {
      "Type": "AWS::IAM::Role",
      "Properties": {
        "AssumeRolePolicyDocument": {
          "Statement": [
            {
              "Action": "sts:AssumeRole",
              "Effect": "Allow",
              "Principal": {
                "Service": "lambda.amazonaws.com"
              }
            }
          ],
          "Version": "2012-10-17"
        },
        "Policies": [
          {
            "PolicyDocument": {
              "Statement": [
                {
                  "Action": "s3:ListAllMyBuckets",
                  "Effect": "Allow",
                  "Resource": "*"
                },
                {
                  "Action": [
                    "s3:PutObject",
                    "s3:GetBucketLocation"
                  ],
                  "Effect": "Allow",
                  "Resource": {
                    "Fn::GetAtt": [
                      "mycanary555ServiceBucket40CDD613",
                      "Arn"
                    ]
                  }
                },
                {
                  "Action": "cloudwatch:PutMetricData",
                  "Condition": {
                    "StringEquals": {
                      "cloudwatch:namespace": "CloudWatchSynthetics"
                    }
                  },
                  "Effect": "Allow",
                  "Resource": "*"
                },
                {
                  "Action": [
                    "logs:CreateLogStream",
                    "logs:CreateLogGroup",
                    "logs:PutLogEvents"
                  ],
                  "Effect": "Allow",
                  "Resource": "arn:aws:logs:::*"
                }
              ],
              "Version": "2012-10-17"
            },
            "PolicyName": "canaryPolicy"
          }
        ]
      }
    },
    "mycanary555DAA1D9EA": {
      "Type": "AWS::Synthetics::Canary",
      "Properties": {
        "ArtifactS3Location": {
          "Fn::Join": [
            "",
            [
              "s3://",
              {
                "Ref": "mycanary555ServiceBucket40CDD613"
              }
            ]
          ]
        },
        "Code": {
          "Handler": "index.handler",
          "Script": "exports.handler = async () => {\nconsole.log('hello world');\n};"
        },
        "ExecutionRoleArn": {
          "Fn::GetAtt": [
            "mycanary555ServiceRoleF8E57AF2",
            "Arn"
          ]
        },
        "Name": "awscanarymycanary555",
        "RuntimeVersion": "syn-1.0",
        "Schedule": {
          "DurationInSeconds": "0",
          "Expression": "rate(5 minutes)"
        },
        "StartCanaryAfterCreation": true,
        "RunConfig": {
          "MemoryInMB": 960,
          "TimeoutInSeconds": 300
        }
      }
    }
  }
}