{
  "Resources": {
    "WebAclE76B067C": {
      "Type": "AWS::WAFv2::WebACL",
      "Properties": {
        "DefaultAction": {
          "Block": {}
        },
        "Scope": "CLOUDFRONT",
        "VisibilityConfig": {
          "CloudWatchMetricsEnabled": true,
          "MetricName": "my-web-acl-name",
          "SampledRequestsEnabled": true
        },
        "Name": "my-web-acl-name"
      }
    }
  }
}