{
  "Resources": {
    "TestProduct7606930B": {
      "Type": "AWS::ServiceCatalog::CloudFormationProduct",
      "Properties": {
        "Name": "testProduct",
        "Owner": "testOwner",
        "ProvisioningArtifactParameters": [
          {
            "DisableTemplateValidation": true,
            "Info": {
              "LoadTemplateFromURL": "https://awsdocs.s3.amazonaws.com/servicecatalog/development-environment.template"
            }
          },
          {
            "DisableTemplateValidation": false,
            "Info": {
              "LoadTemplateFromURL": {
                "Fn::Join": [
                  "",
                  [
                    "https://s3.",
                    {
                      "Ref": "AWS::Region"
                    },
                    ".",
                    {
                      "Ref": "AWS::URLSuffix"
                    },
                    "/",
                    {
                      "Ref": "AssetParametersb59f768286e16b69628bb23b9c1a1f07300a24101b8979d8e2a94ff1ab03d09eS3BucketCF629374"
                    },
                    "/",
                    {
                      "Fn::Select": [
                        0,
                        {
                          "Fn::Split": [
                            "||",
                            {
                              "Ref": "AssetParametersb59f768286e16b69628bb23b9c1a1f07300a24101b8979d8e2a94ff1ab03d09eS3VersionKeyC94BC7EE"
                            }
                          ]
                        }
                      ]
                    },
                    {
                      "Fn::Select": [
                        1,
                        {
                          "Fn::Split": [
                            "||",
                            {
                              "Ref": "AssetParametersb59f768286e16b69628bb23b9c1a1f07300a24101b8979d8e2a94ff1ab03d09eS3VersionKeyC94BC7EE"
                            }
                          ]
                        }
                      ]
                    }
                  ]
                ]
              }
            }
          },
          {
            "DisableTemplateValidation": false,
            "Info": {
              "LoadTemplateFromURL": {
                "Fn::Join": [
                  "",
                  [
                    "https://s3.",
                    {
                      "Ref": "AWS::Region"
                    },
                    ".",
                    {
                      "Ref": "AWS::URLSuffix"
                    },
                    "/",
                    {
                      "Ref": "AssetParameters6412a5f4524c6b41d26fbeee226c68c2dad735393940a51008d77e6f8b1038f5S3Bucket85C3FF42"
                    },
                    "/",
                    {
                      "Fn::Select": [
                        0,
                        {
                          "Fn::Split": [
                            "||",
                            {
                              "Ref": "AssetParameters6412a5f4524c6b41d26fbeee226c68c2dad735393940a51008d77e6f8b1038f5S3VersionKey34A02667"
                            }
                          ]
                        }
                      ]
                    },
                    {
                      "Fn::Select": [
                        1,
                        {
                          "Fn::Split": [
                            "||",
                            {
                              "Ref": "AssetParameters6412a5f4524c6b41d26fbeee226c68c2dad735393940a51008d77e6f8b1038f5S3VersionKey34A02667"
                            }
                          ]
                        }
                      ]
                    }
                  ]
                ]
              }
            }
          },
          {
            "DisableTemplateValidation": false,
            "Info": {
              "LoadTemplateFromURL": {
                "Fn::Join": [
                  "",
                  [
                    "https://s3.",
                    {
                      "Ref": "AWS::Region"
                    },
                    ".",
                    {
                      "Ref": "AWS::URLSuffix"
                    },
                    "/",
                    {
                      "Ref": "AssetParameters08d08044426323f29a1dec4ad6ba40a16a9b2c8695f4408c833c01a7e536b8f2S3Bucket971225BF"
                    },
                    "/",
                    {
                      "Fn::Select": [
                        0,
                        {
                          "Fn::Split": [
                            "||",
                            {
                              "Ref": "AssetParameters08d08044426323f29a1dec4ad6ba40a16a9b2c8695f4408c833c01a7e536b8f2S3VersionKeyF3C21C22"
                            }
                          ]
                        }
                      ]
                    },
                    {
                      "Fn::Select": [
                        1,
                        {
                          "Fn::Split": [
                            "||",
                            {
                              "Ref": "AssetParameters08d08044426323f29a1dec4ad6ba40a16a9b2c8695f4408c833c01a7e536b8f2S3VersionKeyF3C21C22"
                            }
                          ]
                        }
                      ]
                    }
                  ]
                ]
              }
            }
          }
        ]
      }
    }
  },
  "Parameters": {
    "AssetParametersb59f768286e16b69628bb23b9c1a1f07300a24101b8979d8e2a94ff1ab03d09eS3BucketCF629374": {
      "Type": "String",
      "Description": "S3 bucket for asset \"b59f768286e16b69628bb23b9c1a1f07300a24101b8979d8e2a94ff1ab03d09e\""
    },
    "AssetParametersb59f768286e16b69628bb23b9c1a1f07300a24101b8979d8e2a94ff1ab03d09eS3VersionKeyC94BC7EE": {
      "Type": "String",
      "Description": "S3 key for asset version \"b59f768286e16b69628bb23b9c1a1f07300a24101b8979d8e2a94ff1ab03d09e\""
    },
    "AssetParametersb59f768286e16b69628bb23b9c1a1f07300a24101b8979d8e2a94ff1ab03d09eArtifactHashB9EF04B2": {
      "Type": "String",
      "Description": "Artifact hash for asset \"b59f768286e16b69628bb23b9c1a1f07300a24101b8979d8e2a94ff1ab03d09e\""
    },
    "AssetParameters6412a5f4524c6b41d26fbeee226c68c2dad735393940a51008d77e6f8b1038f5S3Bucket85C3FF42": {
      "Type": "String",
      "Description": "S3 bucket for asset \"6412a5f4524c6b41d26fbeee226c68c2dad735393940a51008d77e6f8b1038f5\""
    },
    "AssetParameters6412a5f4524c6b41d26fbeee226c68c2dad735393940a51008d77e6f8b1038f5S3VersionKey34A02667": {
      "Type": "String",
      "Description": "S3 key for asset version \"6412a5f4524c6b41d26fbeee226c68c2dad735393940a51008d77e6f8b1038f5\""
    },
    "AssetParameters6412a5f4524c6b41d26fbeee226c68c2dad735393940a51008d77e6f8b1038f5ArtifactHashDC26AFAC": {
      "Type": "String",
      "Description": "Artifact hash for asset \"6412a5f4524c6b41d26fbeee226c68c2dad735393940a51008d77e6f8b1038f5\""
    },
    "AssetParameters08d08044426323f29a1dec4ad6ba40a16a9b2c8695f4408c833c01a7e536b8f2S3Bucket971225BF": {
      "Type": "String",
      "Description": "S3 bucket for asset \"08d08044426323f29a1dec4ad6ba40a16a9b2c8695f4408c833c01a7e536b8f2\""
    },
    "AssetParameters08d08044426323f29a1dec4ad6ba40a16a9b2c8695f4408c833c01a7e536b8f2S3VersionKeyF3C21C22": {
      "Type": "String",
      "Description": "S3 key for asset version \"08d08044426323f29a1dec4ad6ba40a16a9b2c8695f4408c833c01a7e536b8f2\""
    },
    "AssetParameters08d08044426323f29a1dec4ad6ba40a16a9b2c8695f4408c833c01a7e536b8f2ArtifactHash0F048917": {
      "Type": "String",
      "Description": "Artifact hash for asset \"08d08044426323f29a1dec4ad6ba40a16a9b2c8695f4408c833c01a7e536b8f2\""
    }
  }
}