{
  "Resources": {
    "FServiceRole3AC82EE1": {
      "Type": "AWS::IAM::Role",
      "Properties": {
        "AssumeRolePolicyDocument": {
          "Statement": [
            {
              "Action": "sts:AssumeRole",
              "Effect": "Allow",
              "Principal": {
                "Service": "lambda.amazonaws.com"
              }
            }
          ],
          "Version": "2012-10-17"
        },
        "ManagedPolicyArns": [
          {
            "Fn::Join": [
              "",
              [
                "arn:",
                {
                  "Ref": "AWS::Partition"
                },
                ":iam::aws:policy/service-role/AWSLambdaBasicExecutionRole"
              ]
            ]
          }
        ]
      }
    },
    "FServiceRoleDefaultPolicy17A19BFA": {
      "Type": "AWS::IAM::Policy",
      "Properties": {
        "PolicyDocument": {
          "Statement": [
            {
              "Action": [
                "sqs:SendMessage",
                "sqs:GetQueueAttributes",
                "sqs:GetQueueUrl"
              ],
              "Effect": "Allow",
              "Resource": {
                "Fn::GetAtt": [
                  "Q63C6E3AB",
                  "Arn"
                ]
              }
            },
            {
              "Action": [
                "kinesis:DescribeStream",
                "kinesis:GetRecords",
                "kinesis:GetShardIterator"
              ],
              "Effect": "Allow",
              "Resource": {
                "Fn::GetAtt": [
                  "S509448A1",
                  "Arn"
                ]
              }
            }
          ],
          "Version": "2012-10-17"
        },
        "PolicyName": "FServiceRoleDefaultPolicy17A19BFA",
        "Roles": [
          {
            "Ref": "FServiceRole3AC82EE1"
          }
        ]
      }
    },
    "FC4345940": {
      "Type": "AWS::Lambda::Function",
      "Properties": {
        "Code": {
          "ZipFile": "exports.handler = async function handler(event) {\n    // tslint:disable-next-line:no-console\n    console.log('event:', JSON.stringify(event, undefined, 2));\n    throw new Error();\n}"
        },
        "Handler": "index.handler",
        "Role": {
          "Fn::GetAtt": [
            "FServiceRole3AC82EE1",
            "Arn"
          ]
        },
        "Runtime": "nodejs10.x"
      },
      "DependsOn": [
        "FServiceRoleDefaultPolicy17A19BFA",
        "FServiceRole3AC82EE1"
      ]
    },
    "FKinesisEventSourcelambdaeventsourcekinesiswithdlqSD357FCB87EEA8CB4": {
      "Type": "AWS::Lambda::EventSourceMapping",
      "Properties": {
        "EventSourceArn": {
          "Fn::GetAtt": [
            "S509448A1",
            "Arn"
          ]
        },
        "FunctionName": {
          "Ref": "FC4345940"
        },
        "BatchSize": 100,
        "DestinationConfig": {
          "OnFailure": {
            "Destination": {
              "Fn::GetAtt": [
                "Q63C6E3AB",
                "Arn"
              ]
            }
          }
        },
        "MaximumRetryAttempts": 0,
        "StartingPosition": "TRIM_HORIZON"
      }
    },
    "S509448A1": {
      "Type": "AWS::Kinesis::Stream",
      "Properties": {
        "ShardCount": 1,
        "RetentionPeriodHours": 24
      }
    },
    "Q63C6E3AB": {
      "Type": "AWS::SQS::Queue"
    },
    "FPServiceRoleB1957CC2": {
      "Type": "AWS::IAM::Role",
      "Properties": {
        "AssumeRolePolicyDocument": {
          "Statement": [
            {
              "Action": "sts:AssumeRole",
              "Effect": "Allow",
              "Principal": {
                "Service": "lambda.amazonaws.com"
              }
            }
          ],
          "Version": "2012-10-17"
        },
        "ManagedPolicyArns": [
          {
            "Fn::Join": [
              "",
              [
                "arn:",
                {
                  "Ref": "AWS::Partition"
                },
                ":iam::aws:policy/service-role/AWSLambdaBasicExecutionRole"
              ]
            ]
          }
        ]
      }
    },
    "FP85AE6139": {
      "Type": "AWS::Lambda::Function",
      "Properties": {
        "Code": {
          "S3Bucket": {
            "Ref": "AssetParameters013549436de3944a6176501ce5de71aef355a25e669d5af45fd69f29785df604S3BucketF010E518"
          },
          "S3Key": {
            "Fn::Join": [
              "",
              [
                {
                  "Fn::Select": [
                    0,
                    {
                      "Fn::Split": [
                        "||",
                        {
                          "Ref": "AssetParameters013549436de3944a6176501ce5de71aef355a25e669d5af45fd69f29785df604S3VersionKeyB38C926C"
                        }
                      ]
                    }
                  ]
                },
                {
                  "Fn::Select": [
                    1,
                    {
                      "Fn::Split": [
                        "||",
                        {
                          "Ref": "AssetParameters013549436de3944a6176501ce5de71aef355a25e669d5af45fd69f29785df604S3VersionKeyB38C926C"
                        }
                      ]
                    }
                  ]
                }
              ]
            ]
          }
        },
        "Handler": "index.handler",
        "Role": {
          "Fn::GetAtt": [
            "FPServiceRoleB1957CC2",
            "Arn"
          ]
        },
        "Runtime": "nodejs10.x"
      },
      "DependsOn": [
        "FPServiceRoleB1957CC2"
      ]
    }
  },
  "Outputs": {
    "InputKinesisStreamName": {
      "Value": {
        "Ref": "S509448A1"
      }
    },
    "DlqSqsQueueUrl": {
      "Value": {
        "Ref": "Q63C6E3AB"
      }
    }
  },
  "Parameters": {
    "AssetParameters013549436de3944a6176501ce5de71aef355a25e669d5af45fd69f29785df604S3BucketF010E518": {
      "Type": "String",
      "Description": "S3 bucket for asset \"013549436de3944a6176501ce5de71aef355a25e669d5af45fd69f29785df604\""
    },
    "AssetParameters013549436de3944a6176501ce5de71aef355a25e669d5af45fd69f29785df604S3VersionKeyB38C926C": {
      "Type": "String",
      "Description": "S3 key for asset version \"013549436de3944a6176501ce5de71aef355a25e669d5af45fd69f29785df604\""
    },
    "AssetParameters013549436de3944a6176501ce5de71aef355a25e669d5af45fd69f29785df604ArtifactHash5300B2A6": {
      "Type": "String",
      "Description": "Artifact hash for asset \"013549436de3944a6176501ce5de71aef355a25e669d5af45fd69f29785df604\""
    }
  }
}