{
  "Resources": {
    "NestedNestedStackNestedNestedStackResourceDEFDAA4D": {
      "Type": "AWS::CloudFormation::Stack",
      "Properties": {
        "TemplateURL": {
          "Fn::Join": [
            "",
            [
              "https://s3.",
              {
                "Ref": "AWS::Region"
              },
              ".",
              {
                "Ref": "AWS::URLSuffix"
              },
              "/",
              {
                "Ref": "AssetParameters5cd6526b8ff91820a40ec780ff7e83eda1d28da215c84f94d817e85cda70bfddS3Bucket047D73D8"
              },
              "/",
              {
                "Fn::Select": [
                  0,
                  {
                    "Fn::Split": [
                      "||",
                      {
                        "Ref": "AssetParameters5cd6526b8ff91820a40ec780ff7e83eda1d28da215c84f94d817e85cda70bfddS3VersionKeyDA7C897E"
                      }
                    ]
                  }
                ]
              },
              {
                "Fn::Select": [
                  1,
                  {
                    "Fn::Split": [
                      "||",
                      {
                        "Ref": "AssetParameters5cd6526b8ff91820a40ec780ff7e83eda1d28da215c84f94d817e85cda70bfddS3VersionKeyDA7C897E"
                      }
                    ]
                  }
                ]
              }
            ]
          ]
        },
        "Parameters": {
          "referencetonestedstacksassetsAssetParametersb13aad60258df1fbe5fb1312a7b2f8f25c03b3e07113782f7c12f00e023e148aS3BucketE2268D38Ref": {
            "Ref": "AssetParametersb13aad60258df1fbe5fb1312a7b2f8f25c03b3e07113782f7c12f00e023e148aS3BucketC5E2D427"
          },
          "referencetonestedstacksassetsAssetParametersb13aad60258df1fbe5fb1312a7b2f8f25c03b3e07113782f7c12f00e023e148aS3VersionKeyD31C6796Ref": {
            "Ref": "AssetParametersb13aad60258df1fbe5fb1312a7b2f8f25c03b3e07113782f7c12f00e023e148aS3VersionKey31422F11"
          }
        }
      }
    }
  },
  "Parameters": {
    "AssetParametersb13aad60258df1fbe5fb1312a7b2f8f25c03b3e07113782f7c12f00e023e148aS3BucketC5E2D427": {
      "Type": "String",
      "Description": "S3 bucket for asset \"b13aad60258df1fbe5fb1312a7b2f8f25c03b3e07113782f7c12f00e023e148a\""
    },
    "AssetParametersb13aad60258df1fbe5fb1312a7b2f8f25c03b3e07113782f7c12f00e023e148aS3VersionKey31422F11": {
      "Type": "String",
      "Description": "S3 key for asset version \"b13aad60258df1fbe5fb1312a7b2f8f25c03b3e07113782f7c12f00e023e148a\""
    },
    "AssetParametersb13aad60258df1fbe5fb1312a7b2f8f25c03b3e07113782f7c12f00e023e148aArtifactHash2897446E": {
      "Type": "String",
      "Description": "Artifact hash for asset \"b13aad60258df1fbe5fb1312a7b2f8f25c03b3e07113782f7c12f00e023e148a\""
    },
    "AssetParameters5cd6526b8ff91820a40ec780ff7e83eda1d28da215c84f94d817e85cda70bfddS3Bucket047D73D8": {
      "Type": "String",
      "Description": "S3 bucket for asset \"5cd6526b8ff91820a40ec780ff7e83eda1d28da215c84f94d817e85cda70bfdd\""
    },
    "AssetParameters5cd6526b8ff91820a40ec780ff7e83eda1d28da215c84f94d817e85cda70bfddS3VersionKeyDA7C897E": {
      "Type": "String",
      "Description": "S3 key for asset version \"5cd6526b8ff91820a40ec780ff7e83eda1d28da215c84f94d817e85cda70bfdd\""
    },
    "AssetParameters5cd6526b8ff91820a40ec780ff7e83eda1d28da215c84f94d817e85cda70bfddArtifactHash8BD08293": {
      "Type": "String",
      "Description": "Artifact hash for asset \"5cd6526b8ff91820a40ec780ff7e83eda1d28da215c84f94d817e85cda70bfdd\""
    }
  }
}