{
  "Resources": {
    "Bucket83908E77": {
      "Type": "AWS::S3::Bucket",
      "UpdateReplacePolicy": "Retain",
      "DeletionPolicy": "Retain"
    },
    "BucketPolicyE9A3008A": {
      "Type": "AWS::S3::BucketPolicy",
      "Properties": {
        "Bucket": {
          "Ref": "Bucket83908E77"
        },
        "PolicyDocument": {
          "Statement": [
            {
              "Action": "s3:GetObject",
              "Effect": "Allow",
              "Principal": {
                "CanonicalUser": {
                  "Fn::GetAtt": [
                    "CustomHeadersDistributionOrigin1S3Origin228336C2",
                    "S3CanonicalUserId"
                  ]
                }
              },
              "Resource": {
                "Fn::Join": [
                  "",
                  [
                    {
                      "Fn::GetAtt": [
                        "Bucket83908E77",
                        "Arn"
                      ]
                    },
                    "/*"
                  ]
                ]
              }
            }
          ],
          "Version": "2012-10-17"
        }
      }
    },
    "CustomHeadersDistributionOrigin1S3Origin228336C2": {
      "Type": "AWS::CloudFront::CloudFrontOriginAccessIdentity",
      "Properties": {
        "CloudFrontOriginAccessIdentityConfig": {
          "Comment": "Identity for cloudfronts3origincustomheadersCustomHeadersDistributionOrigin1E15B39B0"
        }
      }
    },
    "CustomHeadersDistributionCD595FB7": {
      "Type": "AWS::CloudFront::Distribution",
      "Properties": {
        "DistributionConfig": {
          "DefaultCacheBehavior": {
            "CachePolicyId": "658327ea-f89d-4fab-a63d-7e88639e58f6",
            "Compress": true,
            "TargetOriginId": "cloudfronts3origincustomheadersCustomHeadersDistributionOrigin1E15B39B0",
            "ViewerProtocolPolicy": "allow-all"
          },
          "Enabled": true,
          "HttpVersion": "http2",
          "IPV6Enabled": true,
          "Origins": [
            {
              "DomainName": {
                "Fn::GetAtt": [
                  "Bucket83908E77",
                  "RegionalDomainName"
                ]
              },
              "Id": "cloudfronts3origincustomheadersCustomHeadersDistributionOrigin1E15B39B0",
              "OriginCustomHeaders": [
                {
                  "HeaderName": "Foo",
                  "HeaderValue": "Bar"
                }
              ],
              "S3OriginConfig": {
                "OriginAccessIdentity": {
                  "Fn::Join": [
                    "",
                    [
                      "origin-access-identity/cloudfront/",
                      {
                        "Ref": "CustomHeadersDistributionOrigin1S3Origin228336C2"
                      }
                    ]
                  ]
                }
              }
            }
          ]
        }
      }
    }
  }
}