{
  "Resources": {
    "Bucket83908E77": {
      "Type": "AWS::S3::Bucket"
    },
    "MyDistributionCFDistributionDE147309": {
      "Type": "AWS::CloudFront::Distribution",
      "Properties": {
        "DistributionConfig": {
          "CacheBehaviors": [],
          "DefaultCacheBehavior": {
            "AllowedMethods": [
              "GET",
              "HEAD"
            ],
            "CachedMethods": [
              "GET",
              "HEAD"
            ],
            "ForwardedValues": {
              "Cookies": {
                "Forward": "none"
              },
              "QueryString": false
            },
            "TargetOriginId": "origin1",
            "ViewerProtocolPolicy": "redirect-to-https"
          },
          "DefaultRootObject": "index.html",
          "Enabled": true,
          "HttpVersion": "http2",
          "IPV6Enabled": true,
          "Origins": [
            {
              "DomainName": {
                "Fn::ImportValue":"aws-cdk-cloudfront:BucketBucketDomain3E81AE28"
              },
              "Id": "origin1",
              "S3OriginConfig": {}
            }
          ],
          "PriceClass": "PriceClass_100",
          "ViewerCertificate": {
            "CloudFrontDefaultCertificate": true
          }
        }
      }
    }
  },
  "Outputs": {
    "BucketBucketDomain3E81AE28": {
      "Value": {
        "Fn::GetAtt": [
          "Bucket83908E77",
          "DomainName"
        ]
      },
      "Export": {
        "Name": "aws-cdk-cloudfront:BucketBucketDomain3E81AE28"
      }
    }
  }
}