{
  "Resources": {
    "TableCD117FA1": {
      "Type": "AWS::DynamoDB::Table",
      "Properties": {
        "KeySchema": [
          {
            "AttributeName": "id",
            "KeyType": "HASH"
          }
        ],
        "AttributeDefinitions": [
          {
            "AttributeName": "id",
            "AttributeType": "S"
          },
          {
            "AttributeName": "key",
            "AttributeType": "S"
          }
        ],
        "BillingMode": "PAY_PER_REQUEST",
        "GlobalSecondaryIndexes": [
          {
            "IndexName": "my-index",
            "KeySchema": [
              {
                "AttributeName": "key",
                "KeyType": "HASH"
              }
            ],
            "Projection": {
              "ProjectionType": "ALL"
            }
          }
        ],
        "StreamSpecification": {
          "StreamViewType": "NEW_AND_OLD_IMAGES"
        }
      },
      "UpdateReplacePolicy": "Delete",
      "DeletionPolicy": "Delete"
    },
    "TableReplicaeuwest290D3CD3A": {
      "Type": "Custom::DynamoDBReplica",
      "Properties": {
        "ServiceToken": {
          "Fn::GetAtt": [
            "awscdkawsdynamodbReplicaProviderNestedStackawscdkawsdynamodbReplicaProviderNestedStackResource18E3F12D",
            "Outputs.cdkdynamodbglobal20191121awscdkawsdynamodbReplicaProviderframeworkonEventCFDD0BA0Arn"
          ]
        },
        "TableName": {
          "Ref": "TableCD117FA1"
        },
        "Region": "eu-west-2"
      },
      "UpdateReplacePolicy": "Delete",
      "DeletionPolicy": "Delete"
    },
    "TableReplicaeucentral100A6A6E0": {
      "Type": "Custom::DynamoDBReplica",
      "Properties": {
        "ServiceToken": {
          "Fn::GetAtt": [
            "awscdkawsdynamodbReplicaProviderNestedStackawscdkawsdynamodbReplicaProviderNestedStackResource18E3F12D",
            "Outputs.cdkdynamodbglobal20191121awscdkawsdynamodbReplicaProviderframeworkonEventCFDD0BA0Arn"
          ]
        },
        "TableName": {
          "Ref": "TableCD117FA1"
        },
        "Region": "eu-central-1"
      },
      "DependsOn": [
        "TableReplicaeuwest290D3CD3A"
      ],
      "UpdateReplacePolicy": "Delete",
      "DeletionPolicy": "Delete"
    },
    "awscdkawsdynamodbReplicaProviderNestedStackawscdkawsdynamodbReplicaProviderNestedStackResource18E3F12D": {
      "Type": "AWS::CloudFormation::Stack",
      "Properties": {
        "TemplateURL": {
          "Fn::Join": [
            "",
            [
              "https://s3.eu-west-1.",
              {
                "Ref": "AWS::URLSuffix"
              },
              "/",
              {
                "Ref": "AssetParametersafdc3a1a87bf28dcfe1d79e1b371e36475f7556332579dca227e49b07cef0d20S3Bucket5E3F5D37"
              },
              "/",
              {
                "Fn::Select": [
                  0,
                  {
                    "Fn::Split": [
                      "||",
                      {
                        "Ref": "AssetParametersafdc3a1a87bf28dcfe1d79e1b371e36475f7556332579dca227e49b07cef0d20S3VersionKey3C32F04E"
                      }
                    ]
                  }
                ]
              },
              {
                "Fn::Select": [
                  1,
                  {
                    "Fn::Split": [
                      "||",
                      {
                        "Ref": "AssetParametersafdc3a1a87bf28dcfe1d79e1b371e36475f7556332579dca227e49b07cef0d20S3VersionKey3C32F04E"
                      }
                    ]
                  }
                ]
              }
            ]
          ]
        },
        "Parameters": {
          "referencetocdkdynamodbglobal20191121TableB640876BArn": {
            "Fn::GetAtt": [
              "TableCD117FA1",
              "Arn"
            ]
          },
          "referencetocdkdynamodbglobal20191121TableB640876BRef": {
            "Ref": "TableCD117FA1"
          },
          "referencetocdkdynamodbglobal20191121AssetParameters14a0f76f71d9d02cb43a1562548e936854b0df5fd0785c7ac6b3e7c1dc35a153S3Bucket5E527AB6Ref": {
            "Ref": "AssetParameters14a0f76f71d9d02cb43a1562548e936854b0df5fd0785c7ac6b3e7c1dc35a153S3Bucket97B27A38"
          },
          "referencetocdkdynamodbglobal20191121AssetParameters14a0f76f71d9d02cb43a1562548e936854b0df5fd0785c7ac6b3e7c1dc35a153S3VersionKey7881F574Ref": {
            "Ref": "AssetParameters14a0f76f71d9d02cb43a1562548e936854b0df5fd0785c7ac6b3e7c1dc35a153S3VersionKey43E17D12"
          },
          "referencetocdkdynamodbglobal20191121AssetParameters5e49cf64d8027f48872790f80cdb76c5b836ecf9a70b71be1eb937a5c25a47c1S3Bucket6627F4A7Ref": {
            "Ref": "AssetParameters5e49cf64d8027f48872790f80cdb76c5b836ecf9a70b71be1eb937a5c25a47c1S3Bucket663A709C"
          },
          "referencetocdkdynamodbglobal20191121AssetParameters5e49cf64d8027f48872790f80cdb76c5b836ecf9a70b71be1eb937a5c25a47c1S3VersionKeyD04C038CRef": {
            "Ref": "AssetParameters5e49cf64d8027f48872790f80cdb76c5b836ecf9a70b71be1eb937a5c25a47c1S3VersionKeyF33697EB"
          }
        }
      }
    }
  },
  "Parameters": {
    "AssetParameters14a0f76f71d9d02cb43a1562548e936854b0df5fd0785c7ac6b3e7c1dc35a153S3Bucket97B27A38": {
      "Type": "String",
      "Description": "S3 bucket for asset \"14a0f76f71d9d02cb43a1562548e936854b0df5fd0785c7ac6b3e7c1dc35a153\""
    },
    "AssetParameters14a0f76f71d9d02cb43a1562548e936854b0df5fd0785c7ac6b3e7c1dc35a153S3VersionKey43E17D12": {
      "Type": "String",
      "Description": "S3 key for asset version \"14a0f76f71d9d02cb43a1562548e936854b0df5fd0785c7ac6b3e7c1dc35a153\""
    },
    "AssetParameters14a0f76f71d9d02cb43a1562548e936854b0df5fd0785c7ac6b3e7c1dc35a153ArtifactHash0B8EAAD3": {
      "Type": "String",
      "Description": "Artifact hash for asset \"14a0f76f71d9d02cb43a1562548e936854b0df5fd0785c7ac6b3e7c1dc35a153\""
    },
    "AssetParameters5e49cf64d8027f48872790f80cdb76c5b836ecf9a70b71be1eb937a5c25a47c1S3Bucket663A709C": {
      "Type": "String",
      "Description": "S3 bucket for asset \"5e49cf64d8027f48872790f80cdb76c5b836ecf9a70b71be1eb937a5c25a47c1\""
    },
    "AssetParameters5e49cf64d8027f48872790f80cdb76c5b836ecf9a70b71be1eb937a5c25a47c1S3VersionKeyF33697EB": {
      "Type": "String",
      "Description": "S3 key for asset version \"5e49cf64d8027f48872790f80cdb76c5b836ecf9a70b71be1eb937a5c25a47c1\""
    },
    "AssetParameters5e49cf64d8027f48872790f80cdb76c5b836ecf9a70b71be1eb937a5c25a47c1ArtifactHash251241BC": {
      "Type": "String",
      "Description": "Artifact hash for asset \"5e49cf64d8027f48872790f80cdb76c5b836ecf9a70b71be1eb937a5c25a47c1\""
    },
    "AssetParametersafdc3a1a87bf28dcfe1d79e1b371e36475f7556332579dca227e49b07cef0d20S3Bucket5E3F5D37": {
      "Type": "String",
      "Description": "S3 bucket for asset \"afdc3a1a87bf28dcfe1d79e1b371e36475f7556332579dca227e49b07cef0d20\""
    },
    "AssetParametersafdc3a1a87bf28dcfe1d79e1b371e36475f7556332579dca227e49b07cef0d20S3VersionKey3C32F04E": {
      "Type": "String",
      "Description": "S3 key for asset version \"afdc3a1a87bf28dcfe1d79e1b371e36475f7556332579dca227e49b07cef0d20\""
    },
    "AssetParametersafdc3a1a87bf28dcfe1d79e1b371e36475f7556332579dca227e49b07cef0d20ArtifactHashD7FDBEA1": {
      "Type": "String",
      "Description": "Artifact hash for asset \"afdc3a1a87bf28dcfe1d79e1b371e36475f7556332579dca227e49b07cef0d20\""
    }
  }
}