{
  "Resources": {
    "TableCD117FA1": {
      "Type": "AWS::DynamoDB::Table",
      "Properties": {
        "KeySchema": [
          {
            "AttributeName": "hashKey",
            "KeyType": "HASH"
          }
        ],
        "ProvisionedThroughput": {
          "ReadCapacityUnits": 5,
          "WriteCapacityUnits": 5
        },
        "AttributeDefinitions": [
          {
            "AttributeName": "hashKey",
            "AttributeType": "S"
          }
        ],
        "GlobalSecondaryIndexes": [],
        "LocalSecondaryIndexes": []
      }
    },
    "TableScalingRole280460A7": {
      "Type": "AWS::IAM::Role",
      "Properties": {
        "AssumeRolePolicyDocument": {
          "Statement": [
            {
              "Action": "sts:AssumeRole",
              "Effect": "Allow",
              "Principal": {
                "Service": "application-autoscaling.amazonaws.com"
              }
            }
          ],
          "Version": "2012-10-17"
        }
      }
    },
    "TableScalingRoleDefaultPolicy11921044": {
      "Type": "AWS::IAM::Policy",
      "Properties": {
        "PolicyDocument": {
          "Statement": [
            {
              "Action": [
                "dynamodb:DescribeTable",
                "dynamodb:UpdateTable"
              ],
              "Effect": "Allow",
              "Resource": {
                "Fn::GetAtt": [
                  "TableCD117FA1",
                  "Arn"
                ]
              }
            },
            {
              "Action": [
                "cloudwatch:PutMetricAlarm",
                "cloudwatch:DescribeAlarms",
                "cloudwatch:GetMetricStatistics",
                "cloudwatch:SetAlarmState",
                "cloudwatch:DeleteAlarms"
              ],
              "Effect": "Allow",
              "Resource": "*"
            }
          ],
          "Version": "2012-10-17"
        },
        "PolicyName": "TableScalingRoleDefaultPolicy11921044",
        "Roles": [
          {
            "Ref": "TableScalingRole280460A7"
          }
        ]
      }
    },
    "TableReadScalingTargetF96E9F76": {
      "Type": "AWS::ApplicationAutoScaling::ScalableTarget",
      "Properties": {
        "MaxCapacity": 50,
        "MinCapacity": 1,
        "ResourceId": {
          "Fn::Join": [
            "",
            [
              "table/",
              {
                "Ref": "TableCD117FA1"
              }
            ]
          ]
        },
        "RoleARN": {
          "Fn::GetAtt": [
            "TableScalingRole280460A7",
            "Arn"
          ]
        },
        "ScalableDimension": "dynamodb:table:ReadCapacityUnits",
        "ServiceNamespace": "dynamodb",
        "ScheduledActions": [
          {
            "ScalableTargetAction": {
              "MinCapacity": 20
            },
            "Schedule": "cron(0 8 * * ?)",
            "ScheduledActionName": "ScaleUpInTheMorning"
          },
          {
            "ScalableTargetAction": {
              "MaxCapacity": 20
            },
            "Schedule": "cron(0 20 * * ?)",
            "ScheduledActionName": "ScaleDownAtNight"
          }
        ]
      }
    },
    "TableReadScalingTargetTracking67DF0596": {
      "Type": "AWS::ApplicationAutoScaling::ScalingPolicy",
      "Properties": {
        "PolicyName": "awscdkdynamodbTableReadScalingTargetTrackingC9729D9C",
        "PolicyType": "TargetTrackingScaling",
        "ScalingTargetId": {
          "Ref": "TableReadScalingTargetF96E9F76"
        },
        "TargetTrackingScalingPolicyConfiguration": {
          "PredefinedMetricSpecification": {
            "PredefinedMetricType": "DynamoDBReadCapacityUtilization"
          },
          "TargetValue": 50
        }
      }
    }
  }
}
