{
  "Resources": {
    "MyRepoF4F48043": {
      "Type": "AWS::CodeCommit::Repository",
      "Properties": {
        "RepositoryName": "my-repo"
      }
    },
    "MyRepoCodestarnotificationsWithCodepipelineIntegMyPipelineAEC7785AEventRuleEAF41145": {
      "Type": "AWS::Events::Rule",
      "Properties": {
        "EventPattern": {
          "source": [
            "aws.codecommit"
          ],
          "resources": [
            {
              "Fn::GetAtt": [
                "MyRepoF4F48043",
                "Arn"
              ]
            }
          ],
          "detail-type": [
            "CodeCommit Repository State Change"
          ],
          "detail": {
            "event": [
              "referenceCreated",
              "referenceUpdated"
            ],
            "referenceName": [
              "master"
            ]
          }
        },
        "State": "ENABLED",
        "Targets": [
          {
            "Arn": {
              "Fn::Join": [
                "",
                [
                  "arn:",
                  {
                    "Ref": "AWS::Partition"
                  },
                  ":codepipeline:",
                  {
                    "Ref": "AWS::Region"
                  },
                  ":",
                  {
                    "Ref": "AWS::AccountId"
                  },
                  ":",
                  {
                    "Ref": "MyPipelineAED38ECF"
                  }
                ]
              ]
            },
            "Id": "Target0",
            "RoleArn": {
              "Fn::GetAtt": [
                "MyPipelineEventsRoleFAB99F32",
                "Arn"
              ]
            }
          }
        ]
      }
    },
    "MyBucketF68F3FF0": {
      "Type": "AWS::S3::Bucket",
      "UpdateReplacePolicy": "Delete",
      "DeletionPolicy": "Delete"
    },
    "MyTestCodebuildProjectRole0B4E82E4": {
      "Type": "AWS::IAM::Role",
      "Properties": {
        "AssumeRolePolicyDocument": {
          "Statement": [
            {
              "Action": "sts:AssumeRole",
              "Effect": "Allow",
              "Principal": {
                "Service": "codebuild.amazonaws.com"
              }
            }
          ],
          "Version": "2012-10-17"
        }
      }
    },
    "MyTestCodebuildProjectRoleDefaultPolicy723A381D": {
      "Type": "AWS::IAM::Policy",
      "Properties": {
        "PolicyDocument": {
          "Statement": [
            {
              "Action": [
                "logs:CreateLogGroup",
                "logs:CreateLogStream",
                "logs:PutLogEvents"
              ],
              "Effect": "Allow",
              "Resource": [
                {
                  "Fn::Join": [
                    "",
                    [
                      "arn:",
                      {
                        "Ref": "AWS::Partition"
                      },
                      ":logs:",
                      {
                        "Ref": "AWS::Region"
                      },
                      ":",
                      {
                        "Ref": "AWS::AccountId"
                      },
                      ":log-group:/aws/codebuild/",
                      {
                        "Ref": "MyTestCodebuildProject7959878A"
                      }
                    ]
                  ]
                },
                {
                  "Fn::Join": [
                    "",
                    [
                      "arn:",
                      {
                        "Ref": "AWS::Partition"
                      },
                      ":logs:",
                      {
                        "Ref": "AWS::Region"
                      },
                      ":",
                      {
                        "Ref": "AWS::AccountId"
                      },
                      ":log-group:/aws/codebuild/",
                      {
                        "Ref": "MyTestCodebuildProject7959878A"
                      },
                      ":*"
                    ]
                  ]
                }
              ]
            },
            {
              "Action": [
                "codebuild:CreateReportGroup",
                "codebuild:CreateReport",
                "codebuild:UpdateReport",
                "codebuild:BatchPutTestCases"
              ],
              "Effect": "Allow",
              "Resource": {
                "Fn::Join": [
                  "",
                  [
                    "arn:",
                    {
                      "Ref": "AWS::Partition"
                    },
                    ":codebuild:",
                    {
                      "Ref": "AWS::Region"
                    },
                    ":",
                    {
                      "Ref": "AWS::AccountId"
                    },
                    ":report-group/",
                    {
                      "Ref": "MyTestCodebuildProject7959878A"
                    },
                    "-*"
                  ]
                ]
              }
            },
            {
              "Action": [
                "s3:GetObject*",
                "s3:GetBucket*",
                "s3:List*"
              ],
              "Effect": "Allow",
              "Resource": [
                {
                  "Fn::GetAtt": [
                    "MyBucketF68F3FF0",
                    "Arn"
                  ]
                },
                {
                  "Fn::Join": [
                    "",
                    [
                      {
                        "Fn::GetAtt": [
                          "MyBucketF68F3FF0",
                          "Arn"
                        ]
                      },
                      "/*"
                    ]
                  ]
                }
              ]
            }
          ],
          "Version": "2012-10-17"
        },
        "PolicyName": "MyTestCodebuildProjectRoleDefaultPolicy723A381D",
        "Roles": [
          {
            "Ref": "MyTestCodebuildProjectRole0B4E82E4"
          }
        ]
      }
    },
    "MyTestCodebuildProject7959878A": {
      "Type": "AWS::CodeBuild::Project",
      "Properties": {
        "Artifacts": {
          "Type": "CODEPIPELINE"
        },
        "Environment": {
          "ComputeType": "BUILD_GENERAL1_SMALL",
          "Image": "aws/codebuild/standard:1.0",
          "PrivilegedMode": false,
          "Type": "LINUX_CONTAINER"
        },
        "ServiceRole": {
          "Fn::GetAtt": [
            "MyTestCodebuildProjectRole0B4E82E4",
            "Arn"
          ]
        },
        "Source": {
          "BuildSpec": "{\n  \"version\": \"0.2\",\n  \"phases\": {\n    \"install\": {\n      \"runtime-versions\": {\n        \"docker\": 18\n      }\n    },\n    \"build\": {\n      \"commands\": [\n        \"echo \\\"Nothing to do!\\\"\"\n      ]\n    }\n  }\n}",
          "Type": "CODEPIPELINE"
        }
      }
    },
    "MyPipelineRoleC0D47CA4": {
      "Type": "AWS::IAM::Role",
      "Properties": {
        "AssumeRolePolicyDocument": {
          "Statement": [
            {
              "Action": "sts:AssumeRole",
              "Effect": "Allow",
              "Principal": {
                "Service": "codepipeline.amazonaws.com"
              }
            }
          ],
          "Version": "2012-10-17"
        }
      }
    },
    "MyPipelineRoleDefaultPolicy34F09EFA": {
      "Type": "AWS::IAM::Policy",
      "Properties": {
        "PolicyDocument": {
          "Statement": [
            {
              "Action": [
                "s3:GetObject*",
                "s3:GetBucket*",
                "s3:List*",
                "s3:DeleteObject*",
                "s3:PutObject*",
                "s3:Abort*"
              ],
              "Effect": "Allow",
              "Resource": [
                {
                  "Fn::GetAtt": [
                    "MyBucketF68F3FF0",
                    "Arn"
                  ]
                },
                {
                  "Fn::Join": [
                    "",
                    [
                      {
                        "Fn::GetAtt": [
                          "MyBucketF68F3FF0",
                          "Arn"
                        ]
                      },
                      "/*"
                    ]
                  ]
                }
              ]
            },
            {
              "Action": "sts:AssumeRole",
              "Effect": "Allow",
              "Resource": {
                "Fn::GetAtt": [
                  "MyPipelineSourceStageFetchSourceChangedCodePipelineActionRoleE83DDD81",
                  "Arn"
                ]
              }
            },
            {
              "Action": "sts:AssumeRole",
              "Effect": "Allow",
              "Resource": {
                "Fn::GetAtt": [
                  "MyPipelineTestStageExecuteCodePipelineActionRole2BB9A57E",
                  "Arn"
                ]
              }
            }
          ],
          "Version": "2012-10-17"
        },
        "PolicyName": "MyPipelineRoleDefaultPolicy34F09EFA",
        "Roles": [
          {
            "Ref": "MyPipelineRoleC0D47CA4"
          }
        ]
      }
    },
    "MyPipelineAED38ECF": {
      "Type": "AWS::CodePipeline::Pipeline",
      "Properties": {
        "RoleArn": {
          "Fn::GetAtt": [
            "MyPipelineRoleC0D47CA4",
            "Arn"
          ]
        },
        "Stages": [
          {
            "Actions": [
              {
                "ActionTypeId": {
                  "Category": "Source",
                  "Owner": "AWS",
                  "Provider": "CodeCommit",
                  "Version": "1"
                },
                "Configuration": {
                  "RepositoryName": {
                    "Fn::GetAtt": [
                      "MyRepoF4F48043",
                      "Name"
                    ]
                  },
                  "BranchName": "master",
                  "PollForSourceChanges": false
                },
                "Name": "FetchSourceChanged",
                "OutputArtifacts": [
                  {
                    "Name": "Artifact_SourceStage_FetchSourceChanged"
                  }
                ],
                "RoleArn": {
                  "Fn::GetAtt": [
                    "MyPipelineSourceStageFetchSourceChangedCodePipelineActionRoleE83DDD81",
                    "Arn"
                  ]
                },
                "RunOrder": 1
              }
            ],
            "Name": "SourceStage"
          },
          {
            "Actions": [
              {
                "ActionTypeId": {
                  "Category": "Build",
                  "Owner": "AWS",
                  "Provider": "CodeBuild",
                  "Version": "1"
                },
                "Configuration": {
                  "ProjectName": {
                    "Ref": "MyTestCodebuildProject7959878A"
                  }
                },
                "InputArtifacts": [
                  {
                    "Name": "Artifact_SourceStage_FetchSourceChanged"
                  }
                ],
                "Name": "Execute",
                "RoleArn": {
                  "Fn::GetAtt": [
                    "MyPipelineTestStageExecuteCodePipelineActionRole2BB9A57E",
                    "Arn"
                  ]
                },
                "RunOrder": 1
              }
            ],
            "Name": "TestStage"
          }
        ],
        "ArtifactStore": {
          "Location": {
            "Ref": "MyBucketF68F3FF0"
          },
          "Type": "S3"
        }
      },
      "DependsOn": [
        "MyPipelineRoleDefaultPolicy34F09EFA",
        "MyPipelineRoleC0D47CA4"
      ]
    },
    "MyPipelineSourceStageFetchSourceChangedCodePipelineActionRoleE83DDD81": {
      "Type": "AWS::IAM::Role",
      "Properties": {
        "AssumeRolePolicyDocument": {
          "Statement": [
            {
              "Action": "sts:AssumeRole",
              "Effect": "Allow",
              "Principal": {
                "AWS": {
                  "Fn::Join": [
                    "",
                    [
                      "arn:",
                      {
                        "Ref": "AWS::Partition"
                      },
                      ":iam::",
                      {
                        "Ref": "AWS::AccountId"
                      },
                      ":root"
                    ]
                  ]
                }
              }
            }
          ],
          "Version": "2012-10-17"
        }
      }
    },
    "MyPipelineSourceStageFetchSourceChangedCodePipelineActionRoleDefaultPolicyE69235AD": {
      "Type": "AWS::IAM::Policy",
      "Properties": {
        "PolicyDocument": {
          "Statement": [
            {
              "Action": [
                "s3:GetObject*",
                "s3:GetBucket*",
                "s3:List*",
                "s3:DeleteObject*",
                "s3:PutObject*",
                "s3:Abort*"
              ],
              "Effect": "Allow",
              "Resource": [
                {
                  "Fn::GetAtt": [
                    "MyBucketF68F3FF0",
                    "Arn"
                  ]
                },
                {
                  "Fn::Join": [
                    "",
                    [
                      {
                        "Fn::GetAtt": [
                          "MyBucketF68F3FF0",
                          "Arn"
                        ]
                      },
                      "/*"
                    ]
                  ]
                }
              ]
            },
            {
              "Action": [
                "codecommit:GetBranch",
                "codecommit:GetCommit",
                "codecommit:UploadArchive",
                "codecommit:GetUploadArchiveStatus",
                "codecommit:CancelUploadArchive"
              ],
              "Effect": "Allow",
              "Resource": {
                "Fn::GetAtt": [
                  "MyRepoF4F48043",
                  "Arn"
                ]
              }
            }
          ],
          "Version": "2012-10-17"
        },
        "PolicyName": "MyPipelineSourceStageFetchSourceChangedCodePipelineActionRoleDefaultPolicyE69235AD",
        "Roles": [
          {
            "Ref": "MyPipelineSourceStageFetchSourceChangedCodePipelineActionRoleE83DDD81"
          }
        ]
      }
    },
    "MyPipelineEventsRoleFAB99F32": {
      "Type": "AWS::IAM::Role",
      "Properties": {
        "AssumeRolePolicyDocument": {
          "Statement": [
            {
              "Action": "sts:AssumeRole",
              "Effect": "Allow",
              "Principal": {
                "Service": "events.amazonaws.com"
              }
            }
          ],
          "Version": "2012-10-17"
        }
      }
    },
    "MyPipelineEventsRoleDefaultPolicyF045F033": {
      "Type": "AWS::IAM::Policy",
      "Properties": {
        "PolicyDocument": {
          "Statement": [
            {
              "Action": "codepipeline:StartPipelineExecution",
              "Effect": "Allow",
              "Resource": {
                "Fn::Join": [
                  "",
                  [
                    "arn:",
                    {
                      "Ref": "AWS::Partition"
                    },
                    ":codepipeline:",
                    {
                      "Ref": "AWS::Region"
                    },
                    ":",
                    {
                      "Ref": "AWS::AccountId"
                    },
                    ":",
                    {
                      "Ref": "MyPipelineAED38ECF"
                    }
                  ]
                ]
              }
            }
          ],
          "Version": "2012-10-17"
        },
        "PolicyName": "MyPipelineEventsRoleDefaultPolicyF045F033",
        "Roles": [
          {
            "Ref": "MyPipelineEventsRoleFAB99F32"
          }
        ]
      }
    },
    "MyPipelineTestStageExecuteCodePipelineActionRole2BB9A57E": {
      "Type": "AWS::IAM::Role",
      "Properties": {
        "AssumeRolePolicyDocument": {
          "Statement": [
            {
              "Action": "sts:AssumeRole",
              "Effect": "Allow",
              "Principal": {
                "AWS": {
                  "Fn::Join": [
                    "",
                    [
                      "arn:",
                      {
                        "Ref": "AWS::Partition"
                      },
                      ":iam::",
                      {
                        "Ref": "AWS::AccountId"
                      },
                      ":root"
                    ]
                  ]
                }
              }
            }
          ],
          "Version": "2012-10-17"
        }
      }
    },
    "MyPipelineTestStageExecuteCodePipelineActionRoleDefaultPolicyF9F3B765": {
      "Type": "AWS::IAM::Policy",
      "Properties": {
        "PolicyDocument": {
          "Statement": [
            {
              "Action": [
                "codebuild:BatchGetBuilds",
                "codebuild:StartBuild",
                "codebuild:StopBuild"
              ],
              "Effect": "Allow",
              "Resource": {
                "Fn::GetAtt": [
                  "MyTestCodebuildProject7959878A",
                  "Arn"
                ]
              }
            }
          ],
          "Version": "2012-10-17"
        },
        "PolicyName": "MyPipelineTestStageExecuteCodePipelineActionRoleDefaultPolicyF9F3B765",
        "Roles": [
          {
            "Ref": "MyPipelineTestStageExecuteCodePipelineActionRole2BB9A57E"
          }
        ]
      }
    },
    "MySlackChannelConfigurationRole1D3F23AE": {
      "Type": "AWS::IAM::Role",
      "Properties": {
        "AssumeRolePolicyDocument": {
          "Statement": [
            {
              "Action": "sts:AssumeRole",
              "Effect": "Allow",
              "Principal": {
                "Service": "chatbot.amazonaws.com"
              }
            }
          ],
          "Version": "2012-10-17"
        }
      }
    },
    "MySlackChannelA8E0B56C": {
      "Type": "AWS::Chatbot::SlackChannelConfiguration",
      "Properties": {
        "ConfigurationName": "test-slack-with-codebuild",
        "IamRoleArn": {
          "Fn::GetAtt": [
            "MySlackChannelConfigurationRole1D3F23AE",
            "Arn"
          ]
        },
        "SlackChannelId": "C0187JABUE9",
        "SlackWorkspaceId": "T49239U4W",
        "LoggingLevel": "NONE"
      }
    },
    "MyTopic13BD94FE8": {
      "Type": "AWS::SNS::Topic"
    },
    "MyTopic1PolicyE867962F": {
      "Type": "AWS::SNS::TopicPolicy",
      "Properties": {
        "PolicyDocument": {
          "Statement": [
            {
              "Action": "sns:Publish",
              "Effect": "Allow",
              "Principal": {
                "Service": "codestar-notifications.amazonaws.com"
              },
              "Resource": {
                "Ref": "MyTopic13BD94FE8"
              },
              "Sid": "0"
            }
          ],
          "Version": "2012-10-17"
        },
        "Topics": [
          {
            "Ref": "MyTopic13BD94FE8"
          }
        ]
      }
    },
    "MyTopic288CE2107": {
      "Type": "AWS::SNS::Topic"
    },
    "MyTopic2PolicyEE5C0174": {
      "Type": "AWS::SNS::TopicPolicy",
      "Properties": {
        "PolicyDocument": {
          "Statement": [
            {
              "Action": "sns:Publish",
              "Effect": "Allow",
              "Principal": {
                "Service": "codestar-notifications.amazonaws.com"
              },
              "Resource": {
                "Ref": "MyTopic288CE2107"
              },
              "Sid": "0"
            }
          ],
          "Version": "2012-10-17"
        },
        "Topics": [
          {
            "Ref": "MyTopic288CE2107"
          }
        ]
      }
    },
    "MyNotificationRuleE8F95AAB": {
      "Type": "AWS::CodeStarNotifications::NotificationRule",
      "Properties": {
        "DetailType": "FULL",
        "EventTypeIds": [
          "codepipeline-pipeline-pipeline-execution-succeeded",
          "codepipeline-pipeline-pipeline-execution-failed"
        ],
        "Name": "MyNotificationRule",
        "Resource": {
          "Fn::Join": [
            "",
            [
              "arn:",
              {
                "Ref": "AWS::Partition"
              },
              ":codepipeline:",
              {
                "Ref": "AWS::Region"
              },
              ":",
              {
                "Ref": "AWS::AccountId"
              },
              ":",
              {
                "Ref": "MyPipelineAED38ECF"
              }
            ]
          ]
        },
        "Targets": [
          {
            "TargetAddress": {
              "Ref": "MySlackChannelA8E0B56C"
            },
            "TargetType": "AWSChatbotSlack"
          },
          {
            "TargetAddress": {
              "Ref": "MyTopic13BD94FE8"
            },
            "TargetType": "SNS"
          },
          {
            "TargetAddress": {
              "Ref": "MyTopic288CE2107"
            },
            "TargetType": "SNS"
          }
        ],
        "Status": "ENABLED"
      }
    }
  },
  "Outputs": {
    "Test": {
      "Value": "luckily"
    }
  }
}