{
  "Resources": {
    "Bucket12520700A": {
      "Type": "AWS::S3::Bucket",
      "UpdateReplacePolicy": "Delete",
      "DeletionPolicy": "Delete"
    },
    "Bucket1NotificationsBC5D9A45": {
      "Type": "Custom::S3BucketNotifications",
      "Properties": {
        "ServiceToken": {
          "Fn::GetAtt": [
            "BucketNotificationsHandler050a0587b7544547bf325f094a3db8347ECC3691",
            "Arn"
          ]
        },
        "BucketName": {
          "Ref": "Bucket12520700A"
        },
        "NotificationConfiguration": {
          "QueueConfigurations": [
            {
              "Events": [
                "s3:ObjectCreated:*"
              ],
              "QueueArn": {
                "Fn::GetAtt": [
                  "MyQueueE6CA6235",
                  "Arn"
                ]
              }
            },
            {
              "Events": [
                "s3:ObjectRemoved:*"
              ],
              "QueueArn": {
                "Fn::GetAtt": [
                  "EncryptedQueue0428C61A",
                  "Arn"
                ]
              }
            }
          ]
        }
      },
      "DependsOn": [
        "EncryptedQueueKey6F4FD304",
        "EncryptedQueuePolicy8AEB1708",
        "EncryptedQueue0428C61A",
        "MyQueuePolicy6BBEDDAC",
        "MyQueueE6CA6235"
      ]
    },
    "MyQueueE6CA6235": {
      "Type": "AWS::SQS::Queue",
      "UpdateReplacePolicy": "Delete",
      "DeletionPolicy": "Delete"
    },
    "MyQueuePolicy6BBEDDAC": {
      "Type": "AWS::SQS::QueuePolicy",
      "Properties": {
        "PolicyDocument": {
          "Statement": [
            {
              "Action": [
                "sqs:SendMessage",
                "sqs:GetQueueAttributes",
                "sqs:GetQueueUrl"
              ],
              "Condition": {
                "ArnLike": {
                  "aws:SourceArn": {
                    "Fn::GetAtt": [
                      "Bucket12520700A",
                      "Arn"
                    ]
                  }
                }
              },
              "Effect": "Allow",
              "Principal": {
                "Service": "s3.amazonaws.com"
              },
              "Resource": {
                "Fn::GetAtt": [
                  "MyQueueE6CA6235",
                  "Arn"
                ]
              }
            },
            {
              "Action": [
                "sqs:SendMessage",
                "sqs:GetQueueAttributes",
                "sqs:GetQueueUrl"
              ],
              "Condition": {
                "ArnLike": {
                  "aws:SourceArn": {
                    "Fn::GetAtt": [
                      "Bucket25524B414",
                      "Arn"
                    ]
                  }
                }
              },
              "Effect": "Allow",
              "Principal": {
                "Service": "s3.amazonaws.com"
              },
              "Resource": {
                "Fn::GetAtt": [
                  "MyQueueE6CA6235",
                  "Arn"
                ]
              }
            }
          ],
          "Version": "2012-10-17"
        },
        "Queues": [
          {
            "Ref": "MyQueueE6CA6235"
          }
        ]
      }
    },
    "BucketNotificationsHandler050a0587b7544547bf325f094a3db834RoleB6FB88EC": {
      "Type": "AWS::IAM::Role",
      "Properties": {
        "AssumeRolePolicyDocument": {
          "Statement": [
            {
              "Action": "sts:AssumeRole",
              "Effect": "Allow",
              "Principal": {
                "Service": "lambda.amazonaws.com"
              }
            }
          ],
          "Version": "2012-10-17"
        },
        "ManagedPolicyArns": [
          {
            "Fn::Join": [
              "",
              [
                "arn:",
                {
                  "Ref": "AWS::Partition"
                },
                ":iam::aws:policy/service-role/AWSLambdaBasicExecutionRole"
              ]
            ]
          }
        ]
      }
    },
    "BucketNotificationsHandler050a0587b7544547bf325f094a3db834RoleDefaultPolicy2CF63D36": {
      "Type": "AWS::IAM::Policy",
      "Properties": {
        "PolicyDocument": {
          "Statement": [
            {
              "Action": [
                "s3:PutBucketNotification",
                "s3:GetBucketNotification"
              ],
              "Effect": "Allow",
              "Resource": "*"
            }
          ],
          "Version": "2012-10-17"
        },
        "PolicyName": "BucketNotificationsHandler050a0587b7544547bf325f094a3db834RoleDefaultPolicy2CF63D36",
        "Roles": [
          {
            "Ref": "BucketNotificationsHandler050a0587b7544547bf325f094a3db834RoleB6FB88EC"
          }
        ]
      }
    },
    "BucketNotificationsHandler050a0587b7544547bf325f094a3db8347ECC3691": {
      "Type": "AWS::Lambda::Function",
      "Properties": {
        "Description": "AWS CloudFormation handler for \"Custom::S3BucketNotifications\" resources (@aws-cdk/aws-s3)",
        "Code": {
          "ZipFile": "import boto3  # type: ignore\nimport json\nimport urllib.request\nfrom typing import List\n\nTYPES = [\n    [\"TopicConfigurations\", \"TopicArn\"],\n    [\"QueueConfigurations\", \"QueueArn\"],\n    [\"LambdaFunctionConfigurations\", \"LambdaFunctionArn\"],\n]\ns3 = boto3.client(\"s3\")\n\n\ndef handler(event: dict, context):\n    response_status = \"SUCCESS\"\n    error_message = \"\"\n    try:\n        props = event[\"ResourceProperties\"]\n        bucket = props[\"BucketName\"]\n        config = prepare_config(\n            current_config=s3.get_bucket_notification_configuration(Bucket=bucket),\n            in_config=props[\"NotificationConfiguration\"],\n            old_config=event.get(\"OldResourceProperties\", {}).get(\"NotificationConfiguration\", {}),\n            request_type=event[\"RequestType\"],\n        )\n        s3.put_bucket_notification_configuration(Bucket=bucket, NotificationConfiguration=config)\n    except Exception as e:\n        print(\"Failed to put bucket notification configuration:\", e)\n        response_status = \"FAILED\"\n        error_message = f\"Error: {str(e)}. \"\n    finally:\n        submit_response(event, context, response_status, error_message)\n\n\ndef prepare_config(current_config: dict, in_config: dict, old_config: dict, request_type: str) -> dict:\n    config: dict = {}\n    for config_pair in TYPES:\n        config_type, target = config_pair\n        in_configs = in_config.get(config_type, [])\n        managed_ids = ids(in_configs + old_config.get(config_type, []))\n        unmanaged_configs = [item for item in current_config.get(config_type, []) if item[\"Id\"] not in managed_ids]\n        if request_type in [\"Create\", \"Update\"]:\n            unmanaged_configs.extend(find_difference(in_configs, unmanaged_configs, target))\n            config[config_type] = unmanaged_configs\n        elif request_type == \"Delete\":\n            config[config_type] = find_difference(unmanaged_configs, in_configs, target)\n    return config\n\n\ndef ids(configs: List) -> List[str]:\n    return [item[\"Id\"] for item in configs if \"Id\" in item]\n\n\ndef find_difference(destination: List, source: List, target: str) -> List:\n    return [\n        item\n        for item in destination\n        if not any(\n            item.get(\"Events\") == current_item.get(\"Events\") and item.get(target) == current_item.get(target)\n            for current_item in source\n        )\n    ]\n\n\ndef submit_response(event: dict, context, response_status: str, error_message: str):\n    response_body = json.dumps(\n        {\n            \"Status\": response_status,\n            \"Reason\": f\"{error_message}See the details in CloudWatch Log Stream: {context.log_stream_name}\",\n            \"PhysicalResourceId\": event.get(\"PhysicalResourceId\") or event[\"LogicalResourceId\"],\n            \"StackId\": event[\"StackId\"],\n            \"RequestId\": event[\"RequestId\"],\n            \"LogicalResourceId\": event[\"LogicalResourceId\"],\n            \"NoEcho\": False,\n        }\n    ).encode(\"utf-8\")\n    headers = {\"content-type\": \"\", \"content-length\": str(len(response_body))}\n    try:\n        req = urllib.request.Request(url=event[\"ResponseURL\"], headers=headers, data=response_body, method=\"PUT\")\n        with urllib.request.urlopen(req) as response:\n            print(response.read().decode(\"utf-8\"))\n        print(\"Status code: \" + response.reason)\n    except Exception as e:\n        print(\"send(..) failed executing request.urlopen(..): \" + str(e))\n"
        },
        "Handler": "index.handler",
        "Role": {
          "Fn::GetAtt": [
            "BucketNotificationsHandler050a0587b7544547bf325f094a3db834RoleB6FB88EC",
            "Arn"
          ]
        },
        "Runtime": "python3.8",
        "Timeout": 300
      },
      "DependsOn": [
        "BucketNotificationsHandler050a0587b7544547bf325f094a3db834RoleDefaultPolicy2CF63D36",
        "BucketNotificationsHandler050a0587b7544547bf325f094a3db834RoleB6FB88EC"
      ]
    },
    "Bucket25524B414": {
      "Type": "AWS::S3::Bucket",
      "UpdateReplacePolicy": "Delete",
      "DeletionPolicy": "Delete"
    },
    "Bucket2NotificationsD9BA2A77": {
      "Type": "Custom::S3BucketNotifications",
      "Properties": {
        "ServiceToken": {
          "Fn::GetAtt": [
            "BucketNotificationsHandler050a0587b7544547bf325f094a3db8347ECC3691",
            "Arn"
          ]
        },
        "BucketName": {
          "Ref": "Bucket25524B414"
        },
        "NotificationConfiguration": {
          "QueueConfigurations": [
            {
              "Id": "50b43823cb4e648f98c3f1bc828e775f",
              "Events": [
                "s3:ObjectCreated:*"
              ],
              "Filter": {
                "Key": {
                  "FilterRules": [
                    {
                      "Name": "suffix",
                      "Value": ".png"
                    }
                  ]
                }
              },
              "QueueArn": {
                "Fn::GetAtt": [
                  "MyQueueE6CA6235",
                  "Arn"
                ]
              }
            }
          ]
        }
      },
      "DependsOn": [
        "MyQueuePolicy6BBEDDAC",
        "MyQueueE6CA6235"
      ]
    },
    "EncryptedQueueKey6F4FD304": {
      "Type": "AWS::KMS::Key",
      "Properties": {
        "KeyPolicy": {
          "Statement": [
            {
              "Action": "kms:*",
              "Effect": "Allow",
              "Principal": {
                "AWS": {
                  "Fn::Join": [
                    "",
                    [
                      "arn:",
                      {
                        "Ref": "AWS::Partition"
                      },
                      ":iam::",
                      {
                        "Ref": "AWS::AccountId"
                      },
                      ":root"
                    ]
                  ]
                }
              },
              "Resource": "*"
            },
            {
              "Action": [
                "kms:Decrypt",
                "kms:Encrypt",
                "kms:ReEncrypt*",
                "kms:GenerateDataKey*"
              ],
              "Condition": {
                "ArnLike": {
                  "aws:SourceArn": {
                    "Fn::GetAtt": [
                      "Bucket12520700A",
                      "Arn"
                    ]
                  }
                }
              },
              "Effect": "Allow",
              "Principal": {
                "Service": "s3.amazonaws.com"
              },
              "Resource": "*"
            },
            {
              "Action": [
                "kms:GenerateDataKey*",
                "kms:Decrypt"
              ],
              "Effect": "Allow",
              "Principal": {
                "Service": "s3.amazonaws.com"
              },
              "Resource": "*"
            }
          ],
          "Version": "2012-10-17"
        },
        "Description": "Created by sqs-bucket-notifications/EncryptedQueue"
      },
      "UpdateReplacePolicy": "Retain",
      "DeletionPolicy": "Retain"
    },
    "EncryptedQueue0428C61A": {
      "Type": "AWS::SQS::Queue",
      "Properties": {
        "KmsMasterKeyId": {
          "Fn::GetAtt": [
            "EncryptedQueueKey6F4FD304",
            "Arn"
          ]
        }
      },
      "UpdateReplacePolicy": "Delete",
      "DeletionPolicy": "Delete"
    },
    "EncryptedQueuePolicy8AEB1708": {
      "Type": "AWS::SQS::QueuePolicy",
      "Properties": {
        "PolicyDocument": {
          "Statement": [
            {
              "Action": [
                "sqs:SendMessage",
                "sqs:GetQueueAttributes",
                "sqs:GetQueueUrl"
              ],
              "Condition": {
                "ArnLike": {
                  "aws:SourceArn": {
                    "Fn::GetAtt": [
                      "Bucket12520700A",
                      "Arn"
                    ]
                  }
                }
              },
              "Effect": "Allow",
              "Principal": {
                "Service": "s3.amazonaws.com"
              },
              "Resource": {
                "Fn::GetAtt": [
                  "EncryptedQueue0428C61A",
                  "Arn"
                ]
              }
            }
          ],
          "Version": "2012-10-17"
        },
        "Queues": [
          {
            "Ref": "EncryptedQueue0428C61A"
          }
        ]
      }
    }
  }
}