{
  "Resources": {
    "MyFuncServiceRole54065130": {
      "Type": "AWS::IAM::Role",
      "Properties": {
        "AssumeRolePolicyDocument": {
          "Statement": [
            {
              "Action": "sts:AssumeRole",
              "Effect": "Allow",
              "Principal": {
                "Service": "lambda.amazonaws.com"
              }
            }
          ],
          "Version": "2012-10-17"
        },
        "ManagedPolicyArns": [
          {
            "Fn::Join": [
              "",
              [
                "arn:",
                {
                  "Ref": "AWS::Partition"
                },
                ":iam::aws:policy/service-role/AWSLambdaBasicExecutionRole"
              ]
            ]
          }
        ]
      }
    },
    "MyFunc8A243A2C": {
      "Type": "AWS::Lambda::Function",
      "Properties": {
        "Code": {
          "ZipFile": "\nimport json\ndef handler(event, context):\n      return {\n        'status': 'ok',\n        'message': 'success'\n      }"
        },
        "Handler": "index.handler",
        "Role": {
          "Fn::GetAtt": [
            "MyFuncServiceRole54065130",
            "Arn"
          ]
        },
        "Runtime": "python3.7"
      },
      "DependsOn": [
        "MyFuncServiceRole54065130"
      ]
    },
    "MyFuncApiPermissionApiagtewayV2HttpApiWebSocketApidefaultlambdaintegration33FE346D3DE42898": {
      "Type": "AWS::Lambda::Permission",
      "Properties": {
        "Action": "lambda:InvokeFunction",
        "FunctionName": {
          "Fn::GetAtt": [
            "MyFunc8A243A2C",
            "Arn"
          ]
        },
        "Principal": "apigateway.amazonaws.com",
        "SourceArn": {
          "Fn::Join": [
            "",
            [
              "arn:",
              {
                "Ref": "AWS::Partition"
              },
              ":execute-api:",
              {
                "Ref": "AWS::Region"
              },
              ":",
              {
                "Ref": "AWS::AccountId"
              },
              ":",
              {
                "Ref": "WebSocketApi34BCF99B"
              },
              "/",
              {
                "Ref": "WebSocketApiDefaultStage734E750B"
              },
              "/$connect"
            ]
          ]
        }
      }
    },
    "WebSocketApi34BCF99B": {
      "Type": "AWS::ApiGatewayV2::Api",
      "Properties": {
        "Name": "WebSocketApi",
        "ProtocolType": "WEBSOCKET",
        "RouteSelectionExpression": "${request.body.action}"
      }
    },
    "WebSocketApiDeployment507BF677": {
      "Type": "AWS::ApiGatewayV2::Deployment",
      "Properties": {
        "ApiId": {
          "Ref": "WebSocketApi34BCF99B"
        },
        "Description": "Automatically created by the Api construct"
      },
      "DependsOn": [
        "WebSocketApiconnectrouteA20DAA0E",
        "WebSocketApidefaultlambdaintegration33A4E43E",
        "WebSocketApiModelstatusResponseB7B1089E"
      ]
    },
    "WebSocketApiDefaultStage734E750B": {
      "Type": "AWS::ApiGatewayV2::Stage",
      "Properties": {
        "ApiId": {
          "Ref": "WebSocketApi34BCF99B"
        },
        "StageName": "integration",
        "DeploymentId": {
          "Ref": "WebSocketApiDeployment507BF677"
        },
        "Description": "Automatically created by the Api construct"
      }
    },
    "WebSocketApiModelstatusResponseB7B1089E": {
      "Type": "AWS::ApiGatewayV2::Model",
      "Properties": {
        "ApiId": {
          "Ref": "WebSocketApi34BCF99B"
        },
        "Name": "statusResponse",
        "Schema": {
          "$schema": "http://json-schema.org/draft-04/schema#",
          "title": "statusResponse",
          "type": "object",
          "properties": {
            "status": {
              "type": "string"
            },
            "message": {
              "type": "string"
            }
          }
        },
        "ContentType": "application/json"
      }
    },
    "WebSocketApidefaultlambdaintegration33A4E43E": {
      "Type": "AWS::ApiGatewayV2::Integration",
      "Properties": {
        "ApiId": {
          "Ref": "WebSocketApi34BCF99B"
        },
        "IntegrationType": "AWS",
        "Description": "WebSocket Api Connection Integration",
        "IntegrationUri": {
          "Fn::Join": [
            "",
            [
              "arn:",
              {
                "Ref": "AWS::Partition"
              },
              ":apigateway:",
              {
                "Ref": "AWS::Region"
              },
              ":lambda:path/2015-03-31/functions/",
              {
                "Fn::GetAtt": [
                  "MyFunc8A243A2C",
                  "Arn"
                ]
              },
              "/invocations"
            ]
          ]
        },
        "PassthroughBehavior": "NEVER",
        "RequestTemplates": {
          "connect": "{ \"action\": \"${context.routeKey}\", \"userId\": \"${context.identity.cognitoIdentityId}\", \"connectionId\": \"${context.connectionId}\", \"domainName\": \"${context.domainName}\", \"stageName\": \"${context.stage}\" }"
        },
        "TemplateSelectionExpression": "connect"
      }
    },
    "WebSocketApidefaultlambdaintegrationResponsedefault8A571455": {
      "Type": "AWS::ApiGatewayV2::IntegrationResponse",
      "Properties": {
        "ApiId": {
          "Ref": "WebSocketApi34BCF99B"
        },
        "IntegrationId": {
          "Ref": "WebSocketApidefaultlambdaintegration33A4E43E"
        },
        "IntegrationResponseKey": "$default",
        "ResponseTemplates": {
          "default": "#set($inputRoot = $input.path('$')) { \"status\": \"${inputRoot.status}\", \"message\": \"$util.escapeJavaScript(${inputRoot.message})\" }"
        },
        "TemplateSelectionExpression": "default"
      }
    },
    "WebSocketApiconnectrouteA20DAA0E": {
      "Type": "AWS::ApiGatewayV2::Route",
      "Properties": {
        "ApiId": {
          "Ref": "WebSocketApi34BCF99B"
        },
        "RouteKey": "$connect",
        "AuthorizationType": "AWS_IAM",
        "RouteResponseSelectionExpression": "$default",
        "Target": {
          "Fn::Join": [
            "",
            [
              "integrations/",
              {
                "Ref": "WebSocketApidefaultlambdaintegration33A4E43E"
              }
            ]
          ]
        }
      }
    },
    "WebSocketApiconnectrouteResponsedefaultB361BECB": {
      "Type": "AWS::ApiGatewayV2::RouteResponse",
      "Properties": {
        "ApiId": {
          "Ref": "WebSocketApi34BCF99B"
        },
        "RouteId": {
          "Ref": "WebSocketApiconnectrouteA20DAA0E"
        },
        "RouteResponseKey": "$default",
        "ModelSelectionExpression": "default",
        "ResponseModels": {
          "default": "statusResponse"
        }
      },
      "DependsOn": [
        "WebSocketApiModelstatusResponseB7B1089E"
      ]
    }
  }
}