{
  "Resources": {
    "MyFuncServiceRole54065130": {
      "Type": "AWS::IAM::Role",
      "Properties": {
        "AssumeRolePolicyDocument": {
          "Statement": [
            {
              "Action": "sts:AssumeRole",
              "Effect": "Allow",
              "Principal": {
                "Service": "lambda.amazonaws.com"
              }
            }
          ],
          "Version": "2012-10-17"
        },
        "ManagedPolicyArns": [
          {
            "Fn::Join": [
              "",
              [
                "arn:",
                {
                  "Ref": "AWS::Partition"
                },
                ":iam::aws:policy/service-role/AWSLambdaBasicExecutionRole"
              ]
            ]
          }
        ]
      }
    },
    "MyFunc8A243A2C": {
      "Type": "AWS::Lambda::Function",
      "Properties": {
        "Code": {
          "ZipFile": "\nimport json\ndef handler(event, context):\n      return {\n        'statusCode': 200,\n        'body': json.dumps(event)\n      }"
        },
        "Handler": "index.handler",
        "Role": {
          "Fn::GetAtt": [
            "MyFuncServiceRole54065130",
            "Arn"
          ]
        },
        "Runtime": "python3.7"
      },
      "DependsOn": [
        "MyFuncServiceRole54065130"
      ]
    },
    "MyFuncApiPermissionApiagtewayV2HttpApigetbooksInteglambdaintegration4555698DC6292E59": {
      "Type": "AWS::Lambda::Permission",
      "Properties": {
        "Action": "lambda:InvokeFunction",
        "FunctionName": {
          "Fn::GetAtt": [
            "MyFunc8A243A2C",
            "Arn"
          ]
        },
        "Principal": "apigateway.amazonaws.com",
        "SourceArn": {
          "Fn::Join": [
            "",
            [
              "arn:",
              {
                "Ref": "AWS::Partition"
              },
              ":execute-api:",
              {
                "Ref": "AWS::Region"
              },
              ":",
              {
                "Ref": "AWS::AccountId"
              },
              ":",
              {
                "Ref": "HttpApiF5A9A8A7"
              },
              "/",
              {
                "Ref": "HttpApiDefaultStage3EEB07D6"
              },
              "/*"
            ]
          ]
        }
      }
    },
    "RootFuncServiceRoleE4AA9E41": {
      "Type": "AWS::IAM::Role",
      "Properties": {
        "AssumeRolePolicyDocument": {
          "Statement": [
            {
              "Action": "sts:AssumeRole",
              "Effect": "Allow",
              "Principal": {
                "Service": "lambda.amazonaws.com"
              }
            }
          ],
          "Version": "2012-10-17"
        },
        "ManagedPolicyArns": [
          {
            "Fn::Join": [
              "",
              [
                "arn:",
                {
                  "Ref": "AWS::Partition"
                },
                ":iam::aws:policy/service-role/AWSLambdaBasicExecutionRole"
              ]
            ]
          }
        ]
      }
    },
    "RootFuncF39FB174": {
      "Type": "AWS::Lambda::Function",
      "Properties": {
        "Code": {
          "ZipFile": "\nimport json, os\ndef handler(event, context):\n      whoami = os.environ['WHOAMI']\n      http_path = os.environ['HTTP_PATH']\n      return {\n        'statusCode': 200,\n        'body': json.dumps({ 'whoami': whoami, 'http_path': http_path })\n      }"
        },
        "Handler": "index.handler",
        "Role": {
          "Fn::GetAtt": [
            "RootFuncServiceRoleE4AA9E41",
            "Arn"
          ]
        },
        "Runtime": "python3.7",
        "Environment": {
          "Variables": {
            "WHOAMI": "root",
            "HTTP_PATH": "/"
          }
        }
      },
      "DependsOn": [
        "RootFuncServiceRoleE4AA9E41"
      ]
    },
    "RootFuncApiPermissionApiagtewayV2HttpApigetBookReviewInteglambdaintegration0ABD780C9E2600E7": {
      "Type": "AWS::Lambda::Permission",
      "Properties": {
        "Action": "lambda:InvokeFunction",
        "FunctionName": {
          "Fn::GetAtt": [
            "RootFuncF39FB174",
            "Arn"
          ]
        },
        "Principal": "apigateway.amazonaws.com",
        "SourceArn": {
          "Fn::Join": [
            "",
            [
              "arn:",
              {
                "Ref": "AWS::Partition"
              },
              ":execute-api:",
              {
                "Ref": "AWS::Region"
              },
              ":",
              {
                "Ref": "AWS::AccountId"
              },
              ":",
              {
                "Ref": "HttpApiF5A9A8A7"
              },
              "/",
              {
                "Ref": "HttpApiDefaultStage3EEB07D6"
              },
              "/*"
            ]
          ]
        }
      }
    },
    "HttpApiF5A9A8A7": {
      "Type": "AWS::ApiGatewayV2::Api",
      "Properties": {
        "Name": "HttpApi",
        "ProtocolType": "HTTP",
        "RouteSelectionExpression": "${request.method} ${request.path}"
      }
    },
    "HttpApiDeployment2ABEB12F": {
      "Type": "AWS::ApiGatewayV2::Deployment",
      "Properties": {
        "ApiId": {
          "Ref": "HttpApiF5A9A8A7"
        },
        "Description": "Automatically created by the Api construct"
      },
      "DependsOn": [
        "HttpApidefaultroute8BBAF64E",
        "HttpApidefaulthttpintegration5F125B3A",
        "HttpApiGETrouteF5E07819",
        "HttpApiGETbooksreviewsrouteCAD382E0",
        "HttpApiGETbooksroute2D32C4F3",
        "HttpApigetBookReviewInteglambdaintegrationD5870D18",
        "HttpApigetbooksInteglambdaintegrationE71E55E1",
        "HttpApiPOSTroute74994293",
        "HttpApiRootInteghttpintegration15582736"
      ]
    },
    "HttpApiDefaultStage3EEB07D6": {
      "Type": "AWS::ApiGatewayV2::Stage",
      "Properties": {
        "ApiId": {
          "Ref": "HttpApiF5A9A8A7"
        },
        "StageName": "prod",
        "DeploymentId": {
          "Ref": "HttpApiDeployment2ABEB12F"
        },
        "Description": "Automatically created by the Api construct"
      }
    },
    "HttpApidefaulthttpintegration5F125B3A": {
      "Type": "AWS::ApiGatewayV2::Integration",
      "Properties": {
        "ApiId": {
          "Ref": "HttpApiF5A9A8A7"
        },
        "IntegrationType": "HTTP_PROXY",
        "IntegrationMethod": "ANY",
        "IntegrationUri": "https://aws.amazon.com",
        "PayloadFormatVersion": "1.0"
      }
    },
    "HttpApidefaultroute8BBAF64E": {
      "Type": "AWS::ApiGatewayV2::Route",
      "Properties": {
        "ApiId": {
          "Ref": "HttpApiF5A9A8A7"
        },
        "RouteKey": "$default",
        "Target": {
          "Fn::Join": [
            "",
            [
              "integrations/",
              {
                "Ref": "HttpApidefaulthttpintegration5F125B3A"
              }
            ]
          ]
        }
      }
    },
    "HttpApiRootInteghttpintegration15582736": {
      "Type": "AWS::ApiGatewayV2::Integration",
      "Properties": {
        "ApiId": {
          "Ref": "HttpApiF5A9A8A7"
        },
        "IntegrationType": "HTTP_PROXY",
        "IntegrationMethod": "ANY",
        "IntegrationUri": "https://checkip.amazonaws.com",
        "PayloadFormatVersion": "1.0"
      }
    },
    "HttpApiGETrouteF5E07819": {
      "Type": "AWS::ApiGatewayV2::Route",
      "Properties": {
        "ApiId": {
          "Ref": "HttpApiF5A9A8A7"
        },
        "RouteKey": "GET /",
        "Target": {
          "Fn::Join": [
            "",
            [
              "integrations/",
              {
                "Ref": "HttpApiRootInteghttpintegration15582736"
              }
            ]
          ]
        }
      }
    },
    "HttpApiPOSTroute74994293": {
      "Type": "AWS::ApiGatewayV2::Route",
      "Properties": {
        "ApiId": {
          "Ref": "HttpApiF5A9A8A7"
        },
        "RouteKey": "POST /",
        "Target": {
          "Fn::Join": [
            "",
            [
              "integrations/",
              {
                "Ref": "HttpApiRootInteghttpintegration15582736"
              }
            ]
          ]
        }
      }
    },
    "HttpApigetbooksInteglambdaintegrationE71E55E1": {
      "Type": "AWS::ApiGatewayV2::Integration",
      "Properties": {
        "ApiId": {
          "Ref": "HttpApiF5A9A8A7"
        },
        "IntegrationType": "AWS_PROXY",
        "IntegrationMethod": "POST",
        "IntegrationUri": {
          "Fn::Join": [
            "",
            [
              "arn:",
              {
                "Ref": "AWS::Partition"
              },
              ":apigateway:",
              {
                "Ref": "AWS::Region"
              },
              ":lambda:path/2015-03-31/functions/",
              {
                "Fn::GetAtt": [
                  "MyFunc8A243A2C",
                  "Arn"
                ]
              },
              "/invocations"
            ]
          ]
        },
        "PayloadFormatVersion": "1.0"
      }
    },
    "HttpApiGETbooksroute2D32C4F3": {
      "Type": "AWS::ApiGatewayV2::Route",
      "Properties": {
        "ApiId": {
          "Ref": "HttpApiF5A9A8A7"
        },
        "RouteKey": "GET /books",
        "Target": {
          "Fn::Join": [
            "",
            [
              "integrations/",
              {
                "Ref": "HttpApigetbooksInteglambdaintegrationE71E55E1"
              }
            ]
          ]
        }
      }
    },
    "HttpApigetBookReviewInteglambdaintegrationD5870D18": {
      "Type": "AWS::ApiGatewayV2::Integration",
      "Properties": {
        "ApiId": {
          "Ref": "HttpApiF5A9A8A7"
        },
        "IntegrationType": "AWS_PROXY",
        "IntegrationMethod": "POST",
        "IntegrationUri": {
          "Fn::Join": [
            "",
            [
              "arn:",
              {
                "Ref": "AWS::Partition"
              },
              ":apigateway:",
              {
                "Ref": "AWS::Region"
              },
              ":lambda:path/2015-03-31/functions/",
              {
                "Fn::GetAtt": [
                  "RootFuncF39FB174",
                  "Arn"
                ]
              },
              "/invocations"
            ]
          ]
        },
        "PayloadFormatVersion": "1.0"
      }
    },
    "HttpApiGETbooksreviewsrouteCAD382E0": {
      "Type": "AWS::ApiGatewayV2::Route",
      "Properties": {
        "ApiId": {
          "Ref": "HttpApiF5A9A8A7"
        },
        "RouteKey": "GET /books/reviews",
        "Target": {
          "Fn::Join": [
            "",
            [
              "integrations/",
              {
                "Ref": "HttpApigetBookReviewInteglambdaintegrationD5870D18"
              }
            ]
          ]
        }
      }
    }
  }
}