{
  "Resources": {
    "PoolD3F588B8": {
      "Type": "AWS::Cognito::UserPool",
      "Properties": {
        "AccountRecoverySetting": {
          "RecoveryMechanisms": [
            {
              "Name": "verified_phone_number",
              "Priority": 1
            },
            {
              "Name": "verified_email",
              "Priority": 2
            }
          ]
        },
        "AdminCreateUserConfig": {
          "AllowAdminCreateUserOnly": true
        },
        "EmailVerificationMessage": "The verification code to your new account is {####}",
        "EmailVerificationSubject": "Verify your new account",
        "SmsVerificationMessage": "The verification code to your new account is {####}",
        "VerificationMessageTemplate": {
          "DefaultEmailOption": "CONFIRM_WITH_CODE",
          "EmailMessage": "The verification code to your new account is {####}",
          "EmailSubject": "Verify your new account",
          "SmsMessage": "The verification code to your new account is {####}"
        }
      },
      "UpdateReplacePolicy": "Retain",
      "DeletionPolicy": "Retain"
    },
    "PoolUserPoolClientForundefinedBF6BDE57": {
      "Type": "AWS::Cognito::UserPoolClient",
      "Properties": {
        "UserPoolId": {
          "Ref": "PoolD3F588B8"
        },
        "AllowedOAuthFlows": [
          "implicit",
          "code"
        ],
        "AllowedOAuthFlowsUserPoolClient": true,
        "AllowedOAuthScopes": [
          "profile",
          "phone",
          "email",
          "openid",
          "aws.cognito.signin.user.admin"
        ],
        "CallbackURLs": [
          "https://example.com"
        ],
        "SupportedIdentityProviders": [
          "COGNITO"
        ]
      }
    },
    "OtherPool7DA7F2F7": {
      "Type": "AWS::Cognito::UserPool",
      "Properties": {
        "AccountRecoverySetting": {
          "RecoveryMechanisms": [
            {
              "Name": "verified_phone_number",
              "Priority": 1
            },
            {
              "Name": "verified_email",
              "Priority": 2
            }
          ]
        },
        "AdminCreateUserConfig": {
          "AllowAdminCreateUserOnly": true
        },
        "EmailVerificationMessage": "The verification code to your new account is {####}",
        "EmailVerificationSubject": "Verify your new account",
        "SmsVerificationMessage": "The verification code to your new account is {####}",
        "VerificationMessageTemplate": {
          "DefaultEmailOption": "CONFIRM_WITH_CODE",
          "EmailMessage": "The verification code to your new account is {####}",
          "EmailSubject": "Verify your new account",
          "SmsMessage": "The verification code to your new account is {####}"
        }
      },
      "UpdateReplacePolicy": "Retain",
      "DeletionPolicy": "Retain"
    },
    "OtherPoolUserPoolClientForundefined1B97829F": {
      "Type": "AWS::Cognito::UserPoolClient",
      "Properties": {
        "UserPoolId": {
          "Ref": "OtherPool7DA7F2F7"
        },
        "AllowedOAuthFlows": [
          "implicit",
          "code"
        ],
        "AllowedOAuthFlowsUserPoolClient": true,
        "AllowedOAuthScopes": [
          "profile",
          "phone",
          "email",
          "openid",
          "aws.cognito.signin.user.admin"
        ],
        "CallbackURLs": [
          "https://example.com"
        ],
        "SupportedIdentityProviders": [
          "COGNITO"
        ]
      }
    },
    "identitypool51BC8967": {
      "Type": "AWS::Cognito::IdentityPool",
      "Properties": {
        "AllowUnauthenticatedIdentities": false,
        "AllowClassicFlow": true,
        "CognitoIdentityProviders": [],
        "IdentityPoolName": "my-id-pool",
        "SupportedLoginProviders": {
          "www.amazon.com": "amzn1.application.12312k3j234j13rjiwuenf",
          "accounts.google.com": "12345678012.apps.googleusercontent.com"
        }
      }
    },
    "identitypoolidentitypoolAuthenticatedRole8591A38F": {
      "Type": "AWS::IAM::Role",
      "Properties": {
        "AssumeRolePolicyDocument": {
          "Statement": [
            {
              "Action": "sts:AssumeRoleWithWebIdentity",
              "Condition": {
                "StringEquals": {
                  "cognito-identity.amazonaws.com:aud": {
                    "Ref": "identitypool51BC8967"
                  }
                },
                "ForAnyValue:StringLike": {
                  "cognito-identity.amazonaws.com:amr": "authenticated"
                }
              },
              "Effect": "Allow",
              "Principal": {
                "Federated": "cognito-identity.amazonaws.com"
              }
            }
          ],
          "Version": "2012-10-17"
        },
        "Description": "Default Authenticated Role for Identity Pool my-id-pool",
        "RoleName": "identitypoolAuthenticatedRole"
      }
    },
    "identitypoolidentitypoolAuthenticatedRoleDefaultPolicy8660132D": {
      "Type": "AWS::IAM::Policy",
      "Properties": {
        "PolicyDocument": {
          "Statement": [
            {
              "Action": "dynamodb:*",
              "Effect": "Allow",
              "Resource": "*"
            }
          ],
          "Version": "2012-10-17"
        },
        "PolicyName": "identitypoolidentitypoolAuthenticatedRoleDefaultPolicy8660132D",
        "Roles": [
          {
            "Ref": "identitypoolidentitypoolAuthenticatedRole8591A38F"
          }
        ]
      }
    },
    "identitypoolidentitypoolUnauthenticatedRoleCEE08F6C": {
      "Type": "AWS::IAM::Role",
      "Properties": {
        "AssumeRolePolicyDocument": {
          "Statement": [
            {
              "Action": "sts:AssumeRoleWithWebIdentity",
              "Condition": {
                "StringEquals": {
                  "cognito-identity.amazonaws.com:aud": {
                    "Ref": "identitypool51BC8967"
                  }
                },
                "ForAnyValue:StringLike": {
                  "cognito-identity.amazonaws.com:amr": "unauthenticated"
                }
              },
              "Effect": "Allow",
              "Principal": {
                "Federated": "cognito-identity.amazonaws.com"
              }
            }
          ],
          "Version": "2012-10-17"
        },
        "Description": "Default Unauthenticated Role for Identity Pool my-id-pool",
        "RoleName": "identitypoolUnauthenticatedRole"
      }
    },
    "identitypoolidentitypoolUnauthenticatedRoleDefaultPolicyA8F8549F": {
      "Type": "AWS::IAM::Policy",
      "Properties": {
        "PolicyDocument": {
          "Statement": [
            {
              "Action": "dynamodb:Get*",
              "Effect": "Allow",
              "Resource": "*"
            }
          ],
          "Version": "2012-10-17"
        },
        "PolicyName": "identitypoolidentitypoolUnauthenticatedRoleDefaultPolicyA8F8549F",
        "Roles": [
          {
            "Ref": "identitypoolidentitypoolUnauthenticatedRoleCEE08F6C"
          }
        ]
      }
    },
    "identitypoolidentitypoolDefaultRoleAttachmentB154BD67": {
      "Type": "AWS::Cognito::IdentityPoolRoleAttachment",
      "Properties": {
        "IdentityPoolId": {
          "Ref": "identitypool51BC8967"
        },
        "Roles": {
          "authenticated": {
            "Fn::GetAtt": [
              "identitypoolidentitypoolAuthenticatedRole8591A38F",
              "Arn"
            ]
          },
          "unauthenticated": {
            "Fn::GetAtt": [
              "identitypoolidentitypoolUnauthenticatedRoleCEE08F6C",
              "Arn"
            ]
          }
        }
      },
      "DependsOn": [
        "identitypool51BC8967",
        "identitypoolidentitypoolAuthenticatedRoleDefaultPolicy8660132D",
        "identitypoolidentitypoolAuthenticatedRole8591A38F",
        "identitypoolidentitypoolUnauthenticatedRoleDefaultPolicyA8F8549F",
        "identitypoolidentitypoolUnauthenticatedRoleCEE08F6C"
      ]
    }
  }
}