{
  "Resources": {
    "PassStateMachineRoleFFB3319B": {
      "Type": "AWS::IAM::Role",
      "Properties": {
        "AssumeRolePolicyDocument": {
          "Statement": [
            {
              "Action": "sts:AssumeRole",
              "Effect": "Allow",
              "Principal": {
                "Service": {
                  "Fn::Join": [
                    "",
                    [
                      "states.",
                      {
                        "Ref": "AWS::Region"
                      },
                      ".amazonaws.com"
                    ]
                  ]
                }
              }
            }
          ],
          "Version": "2012-10-17"
        }
      }
    },
    "PassStateMachine597FE51C": {
      "Type": "AWS::StepFunctions::StateMachine",
      "Properties": {
        "DefinitionString": "{\n  \"StartAt\": \"Pass\",\n  \"States\": {\n    \"Pass\": {\n      \"Type\": \"Pass\",\n      \"Result\": {\n        \"PhysicalResourceId\": \"physical-resource-id\",\n        \"Data\": {\n          \"foo\": \"bar\"\n        }\n      },\n      \"End\": true\n    }\n  }\n}",
        "RoleArn": {
          "Fn::GetAtt": [
            "PassStateMachineRoleFFB3319B",
            "Arn"
          ]
        }
      },
      "DependsOn": [
        "PassStateMachineRoleFFB3319B"
      ]
    },
    "ProviderCfnResponseSuccessServiceRole5D01681D": {
      "Type": "AWS::IAM::Role",
      "Properties": {
        "AssumeRolePolicyDocument": {
          "Statement": [
            {
              "Action": "sts:AssumeRole",
              "Effect": "Allow",
              "Principal": {
                "Service": "lambda.amazonaws.com"
              }
            }
          ],
          "Version": "2012-10-17"
        },
        "ManagedPolicyArns": [
          {
            "Fn::Join": [
              "",
              [
                "arn:",
                {
                  "Ref": "AWS::Partition"
                },
                ":iam::aws:policy/service-role/AWSLambdaBasicExecutionRole"
              ]
            ]
          }
        ]
      }
    },
    "ProviderCfnResponseSuccess01B6851D": {
      "Type": "AWS::Lambda::Function",
      "Properties": {
        "Code": {
          "S3Bucket": {
            "Ref": "AssetParameters4b54c70e5567da65d43f00f105bd1ea3e26f2331f8a897a0dd4e8b071a9adca2S3BucketF2E5E48C"
          },
          "S3Key": {
            "Fn::Join": [
              "",
              [
                {
                  "Fn::Select": [
                    0,
                    {
                      "Fn::Split": [
                        "||",
                        {
                          "Ref": "AssetParameters4b54c70e5567da65d43f00f105bd1ea3e26f2331f8a897a0dd4e8b071a9adca2S3VersionKey3870C770"
                        }
                      ]
                    }
                  ]
                },
                {
                  "Fn::Select": [
                    1,
                    {
                      "Fn::Split": [
                        "||",
                        {
                          "Ref": "AssetParameters4b54c70e5567da65d43f00f105bd1ea3e26f2331f8a897a0dd4e8b071a9adca2S3VersionKey3870C770"
                        }
                      ]
                    }
                  ]
                }
              ]
            ]
          }
        },
        "Handler": "index.cfnResponseSuccess",
        "Role": {
          "Fn::GetAtt": [
            "ProviderCfnResponseSuccessServiceRole5D01681D",
            "Arn"
          ]
        },
        "Runtime": "nodejs12.x"
      },
      "DependsOn": [
        "ProviderCfnResponseSuccessServiceRole5D01681D"
      ]
    },
    "ProviderCfnResponseFailedServiceRole1026DD92": {
      "Type": "AWS::IAM::Role",
      "Properties": {
        "AssumeRolePolicyDocument": {
          "Statement": [
            {
              "Action": "sts:AssumeRole",
              "Effect": "Allow",
              "Principal": {
                "Service": "lambda.amazonaws.com"
              }
            }
          ],
          "Version": "2012-10-17"
        },
        "ManagedPolicyArns": [
          {
            "Fn::Join": [
              "",
              [
                "arn:",
                {
                  "Ref": "AWS::Partition"
                },
                ":iam::aws:policy/service-role/AWSLambdaBasicExecutionRole"
              ]
            ]
          }
        ]
      }
    },
    "ProviderCfnResponseFailedCC9A90F2": {
      "Type": "AWS::Lambda::Function",
      "Properties": {
        "Code": {
          "S3Bucket": {
            "Ref": "AssetParameters4b54c70e5567da65d43f00f105bd1ea3e26f2331f8a897a0dd4e8b071a9adca2S3BucketF2E5E48C"
          },
          "S3Key": {
            "Fn::Join": [
              "",
              [
                {
                  "Fn::Select": [
                    0,
                    {
                      "Fn::Split": [
                        "||",
                        {
                          "Ref": "AssetParameters4b54c70e5567da65d43f00f105bd1ea3e26f2331f8a897a0dd4e8b071a9adca2S3VersionKey3870C770"
                        }
                      ]
                    }
                  ]
                },
                {
                  "Fn::Select": [
                    1,
                    {
                      "Fn::Split": [
                        "||",
                        {
                          "Ref": "AssetParameters4b54c70e5567da65d43f00f105bd1ea3e26f2331f8a897a0dd4e8b071a9adca2S3VersionKey3870C770"
                        }
                      ]
                    }
                  ]
                }
              ]
            ]
          }
        },
        "Handler": "index.cfnResponseFailed",
        "Role": {
          "Fn::GetAtt": [
            "ProviderCfnResponseFailedServiceRole1026DD92",
            "Arn"
          ]
        },
        "Runtime": "nodejs12.x"
      },
      "DependsOn": [
        "ProviderCfnResponseFailedServiceRole1026DD92"
      ]
    },
    "ProviderRole1DE8EC3B": {
      "Type": "AWS::IAM::Role",
      "Properties": {
        "AssumeRolePolicyDocument": {
          "Statement": [
            {
              "Action": "sts:AssumeRole",
              "Effect": "Allow",
              "Principal": {
                "Service": {
                  "Fn::Join": [
                    "",
                    [
                      "states.",
                      {
                        "Ref": "AWS::Region"
                      },
                      ".amazonaws.com"
                    ]
                  ]
                }
              }
            }
          ],
          "Version": "2012-10-17"
        }
      }
    },
    "ProviderRoleDefaultPolicyD21592EE": {
      "Type": "AWS::IAM::Policy",
      "Properties": {
        "PolicyDocument": {
          "Statement": [
            {
              "Action": "lambda:InvokeFunction",
              "Effect": "Allow",
              "Resource": [
                {
                  "Fn::GetAtt": [
                    "ProviderCfnResponseSuccess01B6851D",
                    "Arn"
                  ]
                },
                {
                  "Fn::GetAtt": [
                    "ProviderCfnResponseFailedCC9A90F2",
                    "Arn"
                  ]
                }
              ]
            },
            {
              "Action": "states:StartExecution",
              "Effect": "Allow",
              "Resource": {
                "Ref": "PassStateMachine597FE51C"
              }
            },
            {
              "Action": [
                "states:DescribeExecution",
                "states:StopExecution"
              ],
              "Effect": "Allow",
              "Resource": {
                "Fn::Join": [
                  "",
                  [
                    "arn:",
                    {
                      "Ref": "AWS::Partition"
                    },
                    ":states:",
                    {
                      "Ref": "AWS::Region"
                    },
                    ":",
                    {
                      "Ref": "AWS::AccountId"
                    },
                    ":execution:",
                    {
                      "Fn::Select": [
                        6,
                        {
                          "Fn::Split": [
                            ":",
                            {
                              "Ref": "PassStateMachine597FE51C"
                            }
                          ]
                        }
                      ]
                    },
                    "*"
                  ]
                ]
              }
            },
            {
              "Action": [
                "events:PutTargets",
                "events:PutRule",
                "events:DescribeRule"
              ],
              "Effect": "Allow",
              "Resource": {
                "Fn::Join": [
                  "",
                  [
                    "arn:",
                    {
                      "Ref": "AWS::Partition"
                    },
                    ":events:",
                    {
                      "Ref": "AWS::Region"
                    },
                    ":",
                    {
                      "Ref": "AWS::AccountId"
                    },
                    ":rule/StepFunctionsGetEventsForStepFunctionsExecutionRule"
                  ]
                ]
              }
            }
          ],
          "Version": "2012-10-17"
        },
        "PolicyName": "ProviderRoleDefaultPolicyD21592EE",
        "Roles": [
          {
            "Ref": "ProviderRole1DE8EC3B"
          }
        ]
      }
    },
    "ProviderStateMachine873099F5": {
      "Type": "AWS::StepFunctions::StateMachine",
      "Properties": {
        "DefinitionString": {
          "Fn::Join": [
            "",
            [
              "{\n  \"StartAt\": \"StartExecution\",\n  \"States\": {\n    \"StartExecution\": {\n      \"Type\": \"Task\",\n      \"Resource\": \"arn:aws:states:::states:startExecution.sync:2\",\n      \"Parameters\": {\n        \"Input.$\": \"$\",\n        \"StateMachineArn\": \"",
              {
                "Ref": "PassStateMachine597FE51C"
              },
              "\"\n      },\n      \"TimeoutSeconds\": 1800,\n      \"Next\": \"CfnResponseSuccess\",\n      \"Catch\": [\n        {\n          \"ErrorEquals\": [\n            \"States.ALL\"\n          ],\n          \"Next\": \"CfnResponseFailed\"\n        }\n      ]\n    },\n    \"CfnResponseSuccess\": {\n      \"Type\": \"Task\",\n      \"Resource\": \"",
              {
                "Fn::GetAtt": [
                  "ProviderCfnResponseSuccess01B6851D",
                  "Arn"
                ]
              },
              "\",\n      \"End\": true\n    },\n    \"CfnResponseFailed\": {\n      \"Type\": \"Task\",\n      \"Resource\": \"",
              {
                "Fn::GetAtt": [
                  "ProviderCfnResponseFailedCC9A90F2",
                  "Arn"
                ]
              },
              "\",\n      \"End\": true\n    }\n  }\n}"
            ]
          ]
        },
        "RoleArn": {
          "Fn::GetAtt": [
            "ProviderRole1DE8EC3B",
            "Arn"
          ]
        }
      },
      "DependsOn": [
        "ProviderRoleDefaultPolicyD21592EE",
        "ProviderRole1DE8EC3B"
      ]
    },
    "ProviderStartExecutionServiceRole86F1DDB6": {
      "Type": "AWS::IAM::Role",
      "Properties": {
        "AssumeRolePolicyDocument": {
          "Statement": [
            {
              "Action": "sts:AssumeRole",
              "Effect": "Allow",
              "Principal": {
                "Service": "lambda.amazonaws.com"
              }
            }
          ],
          "Version": "2012-10-17"
        },
        "ManagedPolicyArns": [
          {
            "Fn::Join": [
              "",
              [
                "arn:",
                {
                  "Ref": "AWS::Partition"
                },
                ":iam::aws:policy/service-role/AWSLambdaBasicExecutionRole"
              ]
            ]
          }
        ]
      }
    },
    "ProviderStartExecutionServiceRoleDefaultPolicy9428BBFE": {
      "Type": "AWS::IAM::Policy",
      "Properties": {
        "PolicyDocument": {
          "Statement": [
            {
              "Action": "states:StartExecution",
              "Effect": "Allow",
              "Resource": {
                "Ref": "ProviderStateMachine873099F5"
              }
            }
          ],
          "Version": "2012-10-17"
        },
        "PolicyName": "ProviderStartExecutionServiceRoleDefaultPolicy9428BBFE",
        "Roles": [
          {
            "Ref": "ProviderStartExecutionServiceRole86F1DDB6"
          }
        ]
      }
    },
    "ProviderStartExecutionA94D3483": {
      "Type": "AWS::Lambda::Function",
      "Properties": {
        "Code": {
          "S3Bucket": {
            "Ref": "AssetParameters4b54c70e5567da65d43f00f105bd1ea3e26f2331f8a897a0dd4e8b071a9adca2S3BucketF2E5E48C"
          },
          "S3Key": {
            "Fn::Join": [
              "",
              [
                {
                  "Fn::Select": [
                    0,
                    {
                      "Fn::Split": [
                        "||",
                        {
                          "Ref": "AssetParameters4b54c70e5567da65d43f00f105bd1ea3e26f2331f8a897a0dd4e8b071a9adca2S3VersionKey3870C770"
                        }
                      ]
                    }
                  ]
                },
                {
                  "Fn::Select": [
                    1,
                    {
                      "Fn::Split": [
                        "||",
                        {
                          "Ref": "AssetParameters4b54c70e5567da65d43f00f105bd1ea3e26f2331f8a897a0dd4e8b071a9adca2S3VersionKey3870C770"
                        }
                      ]
                    }
                  ]
                }
              ]
            ]
          }
        },
        "Handler": "index.startExecution",
        "Role": {
          "Fn::GetAtt": [
            "ProviderStartExecutionServiceRole86F1DDB6",
            "Arn"
          ]
        },
        "Runtime": "nodejs12.x",
        "Environment": {
          "Variables": {
            "STATE_MACHINE_ARN": {
              "Ref": "ProviderStateMachine873099F5"
            }
          }
        }
      },
      "DependsOn": [
        "ProviderStartExecutionServiceRoleDefaultPolicy9428BBFE",
        "ProviderStartExecutionServiceRole86F1DDB6"
      ]
    },
    "CustomResource": {
      "Type": "AWS::CloudFormation::CustomResource",
      "Properties": {
        "ServiceToken": {
          "Fn::GetAtt": [
            "ProviderStartExecutionA94D3483",
            "Arn"
          ]
        },
        "Key": "value"
      },
      "UpdateReplacePolicy": "Delete",
      "DeletionPolicy": "Delete"
    }
  },
  "Parameters": {
    "AssetParameters4b54c70e5567da65d43f00f105bd1ea3e26f2331f8a897a0dd4e8b071a9adca2S3BucketF2E5E48C": {
      "Type": "String",
      "Description": "S3 bucket for asset \"4b54c70e5567da65d43f00f105bd1ea3e26f2331f8a897a0dd4e8b071a9adca2\""
    },
    "AssetParameters4b54c70e5567da65d43f00f105bd1ea3e26f2331f8a897a0dd4e8b071a9adca2S3VersionKey3870C770": {
      "Type": "String",
      "Description": "S3 key for asset version \"4b54c70e5567da65d43f00f105bd1ea3e26f2331f8a897a0dd4e8b071a9adca2\""
    },
    "AssetParameters4b54c70e5567da65d43f00f105bd1ea3e26f2331f8a897a0dd4e8b071a9adca2ArtifactHashE4E90A37": {
      "Type": "String",
      "Description": "Artifact hash for asset \"4b54c70e5567da65d43f00f105bd1ea3e26f2331f8a897a0dd4e8b071a9adca2\""
    }
  },
  "Outputs": {
    "Foo": {
      "Value": {
        "Fn::GetAtt": [
          "CustomResource",
          "foo"
        ]
      }
    }
  }
}