{
  "Resources": {
    "FnServiceRoleB9001A96": {
      "Type": "AWS::IAM::Role",
      "Properties": {
        "AssumeRolePolicyDocument": {
          "Statement": [
            {
              "Action": "sts:AssumeRole",
              "Effect": "Allow",
              "Principal": {
                "Service": "lambda.amazonaws.com"
              }
            }
          ],
          "Version": "2012-10-17"
        },
        "ManagedPolicyArns": [
          {
            "Fn::Join": [
              "",
              [
                "arn:",
                {
                  "Ref": "AWS::Partition"
                },
                ":iam::aws:policy/service-role/AWSLambdaBasicExecutionRole"
              ]
            ]
          }
        ]
      }
    },
    "Fn9270CBC0": {
      "Type": "AWS::Lambda::Function",
      "Properties": {
        "Code": {
          "S3Bucket": {
            "Ref": "AssetParametersa65237a89419688b887741b81425350f4378738096922b393b8e7becb0b61db8S3Bucket5066F17E"
          },
          "S3Key": {
            "Fn::Join": [
              "",
              [
                {
                  "Fn::Select": [
                    0,
                    {
                      "Fn::Split": [
                        "||",
                        {
                          "Ref": "AssetParametersa65237a89419688b887741b81425350f4378738096922b393b8e7becb0b61db8S3VersionKeyA17B1FBA"
                        }
                      ]
                    }
                  ]
                },
                {
                  "Fn::Select": [
                    1,
                    {
                      "Fn::Split": [
                        "||",
                        {
                          "Ref": "AssetParametersa65237a89419688b887741b81425350f4378738096922b393b8e7becb0b61db8S3VersionKeyA17B1FBA"
                        }
                      ]
                    }
                  ]
                }
              ]
            ]
          }
        },
        "Handler": "index.handler",
        "Role": {
          "Fn::GetAtt": [
            "FnServiceRoleB9001A96",
            "Arn"
          ]
        },
        "Runtime": "nodejs12.x"
      },
      "DependsOn": [
        "FnServiceRoleB9001A96"
      ]
    }
  },
  "Parameters": {
    "AssetParametersa65237a89419688b887741b81425350f4378738096922b393b8e7becb0b61db8S3Bucket5066F17E": {
      "Type": "String",
      "Description": "S3 bucket for asset \"a65237a89419688b887741b81425350f4378738096922b393b8e7becb0b61db8\""
    },
    "AssetParametersa65237a89419688b887741b81425350f4378738096922b393b8e7becb0b61db8S3VersionKeyA17B1FBA": {
      "Type": "String",
      "Description": "S3 key for asset version \"a65237a89419688b887741b81425350f4378738096922b393b8e7becb0b61db8\""
    },
    "AssetParametersa65237a89419688b887741b81425350f4378738096922b393b8e7becb0b61db8ArtifactHash33C59817": {
      "Type": "String",
      "Description": "Artifact hash for asset \"a65237a89419688b887741b81425350f4378738096922b393b8e7becb0b61db8\""
    }
  }
}